../Drivers/STM32WBxx_HAL_Driver/Inc/stm32wbxx_ll_rcc.h:1679:22:LL_RCC_LSE_SetDriveCapability	1
../Drivers/STM32WBxx_HAL_Driver/Inc/stm32wbxx_ll_bus.h:539:22:LL_AHB2_GRP1_EnableClock	1
../Core/Src/main.c:73:6:HAL_UARTEx_RxEventCallback	10
../Core/Src/main.c:133:5:main	1
../Core/Src/main.c:186:6:SystemClock_Config	3
../Core/Src/main.c:252:6:PeriphCommonClock_Config	2
../Core/Src/main.c:276:13:MX_MEMORYMAP_Init	1
../Core/Src/main.c:297:13:MX_USART1_UART_Init	5
../Core/Src/main.c:345:13:MX_USB_PCD_Init	2
../Core/Src/main.c:378:13:MX_GPIO_Init	1
../Core/Src/main.c:434:6:Error_Handler	1
