../Core/Src/app_freertos.c:104:6:IO_Module_Init	16	static
../Core/Src/app_freertos.c:118:6:HAL_ADC_ConvCpltCallback	16	static
../Core/Src/app_freertos.c:127:6:ADC_Temp_Thread_Start	8	static
../Core/Src/app_freertos.c:135:6:Control_Thread_Init	16	static
../Core/Src/app_freertos.c:143:6:ControlTask	24	static
../Core/Src/app_freertos.c:167:6:CalculateTemp_Thread	16	static
../Core/Src/app_freertos.c:183:6:bitWrite	24	static
../Core/Src/app_freertos.c:196:9:bitRead	24	static
../Core/Src/app_freertos.c:207:6:Screen_Thread	16	static
