../Core/Src/app_freertos.c:125:6:IO_Module_Init	16	static
../Core/Src/app_freertos.c:139:6:HAL_ADC_ConvCpltCallback	16	static
../Core/Src/app_freertos.c:148:6:ADC_Temp_Thread_Start	8	static
../Core/Src/app_freertos.c:156:6:Control_Thread_Init	16	static
../Core/Src/app_freertos.c:166:6:ControlTask	24	static
../Core/Src/app_freertos.c:193:6:CalculateTemp_Thread	16	static
../Core/Src/app_freertos.c:212:6:bitWrite	24	static
../Core/Src/app_freertos.c:225:9:bitRead	24	static
../Core/Src/app_freertos.c:236:6:ControlExecTim	16	static
../Core/Src/app_freertos.c:244:6:Screen_Thread	16	static
