../Drivers/STM32WBxx_HAL_Driver/Inc/stm32wbxx_ll_bus.h:539:22:LL_AHB2_GRP1_EnableClock	24	static
../Drivers/STM32WBxx_HAL_Driver/Inc/stm32wbxx_ll_bus.h:597:22:LL_AHB2_GRP1_DisableClock	16	static
../Drivers/STM32WBxx_HAL_Driver/Inc/stm32wbxx_ll_bus.h:939:22:LL_APB1_GRP1_EnableClock	24	static
../Drivers/STM32WBxx_HAL_Driver/Inc/stm32wbxx_ll_bus.h:1038:22:LL_APB1_GRP1_DisableClock	16	static
../Drivers/STM32WBxx_HAL_Driver/Inc/stm32wbxx_ll_bus.h:1274:22:LL_APB2_GRP1_EnableClock	24	static
../Drivers/STM32WBxx_HAL_Driver/Inc/stm32wbxx_ll_bus.h:1328:22:LL_APB2_GRP1_DisableClock	16	static
../Core/Src/stm32wbxx_hal_msp.c:69:6:HAL_MspInit	8	static
../Core/Src/stm32wbxx_hal_msp.c:90:6:HAL_ADC_MspInit	40	static
../Core/Src/stm32wbxx_hal_msp.c:142:6:HAL_ADC_MspDeInit	16	static
../Core/Src/stm32wbxx_hal_msp.c:173:6:HAL_I2C_MspInit	120	static
../Core/Src/stm32wbxx_hal_msp.c:219:6:HAL_I2C_MspDeInit	16	static
../Core/Src/stm32wbxx_hal_msp.c:250:6:HAL_UART_MspInit	120	static
../Core/Src/stm32wbxx_hal_msp.c:335:6:HAL_UART_MspDeInit	16	static
../Core/Src/stm32wbxx_hal_msp.c:370:6:HAL_PCD_MspInit	40	static
../Core/Src/stm32wbxx_hal_msp.c:406:6:HAL_PCD_MspDeInit	16	static
