C:/Users/G/CODE/proj_STM32/Modbus-STM32-FreeRTOS-RTU/MODBUS-LIB/Src/Modbus.c:101:6:RingAdd	16	static
C:/Users/G/CODE/proj_STM32/Modbus-STM32-FreeRTOS-RTU/MODBUS-LIB/Src/Modbus.c:120:9:RingGetAllBytes	16	static
C:/Users/G/CODE/proj_STM32/Modbus-STM32-FreeRTOS-RTU/MODBUS-LIB/Src/Modbus.c:126:9:RingGetNBytes	32	static
C:/Users/G/CODE/proj_STM32/Modbus-STM32-FreeRTOS-RTU/MODBUS-LIB/Src/Modbus.c:144:9:RingCountBytes	16	static
C:/Users/G/CODE/proj_STM32/Modbus-STM32-FreeRTOS-RTU/MODBUS-LIB/Src/Modbus.c:149:6:RingClear	16	static
C:/Users/G/CODE/proj_STM32/Modbus-STM32-FreeRTOS-RTU/MODBUS-LIB/Src/Modbus.c:182:6:ModbusInit	24	static
C:/Users/G/CODE/proj_STM32/Modbus-STM32-FreeRTOS-RTU/MODBUS-LIB/Src/Modbus.c:275:6:ModbusStart	16	static
C:/Users/G/CODE/proj_STM32/Modbus-STM32-FreeRTOS-RTU/MODBUS-LIB/Src/Modbus.c:388:6:vTimerCallbackT35	32	static
C:/Users/G/CODE/proj_STM32/Modbus-STM32-FreeRTOS-RTU/MODBUS-LIB/Src/Modbus.c:407:6:vTimerCallbackTimeout	24	static
C:/Users/G/CODE/proj_STM32/Modbus-STM32-FreeRTOS-RTU/MODBUS-LIB/Src/Modbus.c:424:6:StartTaskModbusSlave	24	static
C:/Users/G/CODE/proj_STM32/Modbus-STM32-FreeRTOS-RTU/MODBUS-LIB/Src/Modbus.c:534:6:ModbusQuery	16	static
C:/Users/G/CODE/proj_STM32/Modbus-STM32-FreeRTOS-RTU/MODBUS-LIB/Src/Modbus.c:549:6:ModbusQueryInject	16	static
C:/Users/G/CODE/proj_STM32/Modbus-STM32-FreeRTOS-RTU/MODBUS-LIB/Src/Modbus.c:570:8:SendQuery	24	static
C:/Users/G/CODE/proj_STM32/Modbus-STM32-FreeRTOS-RTU/MODBUS-LIB/Src/Modbus.c:678:6:StartTaskModbusMaster	56	static
C:/Users/G/CODE/proj_STM32/Modbus-STM32-FreeRTOS-RTU/MODBUS-LIB/Src/Modbus.c:789:6:get_FC1	32	static
C:/Users/G/CODE/proj_STM32/Modbus-STM32-FreeRTOS-RTU/MODBUS-LIB/Src/Modbus.c:814:6:get_FC3	32	static
C:/Users/G/CODE/proj_STM32/Modbus-STM32-FreeRTOS-RTU/MODBUS-LIB/Src/Modbus.c:835:9:validateAnswer	24	static
C:/Users/G/CODE/proj_STM32/Modbus-STM32-FreeRTOS-RTU/MODBUS-LIB/Src/Modbus.c:882:9:getRxBuffer	24	static
C:/Users/G/CODE/proj_STM32/Modbus-STM32-FreeRTOS-RTU/MODBUS-LIB/Src/Modbus.c:923:9:validateRequest	24	static
C:/Users/G/CODE/proj_STM32/Modbus-STM32-FreeRTOS-RTU/MODBUS-LIB/Src/Modbus.c:1013:10:word	24	static
C:/Users/G/CODE/proj_STM32/Modbus-STM32-FreeRTOS-RTU/MODBUS-LIB/Src/Modbus.c:1031:10:calcCRC	32	static
C:/Users/G/CODE/proj_STM32/Modbus-STM32-FreeRTOS-RTU/MODBUS-LIB/Src/Modbus.c:1064:6:buildException	24	static
C:/Users/G/CODE/proj_STM32/Modbus-STM32-FreeRTOS-RTU/MODBUS-LIB/Src/Modbus.c:1090:13:sendTxBuffer	40	static
C:/Users/G/CODE/proj_STM32/Modbus-STM32-FreeRTOS-RTU/MODBUS-LIB/Src/Modbus.c:1191:8:process_FC1	32	static
C:/Users/G/CODE/proj_STM32/Modbus-STM32-FreeRTOS-RTU/MODBUS-LIB/Src/Modbus.c:1247:8:process_FC3	24	static
C:/Users/G/CODE/proj_STM32/Modbus-STM32-FreeRTOS-RTU/MODBUS-LIB/Src/Modbus.c:1279:8:process_FC5	24	static
C:/Users/G/CODE/proj_STM32/Modbus-STM32-FreeRTOS-RTU/MODBUS-LIB/Src/Modbus.c:1313:8:process_FC6	24	static
C:/Users/G/CODE/proj_STM32/Modbus-STM32-FreeRTOS-RTU/MODBUS-LIB/Src/Modbus.c:1339:8:process_FC15	32	static
C:/Users/G/CODE/proj_STM32/Modbus-STM32-FreeRTOS-RTU/MODBUS-LIB/Src/Modbus.c:1396:8:process_FC16	32	static
