Archive member included to satisfy reference by file (symbol)

C:/ST/STM32CubeIDE_1.13.1/STM32CubeIDE/plugins/com.st.stm32cube.ide.mcu.externaltools.gnu-tools-for-stm32.11.3.rel1.win32_1.1.100.202309141235/tools/bin/../lib/gcc/arm-none-eabi/11.3.1/../../../../arm-none-eabi/lib/thumb/v7e-m+fp/hard\libc_nano.a(libc_a-exit.o)
                              C:/ST/STM32CubeIDE_1.13.1/STM32CubeIDE/plugins/com.st.stm32cube.ide.mcu.externaltools.gnu-tools-for-stm32.11.3.rel1.win32_1.1.100.202309141235/tools/bin/../lib/gcc/arm-none-eabi/11.3.1/../../../../arm-none-eabi/lib/thumb/v7e-m+fp/hard/crt0.o (exit)
C:/ST/STM32CubeIDE_1.13.1/STM32CubeIDE/plugins/com.st.stm32cube.ide.mcu.externaltools.gnu-tools-for-stm32.11.3.rel1.win32_1.1.100.202309141235/tools/bin/../lib/gcc/arm-none-eabi/11.3.1/../../../../arm-none-eabi/lib/thumb/v7e-m+fp/hard\libc_nano.a(libc_a-findfp.o)
                              C:/ST/STM32CubeIDE_1.13.1/STM32CubeIDE/plugins/com.st.stm32cube.ide.mcu.externaltools.gnu-tools-for-stm32.11.3.rel1.win32_1.1.100.202309141235/tools/bin/../lib/gcc/arm-none-eabi/11.3.1/../../../../arm-none-eabi/lib/thumb/v7e-m+fp/hard\libc_nano.a(libc_a-exit.o) (__stdio_exit_handler)
C:/ST/STM32CubeIDE_1.13.1/STM32CubeIDE/plugins/com.st.stm32cube.ide.mcu.externaltools.gnu-tools-for-stm32.11.3.rel1.win32_1.1.100.202309141235/tools/bin/../lib/gcc/arm-none-eabi/11.3.1/../../../../arm-none-eabi/lib/thumb/v7e-m+fp/hard\libc_nano.a(libc_a-fwalk.o)
                              C:/ST/STM32CubeIDE_1.13.1/STM32CubeIDE/plugins/com.st.stm32cube.ide.mcu.externaltools.gnu-tools-for-stm32.11.3.rel1.win32_1.1.100.202309141235/tools/bin/../lib/gcc/arm-none-eabi/11.3.1/../../../../arm-none-eabi/lib/thumb/v7e-m+fp/hard\libc_nano.a(libc_a-findfp.o) (_fwalk_sglue)
C:/ST/STM32CubeIDE_1.13.1/STM32CubeIDE/plugins/com.st.stm32cube.ide.mcu.externaltools.gnu-tools-for-stm32.11.3.rel1.win32_1.1.100.202309141235/tools/bin/../lib/gcc/arm-none-eabi/11.3.1/../../../../arm-none-eabi/lib/thumb/v7e-m+fp/hard\libc_nano.a(libc_a-stdio.o)
                              C:/ST/STM32CubeIDE_1.13.1/STM32CubeIDE/plugins/com.st.stm32cube.ide.mcu.externaltools.gnu-tools-for-stm32.11.3.rel1.win32_1.1.100.202309141235/tools/bin/../lib/gcc/arm-none-eabi/11.3.1/../../../../arm-none-eabi/lib/thumb/v7e-m+fp/hard\libc_nano.a(libc_a-findfp.o) (__sread)
C:/ST/STM32CubeIDE_1.13.1/STM32CubeIDE/plugins/com.st.stm32cube.ide.mcu.externaltools.gnu-tools-for-stm32.11.3.rel1.win32_1.1.100.202309141235/tools/bin/../lib/gcc/arm-none-eabi/11.3.1/../../../../arm-none-eabi/lib/thumb/v7e-m+fp/hard\libc_nano.a(libc_a-memset.o)
                              C:/ST/STM32CubeIDE_1.13.1/STM32CubeIDE/plugins/com.st.stm32cube.ide.mcu.externaltools.gnu-tools-for-stm32.11.3.rel1.win32_1.1.100.202309141235/tools/bin/../lib/gcc/arm-none-eabi/11.3.1/../../../../arm-none-eabi/lib/thumb/v7e-m+fp/hard/crt0.o (memset)
C:/ST/STM32CubeIDE_1.13.1/STM32CubeIDE/plugins/com.st.stm32cube.ide.mcu.externaltools.gnu-tools-for-stm32.11.3.rel1.win32_1.1.100.202309141235/tools/bin/../lib/gcc/arm-none-eabi/11.3.1/../../../../arm-none-eabi/lib/thumb/v7e-m+fp/hard\libc_nano.a(libc_a-closer.o)
                              C:/ST/STM32CubeIDE_1.13.1/STM32CubeIDE/plugins/com.st.stm32cube.ide.mcu.externaltools.gnu-tools-for-stm32.11.3.rel1.win32_1.1.100.202309141235/tools/bin/../lib/gcc/arm-none-eabi/11.3.1/../../../../arm-none-eabi/lib/thumb/v7e-m+fp/hard\libc_nano.a(libc_a-stdio.o) (_close_r)
C:/ST/STM32CubeIDE_1.13.1/STM32CubeIDE/plugins/com.st.stm32cube.ide.mcu.externaltools.gnu-tools-for-stm32.11.3.rel1.win32_1.1.100.202309141235/tools/bin/../lib/gcc/arm-none-eabi/11.3.1/../../../../arm-none-eabi/lib/thumb/v7e-m+fp/hard\libc_nano.a(libc_a-reent.o)
                              C:/ST/STM32CubeIDE_1.13.1/STM32CubeIDE/plugins/com.st.stm32cube.ide.mcu.externaltools.gnu-tools-for-stm32.11.3.rel1.win32_1.1.100.202309141235/tools/bin/../lib/gcc/arm-none-eabi/11.3.1/../../../../arm-none-eabi/lib/thumb/v7e-m+fp/hard\libc_nano.a(libc_a-closer.o) (errno)
C:/ST/STM32CubeIDE_1.13.1/STM32CubeIDE/plugins/com.st.stm32cube.ide.mcu.externaltools.gnu-tools-for-stm32.11.3.rel1.win32_1.1.100.202309141235/tools/bin/../lib/gcc/arm-none-eabi/11.3.1/../../../../arm-none-eabi/lib/thumb/v7e-m+fp/hard\libc_nano.a(libc_a-impure.o)
                              C:/ST/STM32CubeIDE_1.13.1/STM32CubeIDE/plugins/com.st.stm32cube.ide.mcu.externaltools.gnu-tools-for-stm32.11.3.rel1.win32_1.1.100.202309141235/tools/bin/../lib/gcc/arm-none-eabi/11.3.1/../../../../arm-none-eabi/lib/thumb/v7e-m+fp/hard\libc_nano.a(libc_a-reent.o) (_impure_ptr)
C:/ST/STM32CubeIDE_1.13.1/STM32CubeIDE/plugins/com.st.stm32cube.ide.mcu.externaltools.gnu-tools-for-stm32.11.3.rel1.win32_1.1.100.202309141235/tools/bin/../lib/gcc/arm-none-eabi/11.3.1/../../../../arm-none-eabi/lib/thumb/v7e-m+fp/hard\libc_nano.a(libc_a-lseekr.o)
[...]
Memory Configuration

Name             Origin             Length             Attributes
FLASH            0x0000000008000000 0x0000000000080000 xr
RAM1             0x0000000020000008 0x000000000002fff8 xrw
RAM_SHARED       0x0000000020030000 0x0000000000002800 xrw
*default*        0x0000000000000000 0xffffffffffffffff

Linker script and memory map

LOAD C:/ST/STM32CubeIDE_1.13.1/STM32CubeIDE/plugins/com.st.stm32cube.ide.mcu.externaltools.gnu-tools-for-stm32.11.3.rel1.win32_1.1.100.202309141235/tools/bin/../lib/gcc/arm-none-eabi/11.3.1/thumb/v7e-m+fp/hard/crti.o
LOAD C:/ST/STM32CubeIDE_1.13.1/STM32CubeIDE/plugins/com.st.stm32cube.ide.mcu.externaltools.gnu-tools-for-stm32.11.3.rel1.win32_1.1.100.202309141235/tools/bin/../lib/gcc/arm-none-eabi/11.3.1/thumb/v7e-m+fp/hard/crtbegin.o
LOAD C:/ST/STM32CubeIDE_1.13.1/STM32CubeIDE/plugins/com.st.stm32cube.ide.mcu.externaltools.gnu-tools-for-stm32.11.3.rel1.win32_1.1.100.202309141235/tools/bin/../lib/gcc/arm-none-eabi/11.3.1/../../../../arm-none-eabi/lib/thumb/v7e-m+fp/hard/crt0.o
LOAD ./Core/Src/app_freertos.o
LOAD ./Core/Src/main.o
LOAD ./Core/Src/stm32wbxx_hal_msp.o
LOAD ./Core/Src/stm32wbxx_hal_timebase_tim.o
LOAD ./Core/Src/stm32wbxx_it.o
LOAD ./Core/Src/syscalls.o
LOAD ./Core/Src/sysmem.o
LOAD ./Core/Src/system_stm32wbxx.o
LOAD ./Core/Startup/startup_stm32wb55rgvx.o
LOAD ./Drivers/STM32WBxx_HAL_Driver/Src/stm32wbxx_hal.o
LOAD ./Drivers/STM32WBxx_HAL_Driver/Src/stm32wbxx_hal_adc.o
LOAD ./Drivers/STM32WBxx_HAL_Driver/Src/stm32wbxx_hal_adc_ex.o
LOAD ./Drivers/STM32WBxx_HAL_Driver/Src/stm32wbxx_hal_cortex.o
LOAD ./Drivers/STM32WBxx_HAL_Driver/Src/stm32wbxx_hal_dma.o
LOAD ./Drivers/STM32WBxx_HAL_Driver/Src/stm32wbxx_hal_dma_ex.o
LOAD ./Drivers/STM32WBxx_HAL_Driver/Src/stm32wbxx_hal_exti.o
LOAD ./Drivers/STM32WBxx_HAL_Driver/Src/stm32wbxx_hal_flash.o
LOAD ./Drivers/STM32WBxx_HAL_Driver/Src/stm32wbxx_hal_flash_ex.o
LOAD ./Drivers/STM32WBxx_HAL_Driver/Src/stm32wbxx_hal_gpio.o
LOAD ./Drivers/STM32WBxx_HAL_Driver/Src/stm32wbxx_hal_hsem.o
LOAD ./Drivers/STM32WBxx_HAL_Driver/Src/stm32wbxx_hal_pcd.o
LOAD ./Drivers/STM32WBxx_HAL_Driver/Src/stm32wbxx_hal_pcd_ex.o
LOAD ./Drivers/STM32WBxx_HAL_Driver/Src/stm32wbxx_hal_pwr.o
LOAD ./Drivers/STM32WBxx_HAL_Driver/Src/stm32wbxx_hal_pwr_ex.o
LOAD ./Drivers/STM32WBxx_HAL_Driver/Src/stm32wbxx_hal_rcc.o
LOAD ./Drivers/STM32WBxx_HAL_Driver/Src/stm32wbxx_hal_rcc_ex.o
LOAD ./Drivers/STM32WBxx_HAL_Driver/Src/stm32wbxx_hal_tim.o
LOAD ./Drivers/STM32WBxx_HAL_Driver/Src/stm32wbxx_hal_tim_ex.o
LOAD ./Drivers/STM32WBxx_HAL_Driver/Src/stm32wbxx_hal_uart.o
LOAD ./Drivers/STM32WBxx_HAL_Driver/Src/stm32wbxx_hal_uart_ex.o
LOAD ./Drivers/STM32WBxx_HAL_Driver/Src/stm32wbxx_ll_adc.o
LOAD ./Drivers/STM32WBxx_HAL_Driver/Src/stm32wbxx_ll_rcc.o
LOAD ./Drivers/STM32WBxx_HAL_Driver/Src/stm32wbxx_ll_usb.o
LOAD ./Middlewares/Third_Party/FreeRTOS/Source/CMSIS_RTOS_V2/cmsis_os2.o
LOAD ./Middlewares/Third_Party/FreeRTOS/Source/croutine.o
LOAD ./Middlewares/Third_Party/FreeRTOS/Source/event_groups.o
LOAD ./Middlewares/Third_Party/FreeRTOS/Source/list.o
LOAD ./Middlewares/Third_Party/FreeRTOS/Source/queue.o
LOAD ./Middlewares/Third_Party/FreeRTOS/Source/stream_buffer.o
LOAD ./Middlewares/Third_Party/FreeRTOS/Source/tasks.o
LOAD ./Middlewares/Third_Party/FreeRTOS/Source/timers.o
LOAD ./Middlewares/Third_Party/FreeRTOS/Source/portable/GCC/ARM_CM4F/port.o
LOAD ./Middlewares/Third_Party/FreeRTOS/Source/portable/MemMang/heap_4.o
LOAD ./Middlewares/Third_Party/MODBUS-LIB/Src/Modbus.o
LOAD ./Middlewares/Third_Party/MODBUS-LIB/Src/UARTCallback.o
START GROUP
LOAD C:/ST/STM32CubeIDE_1.13.1/STM32CubeIDE/plugins/com.st.stm32cube.ide.mcu.externaltools.gnu-tools-for-stm32.11.3.rel1.win32_1.1.100.202309141235/tools/bin/../lib/gcc/arm-none-eabi/11.3.1/../../../../arm-none-eabi/lib/thumb/v7e-m+fp/hard\libc_nano.a
LOAD C:/ST/STM32CubeIDE_1.13.1/STM32CubeIDE/plugins/com.st.stm32cube.ide.mcu.externaltools.gnu-tools-for-stm32.11.3.rel1.win32_1.1.100.202309141235/tools/bin/../lib/gcc/arm-none-eabi/11.3.1/../../../../arm-none-eabi/lib/thumb/v7e-m+fp/hard\libm.a
END GROUP
START GROUP
LOAD C:/ST/STM32CubeIDE_1.13.1/STM32CubeIDE/plugins/com.st.stm32cube.ide.mcu.externaltools.gnu-tools-for-stm32.11.3.rel1.win32_1.1.100.202309141235/tools/bin/../lib/gcc/arm-none-eabi/11.3.1/thumb/v7e-m+fp/hard\libgcc.a
LOAD C:/ST/STM32CubeIDE_1.13.1/STM32CubeIDE/plugins/com.st.stm32cube.ide.mcu.externaltools.gnu-tools-for-stm32.11.3.rel1.win32_1.1.100.202309141235/tools/bin/../lib/gcc/arm-none-eabi/11.3.1/../../../../arm-none-eabi/lib/thumb/v7e-m+fp/hard\libc_nano.a
END GROUP
START GROUP
LOAD C:/ST/STM32CubeIDE_1.13.1/STM32CubeIDE/plugins/com.st.stm32cube.ide.mcu.externaltools.gnu-tools-for-stm32.11.3.rel1.win32_1.1.100.202309141235/tools/bin/../lib/gcc/arm-none-eabi/11.3.1/thumb/v7e-m+fp/hard\libgcc.a
LOAD C:/ST/STM32CubeIDE_1.13.1/STM32CubeIDE/plugins/com.st.stm32cube.ide.mcu.externaltools.gnu-tools-for-stm32.11.3.rel1.win32_1.1.100.202309141235/tools/bin/../lib/gcc/arm-none-eabi/11.3.1/../../../../arm-none-eabi/lib/thumb/v7e-m+fp/hard\libc_nano.a
LOAD C:/ST/STM32CubeIDE_1.13.1/STM32CubeIDE/plugins/com.st.stm32cube.ide.mcu.externaltools.gnu-tools-for-stm32.11.3.rel1.win32_1.1.100.202309141235/tools/bin/../lib/gcc/arm-none-eabi/11.3.1/../../../../arm-none-eabi/lib/thumb/v7e-m+fp/hard\libnosys.a
END GROUP
START GROUP
LOAD C:/ST/STM32CubeIDE_1.13.1/STM32CubeIDE/plugins/com.st.stm32cube.ide.mcu.externaltools.gnu-tools-for-stm32.11.3.rel1.win32_1.1.100.202309141235/tools/bin/../lib/gcc/arm-none-eabi/11.3.1/thumb/v7e-m+fp/hard\libgcc.a
LOAD C:/ST/STM32CubeIDE_1.13.1/STM32CubeIDE/plugins/com.st.stm32cube.ide.mcu.externaltools.gnu-tools-for-stm32.11.3.rel1.win32_1.1.100.202309141235/tools/bin/../lib/gcc/arm-none-eabi/11.3.1/../../../../arm-none-eabi/lib/thumb/v7e-m+fp/hard\libc_nano.a
LOAD C:/ST/STM32CubeIDE_1.13.1/STM32CubeIDE/plugins/com.st.stm32cube.ide.mcu.externaltools.gnu-tools-for-stm32.11.3.rel1.win32_1.1.100.202309141235/tools/bin/../lib/gcc/arm-none-eabi/11.3.1/../../../../arm-none-eabi/lib/thumb/v7e-m+fp/hard\libnosys.a
END GROUP
LOAD C:/ST/STM32CubeIDE_1.13.1/STM32CubeIDE/plugins/com.st.stm32cube.ide.mcu.externaltools.gnu-tools-for-stm32.11.3.rel1.win32_1.1.100.202309141235/tools/bin/../lib/gcc/arm-none-eabi/11.3.1/thumb/v7e-m+fp/hard/crtend.o
LOAD C:/ST/STM32CubeIDE_1.13.1/STM32CubeIDE/plugins/com.st.stm32cube.ide.mcu.externaltools.gnu-tools-for-stm32.11.3.rel1.win32_1.1.100.202309141235/tools/bin/../lib/gcc/arm-none-eabi/11.3.1/thumb/v7e-m+fp/hard/crtn.o
                0x0000000020030000                _estack = (ORIGIN (RAM1) + LENGTH (RAM1))
                0x0000000000000200                _Min_Heap_Size = 0x200
                0x0000000000000400                _Min_Stack_Size = 0x400

.isr_vector     0x0000000008000000      0x13c
                0x0000000008000000                . = ALIGN (0x4)
 *(.isr_vector)
 .isr_vector    0x0000000008000000      0x13c ./Core/Startup/startup_stm32wb55rgvx.o
                0x0000000008000000                g_pfnVectors
                0x000000000800013c                . = ALIGN (0x4)

.text           0x0000000008000140     0xe9b8
                0x0000000008000140                . = ALIGN (0x4)
 *(.text)
 .text          0x0000000008000140       0x40 C:/ST/STM32CubeIDE_1.13.1/STM32CubeIDE/plugins/com.st.stm32cube.ide.mcu.externaltools.gnu-tools-for-stm32.11.3.rel1.win32_1.1.100.202309141235/tools/bin/../lib/gcc/arm-none-eabi/11.3.1/thumb/v7e-m+fp/hard/crtbegin.o
 .text          0x0000000008000180      0x378 C:/ST/STM32CubeIDE_1.13.1/STM32CubeIDE/plugins/com.st.stm32cube.ide.mcu.externaltools.gnu-tools-for-stm32.11.3.rel1.win32_1.1.100.202309141235/tools/bin/../lib/gcc/arm-none-eabi/11.3.1/thumb/v7e-m+fp/hard\libgcc.a(_arm_addsubdf3.o)
                0x0000000008000180                __aeabi_drsub
                0x0000000008000188                __aeabi_dsub
                0x0000000008000188                __subdf3
                0x000000000800018c                __aeabi_dadd
                0x000000000800018c                __adddf3
                0x0000000008000404                __floatunsidf
                0x0000000008000404                __aeabi_ui2d
                0x0000000008000424                __floatsidf
                0x0000000008000424                __aeabi_i2d
                0x0000000008000448                __aeabi_f2d
                0x0000000008000448                __extendsfdf2
                0x000000000800048c                __floatundidf
                0x000000000800048c                __aeabi_ul2d
                0x000000000800049c                __floatdidf
                0x000000000800049c                __aeabi_l2d
 .text          0x00000000080004f8      0x424 C:/ST/STM32CubeIDE_1.13.1/STM32CubeIDE/plugins/com.st.stm32cube.ide.mcu.externaltools.gnu-tools-for-stm32.11.3.rel1.win32_1.1.100.202309141235/tools/bin/../lib/gcc/arm-none-eabi/11.3.1/thumb/v7e-m+fp/hard\libgcc.a(_arm_muldivdf3.o)
                0x00000000080004f8                __aeabi_dmul
                0x00000000080004f8                __muldf3
                0x000000000800074c                __divdf3
                0x000000000800074c                __aeabi_ddiv
 .text          0x000000000800091c       0x30 C:/ST/STM32CubeIDE_1.13.1/STM32CubeIDE/plugins/com.st.stm32cube.ide.mcu.externaltools.gnu-tools-for-stm32.11.3.rel1.win32_1.1.100.202309141235/tools/bin/../lib/gcc/arm-none-eabi/11.3.1/thumb/v7e-m+fp/hard\libgcc.a(_aeabi_uldivmod.o)
                0x000000000800091c                __aeabi_uldivmod
 .text          0x000000000800094c      0x2c8 C:/ST/STM32CubeIDE_1.13.1/STM32CubeIDE/plugins/com.st.stm32cube.ide.mcu.externaltools.gnu-tools-for-stm32.11.3.rel1.win32_1.1.100.202309141235/tools/bin/../lib/gcc/arm-none-eabi/11.3.1/thumb/v7e-m+fp/hard\libgcc.a(_udivmoddi4.o)
                0x000000000800094c                __udivmoddi4
 .text          0x0000000008000c14        0x4 C:/ST/STM32CubeIDE_1.13.1/STM32CubeIDE/plugins/com.st.stm32cube.ide.mcu.externaltools.gnu-tools-for-stm32.11.3.rel1.win32_1.1.100.202309141235/tools/bin/../lib/gcc/arm-none-eabi/11.3.1/thumb/v7e-m+fp/hard\libgcc.a(_dvmd_tls.o)
                0x0000000008000c14                __aeabi_idiv0
                0x0000000008000c14                __aeabi_ldiv0
 *(.text*)
 .text.ADC_Temp_Thread_Start
                0x0000000008000c18       0x38 ./Core/Src/app_freertos.o
                0x0000000008000c18                ADC_Temp_Thread_Start
 .text.Control_Thread_Init
                0x0000000008000c50       0x24 ./Core/Src/app_freertos.o
                0x0000000008000c50                Control_Thread_Init
 .text.LL_RCC_LSE_SetDriveCapability
                0x0000000008000c74       0x2c ./Core/Src/main.o
 .text.LL_AHB1_GRP1_EnableClock
                0x0000000008000ca0       0x32 ./Core/Src/main.o
 .text.LL_AHB2_GRP1_EnableClock
                0x0000000008000cd2       0x32 ./Core/Src/main.o
 .text.main     0x0000000008000d04       0xb0 ./Core/Src/main.o
                0x0000000008000d04                main
 .text.SystemClock_Config
                0x0000000008000db4       0xec ./Core/Src/main.o
                0x0000000008000db4                SystemClock_Config
 .text.PeriphCommonClock_Config
                0x0000000008000ea0       0x62 ./Core/Src/main.o
                0x0000000008000ea0                PeriphCommonClock_Config
 *fill*         0x0000000008000f02        0x2 
 .text.MX_ADC1_Init
                0x0000000008000f04       0xc8 ./Core/Src/main.o
 .text.MX_USART1_UART_Init
                0x0000000008000fcc       0x98 ./Core/Src/main.o
 .text.MX_USB_PCD_Init
                0x0000000008001064       0x50 ./Core/Src/main.o
 .text.MX_DMA_Init
                0x00000000080010b4       0x44 ./Core/Src/main.o
 .text.MX_GPIO_Init
                0x00000000080010f8       0xdc ./Core/Src/main.o
 .text.HAL_ADC_ConvCpltCallback
                0x00000000080011d4       0x20 ./Core/Src/main.o
                0x00000000080011d4                HAL_ADC_ConvCpltCallback
 *fill*         0x00000000080011f4        0x4 
 .text.CalculateTemp_Thread
                0x00000000080011f8       0xc8 ./Core/Src/main.o
                0x00000000080011f8                CalculateTemp_Thread
 .text.ControlTask
                0x00000000080012c0       0x10 ./Core/Src/main.o
                0x00000000080012c0                ControlTask
 .text.StartDefaultTask
                0x00000000080012d0       0x10 ./Core/Src/main.o
                0x00000000080012d0                StartDefaultTask
 .text.HAL_TIM_PeriodElapsedCallback
                0x00000000080012e0       0x24 ./Core/Src/main.o
                0x00000000080012e0                HAL_TIM_PeriodElapsedCallback
 .text.Error_Handler
                0x0000000008001304        0xa ./Core/Src/main.o
                0x0000000008001304                Error_Handler
 .text.LL_AHB2_GRP1_EnableClock
                0x000000000800130e       0x32 ./Core/Src/stm32wbxx_hal_msp.o
 .text.LL_APB1_GRP1_EnableClock
                0x0000000008001340       0x32 ./Core/Src/stm32wbxx_hal_msp.o
 .text.LL_APB2_GRP1_EnableClock
                0x0000000008001372       0x32 ./Core/Src/stm32wbxx_hal_msp.o
 .text.HAL_MspInit
                0x00000000080013a4       0x14 ./Core/Src/stm32wbxx_hal_msp.o
                0x00000000080013a4                HAL_MspInit
 .text.HAL_ADC_MspInit
                0x00000000080013b8       0xc4 ./Core/Src/stm32wbxx_hal_msp.o
                0x00000000080013b8                HAL_ADC_MspInit
 .text.HAL_UART_MspInit
                0x000000000800147c      0x150 ./Core/Src/stm32wbxx_hal_msp.o
                0x000000000800147c                HAL_UART_MspInit
 .text.HAL_PCD_MspInit
                0x00000000080015cc       0x60 ./Core/Src/stm32wbxx_hal_msp.o
                0x00000000080015cc                HAL_PCD_MspInit
 .text.LL_APB2_GRP1_EnableClock
                0x000000000800162c       0x32 ./Core/Src/stm32wbxx_hal_timebase_tim.o
 *fill*         0x000000000800165e        0x2 
 .text.HAL_InitTick
                0x0000000008001660       0x98 ./Core/Src/stm32wbxx_hal_timebase_tim.o
                0x0000000008001660                HAL_InitTick
 .text.NMI_Handler
                0x00000000080016f8        0x6 ./Core/Src/stm32wbxx_it.o
                0x00000000080016f8                NMI_Handler
 .text.HardFault_Handler
                0x00000000080016fe        0x6 ./Core/Src/stm32wbxx_it.o
                0x00000000080016fe                HardFault_Handler
 .text.MemManage_Handler
                0x0000000008001704        0x6 ./Core/Src/stm32wbxx_it.o
                0x0000000008001704                MemManage_Handler
 .text.BusFault_Handler
                0x000000000800170a        0x6 ./Core/Src/stm32wbxx_it.o
                0x000000000800170a                BusFault_Handler
 .text.UsageFault_Handler
                0x0000000008001710        0x6 ./Core/Src/stm32wbxx_it.o
                0x0000000008001710                UsageFault_Handler
 .text.DebugMon_Handler
                0x0000000008001716        0xe ./Core/Src/stm32wbxx_it.o
                0x0000000008001716                DebugMon_Handler
 .text.DMA1_Channel1_IRQHandler
                0x0000000008001724       0x14 ./Core/Src/stm32wbxx_it.o
                0x0000000008001724                DMA1_Channel1_IRQHandler
 .text.DMA1_Channel2_IRQHandler
                0x0000000008001738       0x14 ./Core/Src/stm32wbxx_it.o
                0x0000000008001738                DMA1_Channel2_IRQHandler
 .text.DMA1_Channel3_IRQHandler
                0x000000000800174c       0x14 ./Core/Src/stm32wbxx_it.o
                0x000000000800174c                DMA1_Channel3_IRQHandler
 .text.ADC1_IRQHandler
                0x0000000008001760       0x14 ./Core/Src/stm32wbxx_it.o
                0x0000000008001760                ADC1_IRQHandler
 .text.TIM1_UP_TIM16_IRQHandler
                0x0000000008001774       0x14 ./Core/Src/stm32wbxx_it.o
                0x0000000008001774                TIM1_UP_TIM16_IRQHandler
 .text.USART1_IRQHandler
                0x0000000008001788       0x14 ./Core/Src/stm32wbxx_it.o
                0x0000000008001788                USART1_IRQHandler
 .text.SystemInit
                0x000000000800179c       0xa4 ./Core/Src/system_stm32wbxx.o
                0x000000000800179c                SystemInit
 .text.data_initializers
                0x0000000008001840       0x18 ./Core/Startup/startup_stm32wb55rgvx.o
 .text.Reset_Handler
                0x0000000008001858       0x58 ./Core/Startup/startup_stm32wb55rgvx.o
                0x0000000008001858                Reset_Handler
 .text.Default_Handler
                0x00000000080018b0        0x2 ./Core/Startup/startup_stm32wb55rgvx.o
                0x00000000080018b0                RTC_Alarm_IRQHandler
                0x00000000080018b0                EXTI2_IRQHandler
                0x00000000080018b0                TIM1_CC_IRQHandler
                0x00000000080018b0                TSC_IRQHandler
                0x00000000080018b0                USB_HP_IRQHandler
                0x00000000080018b0                EXTI3_IRQHandler
                0x00000000080018b0                LPTIM2_IRQHandler
                0x00000000080018b0                I2C3_ER_IRQHandler
                0x00000000080018b0                EXTI0_IRQHandler
                0x00000000080018b0                FPU_IRQHandler
                0x00000000080018b0                AES1_IRQHandler
                0x00000000080018b0                SPI1_IRQHandler
                0x00000000080018b0                PWR_SOTF_BLEACT_802ACT_RFPHASE_IRQHandler
                0x00000000080018b0                DMA2_Channel2_IRQHandler
                0x00000000080018b0                DMA1_Channel4_IRQHandler
                0x00000000080018b0                PKA_IRQHandler
                0x00000000080018b0                DMA1_Channel7_IRQHandler
                0x00000000080018b0                LCD_IRQHandler
                0x00000000080018b0                IPCC_C1_TX_IRQHandler
                0x00000000080018b0                DMA2_Channel1_IRQHandler
                0x00000000080018b0                QUADSPI_IRQHandler
                0x00000000080018b0                I2C1_EV_IRQHandler
                0x00000000080018b0                DMAMUX1_OVR_IRQHandler
                0x00000000080018b0                DMA1_Channel6_IRQHandler
                0x00000000080018b0                DMA2_Channel4_IRQHandler
                0x00000000080018b0                RCC_IRQHandler
                0x00000000080018b0                Default_Handler
                0x00000000080018b0                DMA2_Channel7_IRQHandler
                0x00000000080018b0                EXTI15_10_IRQHandler
                0x00000000080018b0                IPCC_C1_RX_IRQHandler
                0x00000000080018b0                C2SEV_PWR_C2H_IRQHandler
                0x00000000080018b0                AES2_IRQHandler
                0x00000000080018b0                I2C3_EV_IRQHandler
                0x00000000080018b0                EXTI9_5_IRQHandler
                0x00000000080018b0                RTC_WKUP_IRQHandler
                0x00000000080018b0                PVD_PVM_IRQHandler
                0x00000000080018b0                SPI2_IRQHandler
                0x00000000080018b0                DMA2_Channel5_IRQHandler
                0x00000000080018b0                CRS_IRQHandler
                0x00000000080018b0                DMA1_Channel5_IRQHandler
                0x00000000080018b0                USB_LP_IRQHandler
                0x00000000080018b0                EXTI4_IRQHandler
                0x00000000080018b0                RNG_IRQHandler
                0x00000000080018b0                TIM1_TRG_COM_TIM17_IRQHandler
                0x00000000080018b0                TAMP_STAMP_LSECSS_IRQHandler
                0x00000000080018b0                COMP_IRQHandler
                0x00000000080018b0                HSEM_IRQHandler
                0x00000000080018b0                WWDG_IRQHandler
                0x00000000080018b0                LPUART1_IRQHandler
                0x00000000080018b0                DMA2_Channel6_IRQHandler
                0x00000000080018b0                TIM2_IRQHandler
                0x00000000080018b0                TIM1_BRK_IRQHandler
                0x00000000080018b0                EXTI1_IRQHandler
                0x00000000080018b0                FLASH_IRQHandler
                0x00000000080018b0                I2C1_ER_IRQHandler
                0x00000000080018b0                LPTIM1_IRQHandler
                0x00000000080018b0                SAI1_IRQHandler
                0x00000000080018b0                DMA2_Channel3_IRQHandler
 *fill*         0x00000000080018b2        0x2 
 .text.HAL_Init
                0x00000000080018b4       0x40 ./Drivers/STM32WBxx_HAL_Driver/Src/stm32wbxx_hal.o
                0x00000000080018b4                HAL_Init
 .text.HAL_IncTick
                0x00000000080018f4       0x28 ./Drivers/STM32WBxx_HAL_Driver/Src/stm32wbxx_hal.o
                0x00000000080018f4                HAL_IncTick
 .text.HAL_GetTick
                0x000000000800191c       0x18 ./Drivers/STM32WBxx_HAL_Driver/Src/stm32wbxx_hal.o
                0x000000000800191c                HAL_GetTick
 .text.HAL_GetTickPrio
                0x0000000008001934       0x18 ./Drivers/STM32WBxx_HAL_Driver/Src/stm32wbxx_hal.o
                0x0000000008001934                HAL_GetTickPrio
 .text.LL_ADC_SetCommonClock
                0x000000000800194c       0x26 ./Drivers/STM32WBxx_HAL_Driver/Src/stm32wbxx_hal_adc.o
 .text.LL_ADC_SetCommonPathInternalCh
                0x0000000008001972       0x26 ./Drivers/STM32WBxx_HAL_Driver/Src/stm32wbxx_hal_adc.o
 .text.LL_ADC_GetCommonPathInternalCh
                0x0000000008001998       0x1c ./Drivers/STM32WBxx_HAL_Driver/Src/stm32wbxx_hal_adc.o
 .text.LL_ADC_SetOffset
                0x00000000080019b4       0x48 ./Drivers/STM32WBxx_HAL_Driver/Src/stm32wbxx_hal_adc.o
 .text.LL_ADC_GetOffsetChannel
                0x00000000080019fc       0x2c ./Drivers/STM32WBxx_HAL_Driver/Src/stm32wbxx_hal_adc.o
 .text.LL_ADC_SetOffsetState
                0x0000000008001a28       0x36 ./Drivers/STM32WBxx_HAL_Driver/Src/stm32wbxx_hal_adc.o
 .text.LL_ADC_REG_IsTriggerSourceSWStart
                0x0000000008001a5e       0x26 ./Drivers/STM32WBxx_HAL_Driver/Src/stm32wbxx_hal_adc.o
 .text.LL_ADC_REG_SetSequencerRanks
                0x0000000008001a84       0x58 ./Drivers/STM32WBxx_HAL_Driver/Src/stm32wbxx_hal_adc.o
 .text.LL_ADC_REG_GetDMATransfer
                0x0000000008001adc       0x1c ./Drivers/STM32WBxx_HAL_Driver/Src/stm32wbxx_hal_adc.o
 .text.LL_ADC_INJ_IsTriggerSourceSWStart
                0x0000000008001af8       0x26 ./Drivers/STM32WBxx_HAL_Driver/Src/stm32wbxx_hal_adc.o
 .text.LL_ADC_SetChannelSamplingTime
                0x0000000008001b1e       0x56 ./Drivers/STM32WBxx_HAL_Driver/Src/stm32wbxx_hal_adc.o
 .text.LL_ADC_SetChannelSingleDiff
                0x0000000008001b74       0x48 ./Drivers/STM32WBxx_HAL_Driver/Src/stm32wbxx_hal_adc.o
 .text.LL_ADC_DisableDeepPowerDown
                0x0000000008001bbc       0x24 ./Drivers/STM32WBxx_HAL_Driver/Src/stm32wbxx_hal_adc.o
 .text.LL_ADC_IsDeepPowerDownEnabled
                0x0000000008001be0       0x28 ./Drivers/STM32WBxx_HAL_Driver/Src/stm32wbxx_hal_adc.o
 .text.LL_ADC_EnableInternalRegulator
                0x0000000008001c08       0x28 ./Drivers/STM32WBxx_HAL_Driver/Src/stm32wbxx_hal_adc.o
 .text.LL_ADC_IsInternalRegulatorEnabled
                0x0000000008001c30       0x28 ./Drivers/STM32WBxx_HAL_Driver/Src/stm32wbxx_hal_adc.o
 .text.LL_ADC_Enable
                0x0000000008001c58       0x28 ./Drivers/STM32WBxx_HAL_Driver/Src/stm32wbxx_hal_adc.o
 .text.LL_ADC_Disable
                0x0000000008001c80       0x28 ./Drivers/STM32WBxx_HAL_Driver/Src/stm32wbxx_hal_adc.o
 .text.LL_ADC_IsEnabled
                0x0000000008001ca8       0x26 ./Drivers/STM32WBxx_HAL_Driver/Src/stm32wbxx_hal_adc.o
 .text.LL_ADC_IsDisableOngoing
                0x0000000008001cce       0x26 ./Drivers/STM32WBxx_HAL_Driver/Src/stm32wbxx_hal_adc.o
 .text.LL_ADC_REG_StartConversion
                0x0000000008001cf4       0x28 ./Drivers/STM32WBxx_HAL_Driver/Src/stm32wbxx_hal_adc.o
 .text.LL_ADC_REG_StopConversion
                0x0000000008001d1c       0x28 ./Drivers/STM32WBxx_HAL_Driver/Src/stm32wbxx_hal_adc.o
 .text.LL_ADC_REG_IsConversionOngoing
                0x0000000008001d44       0x26 ./Drivers/STM32WBxx_HAL_Driver/Src/stm32wbxx_hal_adc.o
 .text.LL_ADC_INJ_StopConversion
                0x0000000008001d6a       0x28 ./Drivers/STM32WBxx_HAL_Driver/Src/stm32wbxx_hal_adc.o
 .text.LL_ADC_INJ_IsConversionOngoing
                0x0000000008001d92       0x26 ./Drivers/STM32WBxx_HAL_Driver/Src/stm32wbxx_hal_adc.o
 .text.HAL_ADC_Init
                0x0000000008001db8      0x298 ./Drivers/STM32WBxx_HAL_Driver/Src/stm32wbxx_hal_adc.o
                0x0000000008001db8                HAL_ADC_Init
 .text.HAL_ADC_Start_DMA
                0x0000000008002050      0x108 ./Drivers/STM32WBxx_HAL_Driver/Src/stm32wbxx_hal_adc.o
                0x0000000008002050                HAL_ADC_Start_DMA
 .text.HAL_ADC_Stop_DMA
                0x0000000008002158       0xc2 ./Drivers/STM32WBxx_HAL_Driver/Src/stm32wbxx_hal_adc.o
                0x0000000008002158                HAL_ADC_Stop_DMA
 .text.HAL_ADC_IRQHandler
                0x000000000800221a      0x36c ./Drivers/STM32WBxx_HAL_Driver/Src/stm32wbxx_hal_adc.o
                0x000000000800221a                HAL_ADC_IRQHandler
 .text.HAL_ADC_ConvHalfCpltCallback
                0x0000000008002586       0x14 ./Drivers/STM32WBxx_HAL_Driver/Src/stm32wbxx_hal_adc.o
                0x0000000008002586                HAL_ADC_ConvHalfCpltCallback
 .text.HAL_ADC_LevelOutOfWindowCallback
                0x000000000800259a       0x14 ./Drivers/STM32WBxx_HAL_Driver/Src/stm32wbxx_hal_adc.o
                0x000000000800259a                HAL_ADC_LevelOutOfWindowCallback
 .text.HAL_ADC_ErrorCallback
                0x00000000080025ae       0x14 ./Drivers/STM32WBxx_HAL_Driver/Src/stm32wbxx_hal_adc.o
                0x00000000080025ae                HAL_ADC_ErrorCallback
 *fill*         0x00000000080025c2        0x2 
 .text.HAL_ADC_ConfigChannel
                0x00000000080025c4      0x78c ./Drivers/STM32WBxx_HAL_Driver/Src/stm32wbxx_hal_adc.o
                0x00000000080025c4                HAL_ADC_ConfigChannel
 .text.ADC_ConversionStop
                0x0000000008002d50      0x178 ./Drivers/STM32WBxx_HAL_Driver/Src/stm32wbxx_hal_adc.o
                0x0000000008002d50                ADC_ConversionStop
 .text.ADC_Enable
                0x0000000008002ec8       0xf4 ./Drivers/STM32WBxx_HAL_Driver/Src/stm32wbxx_hal_adc.o
                0x0000000008002ec8                ADC_Enable
 .text.ADC_Disable
                0x0000000008002fbc       0xbe ./Drivers/STM32WBxx_HAL_Driver/Src/stm32wbxx_hal_adc.o
                0x0000000008002fbc                ADC_Disable
 .text.ADC_DMAConvCplt
                0x000000000800307a       0xd8 ./Drivers/STM32WBxx_HAL_Driver/Src/stm32wbxx_hal_adc.o
                0x000000000800307a                ADC_DMAConvCplt
 .text.ADC_DMAHalfConvCplt
                0x0000000008003152       0x1c ./Drivers/STM32WBxx_HAL_Driver/Src/stm32wbxx_hal_adc.o
                0x0000000008003152                ADC_DMAHalfConvCplt
 .text.ADC_DMAError
                0x000000000800316e       0x34 ./Drivers/STM32WBxx_HAL_Driver/Src/stm32wbxx_hal_adc.o
                0x000000000800316e                ADC_DMAError
 .text.LL_ADC_StartCalibration
                0x00000000080031a2       0x32 ./Drivers/STM32WBxx_HAL_Driver/Src/stm32wbxx_hal_adc_ex.o
 .text.LL_ADC_IsCalibrationOnGoing
                0x00000000080031d4       0x28 ./Drivers/STM32WBxx_HAL_Driver/Src/stm32wbxx_hal_adc_ex.o
 .text.HAL_ADCEx_Calibration_Start
                0x00000000080031fc       0xc4 ./Drivers/STM32WBxx_HAL_Driver/Src/stm32wbxx_hal_adc_ex.o
                0x00000000080031fc                HAL_ADCEx_Calibration_Start
 .text.HAL_ADCEx_InjectedConvCpltCallback
                0x00000000080032c0       0x14 ./Drivers/STM32WBxx_HAL_Driver/Src/stm32wbxx_hal_adc_ex.o
                0x00000000080032c0                HAL_ADCEx_InjectedConvCpltCallback
 .text.HAL_ADCEx_InjectedQueueOverflowCallback
                0x00000000080032d4       0x14 ./Drivers/STM32WBxx_HAL_Driver/Src/stm32wbxx_hal_adc_ex.o
                0x00000000080032d4                HAL_ADCEx_InjectedQueueOverflowCallback
 .text.HAL_ADCEx_LevelOutOfWindow2Callback
                0x00000000080032e8       0x14 ./Drivers/STM32WBxx_HAL_Driver/Src/stm32wbxx_hal_adc_ex.o
                0x00000000080032e8                HAL_ADCEx_LevelOutOfWindow2Callback
 .text.HAL_ADCEx_LevelOutOfWindow3Callback
                0x00000000080032fc       0x14 ./Drivers/STM32WBxx_HAL_Driver/Src/stm32wbxx_hal_adc_ex.o
                0x00000000080032fc                HAL_ADCEx_LevelOutOfWindow3Callback
 .text.HAL_ADCEx_EndOfSamplingCallback
                0x0000000008003310       0x14 ./Drivers/STM32WBxx_HAL_Driver/Src/stm32wbxx_hal_adc_ex.o
                0x0000000008003310                HAL_ADCEx_EndOfSamplingCallback
 .text.__NVIC_SetPriorityGrouping
                0x0000000008003324       0x48 ./Drivers/STM32WBxx_HAL_Driver/Src/stm32wbxx_hal_cortex.o
 .text.__NVIC_GetPriorityGrouping
                0x000000000800336c       0x1c ./Drivers/STM32WBxx_HAL_Driver/Src/stm32wbxx_hal_cortex.o
 .text.__NVIC_EnableIRQ
                0x0000000008003388       0x3c ./Drivers/STM32WBxx_HAL_Driver/Src/stm32wbxx_hal_cortex.o
 .text.__NVIC_SetPriority
                0x00000000080033c4       0x54 ./Drivers/STM32WBxx_HAL_Driver/Src/stm32wbxx_hal_cortex.o
 .text.NVIC_EncodePriority
                0x0000000008003418       0x66 ./Drivers/STM32WBxx_HAL_Driver/Src/stm32wbxx_hal_cortex.o
 .text.HAL_NVIC_SetPriorityGrouping
                0x000000000800347e       0x16 ./Drivers/STM32WBxx_HAL_Driver/Src/stm32wbxx_hal_cortex.o
                0x000000000800347e                HAL_NVIC_SetPriorityGrouping
 .text.HAL_NVIC_SetPriority
                0x0000000008003494       0x34 ./Drivers/STM32WBxx_HAL_Driver/Src/stm32wbxx_hal_cortex.o
                0x0000000008003494                HAL_NVIC_SetPriority
 .text.HAL_NVIC_EnableIRQ
                0x00000000080034c8       0x1c ./Drivers/STM32WBxx_HAL_Driver/Src/stm32wbxx_hal_cortex.o
                0x00000000080034c8                HAL_NVIC_EnableIRQ
 .text.HAL_DMA_Init
                0x00000000080034e4      0x150 ./Drivers/STM32WBxx_HAL_Driver/Src/stm32wbxx_hal_dma.o
                0x00000000080034e4                HAL_DMA_Init
 .text.HAL_DMA_Start_IT
                0x0000000008003634       0xf6 ./Drivers/STM32WBxx_HAL_Driver/Src/stm32wbxx_hal_dma.o
                0x0000000008003634                HAL_DMA_Start_IT
 .text.HAL_DMA_Abort
                0x000000000800372a       0xbe ./Drivers/STM32WBxx_HAL_Driver/Src/stm32wbxx_hal_dma.o
                0x000000000800372a                HAL_DMA_Abort
 .text.HAL_DMA_Abort_IT
                0x00000000080037e8       0xbe ./Drivers/STM32WBxx_HAL_Driver/Src/stm32wbxx_hal_dma.o
                0x00000000080037e8                HAL_DMA_Abort_IT
 .text.HAL_DMA_IRQHandler
                0x00000000080038a6      0x15e ./Drivers/STM32WBxx_HAL_Driver/Src/stm32wbxx_hal_dma.o
                0x00000000080038a6                HAL_DMA_IRQHandler
 .text.HAL_DMA_GetError
                0x0000000008003a04       0x18 ./Drivers/STM32WBxx_HAL_Driver/Src/stm32wbxx_hal_dma.o
                0x0000000008003a04                HAL_DMA_GetError
 .text.DMA_SetConfig
                0x0000000008003a1c       0x7c ./Drivers/STM32WBxx_HAL_Driver/Src/stm32wbxx_hal_dma.o
 .text.DMA_CalcDMAMUXChannelBaseAndMask
                0x0000000008003a98       0x7c ./Drivers/STM32WBxx_HAL_Driver/Src/stm32wbxx_hal_dma.o
 .text.DMA_CalcDMAMUXRequestGenBaseAndMask
                0x0000000008003b14       0x4c ./Drivers/STM32WBxx_HAL_Driver/Src/stm32wbxx_hal_dma.o
 .text.HAL_GPIO_Init
                0x0000000008003b60      0x2e0 ./Drivers/STM32WBxx_HAL_Driver/Src/stm32wbxx_hal_gpio.o
                0x0000000008003b60                HAL_GPIO_Init
 .text.HAL_GPIO_WritePin
                0x0000000008003e40       0x30 ./Drivers/STM32WBxx_HAL_Driver/Src/stm32wbxx_hal_gpio.o
                0x0000000008003e40                HAL_GPIO_WritePin
 .text.HAL_PCD_Init
                0x0000000008003e70      0x1b2 ./Drivers/STM32WBxx_HAL_Driver/Src/stm32wbxx_hal_pcd.o
                0x0000000008003e70                HAL_PCD_Init
 .text.HAL_PCDEx_ActivateLPM
                0x0000000008004022       0x54 ./Drivers/STM32WBxx_HAL_Driver/Src/stm32wbxx_hal_pcd_ex.o
                0x0000000008004022                HAL_PCDEx_ActivateLPM
 *fill*         0x0000000008004076        0x2 
 .text.HAL_PWR_EnableBkUpAccess
                0x0000000008004078       0x20 ./Drivers/STM32WBxx_HAL_Driver/Src/stm32wbxx_hal_pwr.o
                0x0000000008004078                HAL_PWR_EnableBkUpAccess
 .text.HAL_PWREx_GetVoltageRange
                0x0000000008004098       0x1c ./Drivers/STM32WBxx_HAL_Driver/Src/stm32wbxx_hal_pwr_ex.o
                0x0000000008004098                HAL_PWREx_GetVoltageRange
 .text.LL_RCC_HSE_IsEnabledDiv2
                0x00000000080040b4       0x24 ./Drivers/STM32WBxx_HAL_Driver/Src/stm32wbxx_hal_rcc.o
 .text.LL_RCC_HSE_Enable
                0x00000000080040d8       0x1e ./Drivers/STM32WBxx_HAL_Driver/Src/stm32wbxx_hal_rcc.o
 .text.LL_RCC_HSE_Disable
                0x00000000080040f6       0x1e ./Drivers/STM32WBxx_HAL_Driver/Src/stm32wbxx_hal_rcc.o
 .text.LL_RCC_HSE_IsReady
                0x0000000008004114       0x24 ./Drivers/STM32WBxx_HAL_Driver/Src/stm32wbxx_hal_rcc.o
 .text.LL_RCC_HSI_Enable
                0x0000000008004138       0x1e ./Drivers/STM32WBxx_HAL_Driver/Src/stm32wbxx_hal_rcc.o
 .text.LL_RCC_HSI_Disable
                0x0000000008004156       0x1e ./Drivers/STM32WBxx_HAL_Driver/Src/stm32wbxx_hal_rcc.o
 .text.LL_RCC_HSI_IsReady
                0x0000000008004174       0x24 ./Drivers/STM32WBxx_HAL_Driver/Src/stm32wbxx_hal_rcc.o
 .text.LL_RCC_HSI_SetCalibTrimming
                0x0000000008004198       0x2a ./Drivers/STM32WBxx_HAL_Driver/Src/stm32wbxx_hal_rcc.o
 .text.LL_RCC_HSI48_Enable
                0x00000000080041c2       0x22 ./Drivers/STM32WBxx_HAL_Driver/Src/stm32wbxx_hal_rcc.o
 .text.LL_RCC_HSI48_Disable
                0x00000000080041e4       0x22 ./Drivers/STM32WBxx_HAL_Driver/Src/stm32wbxx_hal_rcc.o
 .text.LL_RCC_HSI48_IsReady
                0x0000000008004206       0x24 ./Drivers/STM32WBxx_HAL_Driver/Src/stm32wbxx_hal_rcc.o
 .text.LL_RCC_LSE_Enable
                0x000000000800422a       0x22 ./Drivers/STM32WBxx_HAL_Driver/Src/stm32wbxx_hal_rcc.o
 .text.LL_RCC_LSE_Disable
                0x000000000800424c       0x22 ./Drivers/STM32WBxx_HAL_Driver/Src/stm32wbxx_hal_rcc.o
 .text.LL_RCC_LSE_EnableBypass
                0x000000000800426e       0x22 ./Drivers/STM32WBxx_HAL_Driver/Src/stm32wbxx_hal_rcc.o
 .text.LL_RCC_LSE_DisableBypass
                0x0000000008004290       0x22 ./Drivers/STM32WBxx_HAL_Driver/Src/stm32wbxx_hal_rcc.o
 .text.LL_RCC_LSE_IsReady
                0x00000000080042b2       0x24 ./Drivers/STM32WBxx_HAL_Driver/Src/stm32wbxx_hal_rcc.o
 .text.LL_RCC_LSI1_Enable
                0x00000000080042d6       0x22 ./Drivers/STM32WBxx_HAL_Driver/Src/stm32wbxx_hal_rcc.o
 .text.LL_RCC_LSI1_Disable
                0x00000000080042f8       0x22 ./Drivers/STM32WBxx_HAL_Driver/Src/stm32wbxx_hal_rcc.o
 .text.LL_RCC_LSI1_IsReady
                0x000000000800431a       0x24 ./Drivers/STM32WBxx_HAL_Driver/Src/stm32wbxx_hal_rcc.o
 .text.LL_RCC_LSI2_Enable
                0x000000000800433e       0x22 ./Drivers/STM32WBxx_HAL_Driver/Src/stm32wbxx_hal_rcc.o
 .text.LL_RCC_LSI2_Disable
                0x0000000008004360       0x22 ./Drivers/STM32WBxx_HAL_Driver/Src/stm32wbxx_hal_rcc.o
 .text.LL_RCC_LSI2_IsReady
                0x0000000008004382       0x24 ./Drivers/STM32WBxx_HAL_Driver/Src/stm32wbxx_hal_rcc.o
 .text.LL_RCC_LSI2_SetTrimming
                0x00000000080043a6       0x2e ./Drivers/STM32WBxx_HAL_Driver/Src/stm32wbxx_hal_rcc.o
 .text.LL_RCC_MSI_Enable
                0x00000000080043d4       0x1e ./Drivers/STM32WBxx_HAL_Driver/Src/stm32wbxx_hal_rcc.o
 .text.LL_RCC_MSI_Disable
                0x00000000080043f2       0x1e ./Drivers/STM32WBxx_HAL_Driver/Src/stm32wbxx_hal_rcc.o
 .text.LL_RCC_MSI_IsReady
                0x0000000008004410       0x22 ./Drivers/STM32WBxx_HAL_Driver/Src/stm32wbxx_hal_rcc.o
 .text.LL_RCC_MSI_SetRange
                0x0000000008004432       0x28 ./Drivers/STM32WBxx_HAL_Driver/Src/stm32wbxx_hal_rcc.o
 .text.LL_RCC_MSI_GetRange
                0x000000000800445a       0x2a ./Drivers/STM32WBxx_HAL_Driver/Src/stm32wbxx_hal_rcc.o
 .text.LL_RCC_MSI_SetCalibTrimming
                0x0000000008004484       0x2a ./Drivers/STM32WBxx_HAL_Driver/Src/stm32wbxx_hal_rcc.o
 .text.LL_RCC_SetSysClkSource
                0x00000000080044ae       0x28 ./Drivers/STM32WBxx_HAL_Driver/Src/stm32wbxx_hal_rcc.o
 .text.LL_RCC_GetSysClkSource
                0x00000000080044d6       0x18 ./Drivers/STM32WBxx_HAL_Driver/Src/stm32wbxx_hal_rcc.o
 .text.LL_RCC_SetAHBPrescaler
                0x00000000080044ee       0x28 ./Drivers/STM32WBxx_HAL_Driver/Src/stm32wbxx_hal_rcc.o
 .text.LL_C2_RCC_SetAHBPrescaler
                0x0000000008004516       0x2c ./Drivers/STM32WBxx_HAL_Driver/Src/stm32wbxx_hal_rcc.o
 .text.LL_RCC_SetAHB4Prescaler
                0x0000000008004542       0x2e ./Drivers/STM32WBxx_HAL_Driver/Src/stm32wbxx_hal_rcc.o
 .text.LL_RCC_SetAPB1Prescaler
                0x0000000008004570       0x28 ./Drivers/STM32WBxx_HAL_Driver/Src/stm32wbxx_hal_rcc.o
 .text.LL_RCC_SetAPB2Prescaler
                0x0000000008004598       0x28 ./Drivers/STM32WBxx_HAL_Driver/Src/stm32wbxx_hal_rcc.o
 .text.LL_RCC_GetAHBPrescaler
                0x00000000080045c0       0x18 ./Drivers/STM32WBxx_HAL_Driver/Src/stm32wbxx_hal_rcc.o
 .text.LL_C2_RCC_GetAHBPrescaler
                0x00000000080045d8       0x1a ./Drivers/STM32WBxx_HAL_Driver/Src/stm32wbxx_hal_rcc.o
 .text.LL_RCC_GetAHB4Prescaler
                0x00000000080045f2       0x1c ./Drivers/STM32WBxx_HAL_Driver/Src/stm32wbxx_hal_rcc.o
 .text.LL_RCC_GetAPB1Prescaler
                0x000000000800460e       0x18 ./Drivers/STM32WBxx_HAL_Driver/Src/stm32wbxx_hal_rcc.o
 .text.LL_RCC_GetAPB2Prescaler
                0x0000000008004626       0x18 ./Drivers/STM32WBxx_HAL_Driver/Src/stm32wbxx_hal_rcc.o
 .text.LL_RCC_PLL_Enable
                0x000000000800463e       0x1e ./Drivers/STM32WBxx_HAL_Driver/Src/stm32wbxx_hal_rcc.o
 .text.LL_RCC_PLL_Disable
                0x000000000800465c       0x1e ./Drivers/STM32WBxx_HAL_Driver/Src/stm32wbxx_hal_rcc.o
 .text.LL_RCC_PLL_IsReady
                0x000000000800467a       0x24 ./Drivers/STM32WBxx_HAL_Driver/Src/stm32wbxx_hal_rcc.o
 .text.LL_RCC_PLL_GetN
                0x000000000800469e       0x1a ./Drivers/STM32WBxx_HAL_Driver/Src/stm32wbxx_hal_rcc.o
 .text.LL_RCC_PLL_GetR
                0x00000000080046b8       0x18 ./Drivers/STM32WBxx_HAL_Driver/Src/stm32wbxx_hal_rcc.o
 .text.LL_RCC_PLL_GetDivider
                0x00000000080046d0       0x18 ./Drivers/STM32WBxx_HAL_Driver/Src/stm32wbxx_hal_rcc.o
 .text.LL_RCC_PLL_GetMainSource
                0x00000000080046e8       0x18 ./Drivers/STM32WBxx_HAL_Driver/Src/stm32wbxx_hal_rcc.o
 .text.LL_RCC_IsActiveFlag_HPRE
                0x0000000008004700       0x24 ./Drivers/STM32WBxx_HAL_Driver/Src/stm32wbxx_hal_rcc.o
 .text.LL_RCC_IsActiveFlag_C2HPRE
                0x0000000008004724       0x26 ./Drivers/STM32WBxx_HAL_Driver/Src/stm32wbxx_hal_rcc.o
 .text.LL_RCC_IsActiveFlag_SHDHPRE
                0x000000000800474a       0x26 ./Drivers/STM32WBxx_HAL_Driver/Src/stm32wbxx_hal_rcc.o
 .text.LL_RCC_IsActiveFlag_PPRE1
                0x0000000008004770       0x24 ./Drivers/STM32WBxx_HAL_Driver/Src/stm32wbxx_hal_rcc.o
 .text.LL_RCC_IsActiveFlag_PPRE2
                0x0000000008004794       0x24 ./Drivers/STM32WBxx_HAL_Driver/Src/stm32wbxx_hal_rcc.o
 .text.HAL_RCC_OscConfig
                0x00000000080047b8      0x6e8 ./Drivers/STM32WBxx_HAL_Driver/Src/stm32wbxx_hal_rcc.o
                0x00000000080047b8                HAL_RCC_OscConfig
 .text.HAL_RCC_ClockConfig
                0x0000000008004ea0      0x280 ./Drivers/STM32WBxx_HAL_Driver/Src/stm32wbxx_hal_rcc.o
                0x0000000008004ea0                HAL_RCC_ClockConfig
 .text.HAL_RCC_GetSysClockFreq
                0x0000000008005120       0xd8 ./Drivers/STM32WBxx_HAL_Driver/Src/stm32wbxx_hal_rcc.o
                0x0000000008005120                HAL_RCC_GetSysClockFreq
 .text.HAL_RCC_GetHCLKFreq
                0x00000000080051f8       0x28 ./Drivers/STM32WBxx_HAL_Driver/Src/stm32wbxx_hal_rcc.o
                0x00000000080051f8                HAL_RCC_GetHCLKFreq
 .text.HAL_RCC_GetPCLK1Freq
                0x0000000008005220       0x2c ./Drivers/STM32WBxx_HAL_Driver/Src/stm32wbxx_hal_rcc.o
                0x0000000008005220                HAL_RCC_GetPCLK1Freq
 .text.HAL_RCC_GetPCLK2Freq
                0x000000000800524c       0x2c ./Drivers/STM32WBxx_HAL_Driver/Src/stm32wbxx_hal_rcc.o
                0x000000000800524c                HAL_RCC_GetPCLK2Freq
 .text.HAL_RCC_GetClockConfig
                0x0000000008005278       0x64 ./Drivers/STM32WBxx_HAL_Driver/Src/stm32wbxx_hal_rcc.o
                0x0000000008005278                HAL_RCC_GetClockConfig
 .text.RCC_SetFlashLatencyFromMSIRange
                0x00000000080052dc       0x70 ./Drivers/STM32WBxx_HAL_Driver/Src/stm32wbxx_hal_rcc.o
 .text.RCC_SetFlashLatency
                0x000000000800534c       0xf8 ./Drivers/STM32WBxx_HAL_Driver/Src/stm32wbxx_hal_rcc.o
 .text.LL_RCC_LSE_IsEnabled
                0x0000000008005444       0x24 ./Drivers/STM32WBxx_HAL_Driver/Src/stm32wbxx_hal_rcc_ex.o
 .text.LL_RCC_LSE_IsReady
                0x0000000008005468       0x24 ./Drivers/STM32WBxx_HAL_Driver/Src/stm32wbxx_hal_rcc_ex.o
 .text.LL_RCC_MSI_EnablePLLMode
                0x000000000800548c       0x1e ./Drivers/STM32WBxx_HAL_Driver/Src/stm32wbxx_hal_rcc_ex.o
 .text.LL_RCC_SetRFWKPClockSource
                0x00000000080054aa       0x2c ./Drivers/STM32WBxx_HAL_Driver/Src/stm32wbxx_hal_rcc_ex.o
 .text.LL_RCC_SetSMPSClockSource
                0x00000000080054d6       0x28 ./Drivers/STM32WBxx_HAL_Driver/Src/stm32wbxx_hal_rcc_ex.o
 .text.LL_RCC_SetSMPSPrescaler
                0x00000000080054fe       0x28 ./Drivers/STM32WBxx_HAL_Driver/Src/stm32wbxx_hal_rcc_ex.o
 .text.LL_RCC_SetUSARTClockSource
                0x0000000008005526       0x2c ./Drivers/STM32WBxx_HAL_Driver/Src/stm32wbxx_hal_rcc_ex.o
 .text.LL_RCC_SetLPUARTClockSource
                0x0000000008005552       0x2c ./Drivers/STM32WBxx_HAL_Driver/Src/stm32wbxx_hal_rcc_ex.o
 .text.LL_RCC_SetI2CClockSource
                0x000000000800557e       0x3a ./Drivers/STM32WBxx_HAL_Driver/Src/stm32wbxx_hal_rcc_ex.o
 .text.LL_RCC_SetLPTIMClockSource
                0x00000000080055b8       0x34 ./Drivers/STM32WBxx_HAL_Driver/Src/stm32wbxx_hal_rcc_ex.o
 .text.LL_RCC_SetSAIClockSource
                0x00000000080055ec       0x2c ./Drivers/STM32WBxx_HAL_Driver/Src/stm32wbxx_hal_rcc_ex.o
 .text.LL_RCC_SetRNGClockSource
                0x0000000008005618       0x2c ./Drivers/STM32WBxx_HAL_Driver/Src/stm32wbxx_hal_rcc_ex.o
 .text.LL_RCC_SetCLK48ClockSource
                0x0000000008005644       0x2c ./Drivers/STM32WBxx_HAL_Driver/Src/stm32wbxx_hal_rcc_ex.o
 .text.LL_RCC_SetUSBClockSource
                0x0000000008005670       0x16 ./Drivers/STM32WBxx_HAL_Driver/Src/stm32wbxx_hal_rcc_ex.o
 .text.LL_RCC_SetADCClockSource
                0x0000000008005686       0x2c ./Drivers/STM32WBxx_HAL_Driver/Src/stm32wbxx_hal_rcc_ex.o
 .text.LL_RCC_SetRTCClockSource
                0x00000000080056b2       0x2c ./Drivers/STM32WBxx_HAL_Driver/Src/stm32wbxx_hal_rcc_ex.o
 .text.LL_RCC_GetRTCClockSource
                0x00000000080056de       0x1a ./Drivers/STM32WBxx_HAL_Driver/Src/stm32wbxx_hal_rcc_ex.o
 .text.LL_RCC_ForceBackupDomainReset
                0x00000000080056f8       0x22 ./Drivers/STM32WBxx_HAL_Driver/Src/stm32wbxx_hal_rcc_ex.o
 .text.LL_RCC_ReleaseBackupDomainReset
                0x000000000800571a       0x22 ./Drivers/STM32WBxx_HAL_Driver/Src/stm32wbxx_hal_rcc_ex.o
 .text.LL_RCC_PLLSAI1_Enable
                0x000000000800573c       0x1e ./Drivers/STM32WBxx_HAL_Driver/Src/stm32wbxx_hal_rcc_ex.o
 .text.LL_RCC_PLLSAI1_Disable
                0x000000000800575a       0x1e ./Drivers/STM32WBxx_HAL_Driver/Src/stm32wbxx_hal_rcc_ex.o
 .text.LL_RCC_PLLSAI1_IsReady
                0x0000000008005778       0x24 ./Drivers/STM32WBxx_HAL_Driver/Src/stm32wbxx_hal_rcc_ex.o
 .text.HAL_RCCEx_PeriphCLKConfig
                0x000000000800579c      0x2ec ./Drivers/STM32WBxx_HAL_Driver/Src/stm32wbxx_hal_rcc_ex.o
                0x000000000800579c                HAL_RCCEx_PeriphCLKConfig
 .text.HAL_RCCEx_EnableMSIPLLMode
                0x0000000008005a88        0xc ./Drivers/STM32WBxx_HAL_Driver/Src/stm32wbxx_hal_rcc_ex.o
                0x0000000008005a88                HAL_RCCEx_EnableMSIPLLMode
 .text.RCCEx_PLLSAI1_ConfigNP
                0x0000000008005a94       0xb6 ./Drivers/STM32WBxx_HAL_Driver/Src/stm32wbxx_hal_rcc_ex.o
 .text.RCCEx_PLLSAI1_ConfigNQ
                0x0000000008005b4a       0xb6 ./Drivers/STM32WBxx_HAL_Driver/Src/stm32wbxx_hal_rcc_ex.o
 .text.RCCEx_PLLSAI1_ConfigNR
                0x0000000008005c00       0xb6 ./Drivers/STM32WBxx_HAL_Driver/Src/stm32wbxx_hal_rcc_ex.o
 .text.HAL_TIM_Base_Init
                0x0000000008005cb6       0xae ./Drivers/STM32WBxx_HAL_Driver/Src/stm32wbxx_hal_tim.o
                0x0000000008005cb6                HAL_TIM_Base_Init
 .text.HAL_TIM_Base_MspInit
                0x0000000008005d64       0x14 ./Drivers/STM32WBxx_HAL_Driver/Src/stm32wbxx_hal_tim.o
                0x0000000008005d64                HAL_TIM_Base_MspInit
 .text.HAL_TIM_Base_Start_IT
                0x0000000008005d78       0x9c ./Drivers/STM32WBxx_HAL_Driver/Src/stm32wbxx_hal_tim.o
                0x0000000008005d78                HAL_TIM_Base_Start_IT
 .text.HAL_TIM_IRQHandler
                0x0000000008005e14      0x204 ./Drivers/STM32WBxx_HAL_Driver/Src/stm32wbxx_hal_tim.o
                0x0000000008005e14                HAL_TIM_IRQHandler
 .text.HAL_TIM_OC_DelayElapsedCallback
                0x0000000008006018       0x14 ./Drivers/STM32WBxx_HAL_Driver/Src/stm32wbxx_hal_tim.o
                0x0000000008006018                HAL_TIM_OC_DelayElapsedCallback
 .text.HAL_TIM_IC_CaptureCallback
                0x000000000800602c       0x14 ./Drivers/STM32WBxx_HAL_Driver/Src/stm32wbxx_hal_tim.o
                0x000000000800602c                HAL_TIM_IC_CaptureCallback
 .text.HAL_TIM_PWM_PulseFinishedCallback
                0x0000000008006040       0x14 ./Drivers/STM32WBxx_HAL_Driver/Src/stm32wbxx_hal_tim.o
                0x0000000008006040                HAL_TIM_PWM_PulseFinishedCallback
 .text.HAL_TIM_TriggerCallback
                0x0000000008006054       0x14 ./Drivers/STM32WBxx_HAL_Driver/Src/stm32wbxx_hal_tim.o
                0x0000000008006054                HAL_TIM_TriggerCallback
 .text.TIM_Base_SetConfig
                0x0000000008006068       0xc8 ./Drivers/STM32WBxx_HAL_Driver/Src/stm32wbxx_hal_tim.o
                0x0000000008006068                TIM_Base_SetConfig
 .text.HAL_TIMEx_CommutCallback
                0x0000000008006130       0x14 ./Drivers/STM32WBxx_HAL_Driver/Src/stm32wbxx_hal_tim_ex.o
                0x0000000008006130                HAL_TIMEx_CommutCallback
 .text.HAL_TIMEx_BreakCallback
                0x0000000008006144       0x14 ./Drivers/STM32WBxx_HAL_Driver/Src/stm32wbxx_hal_tim_ex.o
                0x0000000008006144                HAL_TIMEx_BreakCallback
 .text.HAL_TIMEx_Break2Callback
                0x0000000008006158       0x14 ./Drivers/STM32WBxx_HAL_Driver/Src/stm32wbxx_hal_tim_ex.o
                0x0000000008006158                HAL_TIMEx_Break2Callback
 .text.LL_RCC_GetUSARTClockSource
                0x000000000800616c       0x20 ./Drivers/STM32WBxx_HAL_Driver/Src/stm32wbxx_hal_uart.o
 .text.LL_RCC_GetLPUARTClockSource
                0x000000000800618c       0x20 ./Drivers/STM32WBxx_HAL_Driver/Src/stm32wbxx_hal_uart.o
 .text.HAL_UART_Init
                0x00000000080061ac       0xa0 ./Drivers/STM32WBxx_HAL_Driver/Src/stm32wbxx_hal_uart.o
                0x00000000080061ac                HAL_UART_Init
 .text.HAL_UART_Transmit_IT
                0x000000000800624c      0x128 ./Drivers/STM32WBxx_HAL_Driver/Src/stm32wbxx_hal_uart.o
                0x000000000800624c                HAL_UART_Transmit_IT
 .text.HAL_UART_Receive_IT
                0x0000000008006374       0x98 ./Drivers/STM32WBxx_HAL_Driver/Src/stm32wbxx_hal_uart.o
                0x0000000008006374                HAL_UART_Receive_IT
 .text.HAL_UART_Transmit_DMA
                0x000000000800640c      0x100 ./Drivers/STM32WBxx_HAL_Driver/Src/stm32wbxx_hal_uart.o
                0x000000000800640c                HAL_UART_Transmit_DMA
 .text.HAL_UART_DMAStop
                0x000000000800650c      0x12c ./Drivers/STM32WBxx_HAL_Driver/Src/stm32wbxx_hal_uart.o
                0x000000000800650c                HAL_UART_DMAStop
 .text.HAL_UART_AbortReceive_IT
                0x0000000008006638      0x19c ./Drivers/STM32WBxx_HAL_Driver/Src/stm32wbxx_hal_uart.o
                0x0000000008006638                HAL_UART_AbortReceive_IT
 .text.HAL_UART_IRQHandler
                0x00000000080067d4      0x648 ./Drivers/STM32WBxx_HAL_Driver/Src/stm32wbxx_hal_uart.o
                0x00000000080067d4                HAL_UART_IRQHandler
 .text.HAL_UART_TxHalfCpltCallback
                0x0000000008006e1c       0x14 ./Drivers/STM32WBxx_HAL_Driver/Src/stm32wbxx_hal_uart.o
                0x0000000008006e1c                HAL_UART_TxHalfCpltCallback
 .text.HAL_UART_RxHalfCpltCallback
                0x0000000008006e30       0x14 ./Drivers/STM32WBxx_HAL_Driver/Src/stm32wbxx_hal_uart.o
                0x0000000008006e30                HAL_UART_RxHalfCpltCallback
 .text.HAL_UART_AbortReceiveCpltCallback
                0x0000000008006e44       0x14 ./Drivers/STM32WBxx_HAL_Driver/Src/stm32wbxx_hal_uart.o
                0x0000000008006e44                HAL_UART_AbortReceiveCpltCallback
 .text.HAL_HalfDuplex_EnableTransmitter
                0x0000000008006e58       0xa8 ./Drivers/STM32WBxx_HAL_Driver/Src/stm32wbxx_hal_uart.o
                0x0000000008006e58                HAL_HalfDuplex_EnableTransmitter
 .text.HAL_HalfDuplex_EnableReceiver
                0x0000000008006f00       0xa8 ./Drivers/STM32WBxx_HAL_Driver/Src/stm32wbxx_hal_uart.o
                0x0000000008006f00                HAL_HalfDuplex_EnableReceiver
 .text.HAL_UART_GetState
                0x0000000008006fa8       0x2a ./Drivers/STM32WBxx_HAL_Driver/Src/stm32wbxx_hal_uart.o
                0x0000000008006fa8                HAL_UART_GetState
 *fill*         0x0000000008006fd2        0x2 
 .text.UART_SetConfig
                0x0000000008006fd4      0x450 ./Drivers/STM32WBxx_HAL_Driver/Src/stm32wbxx_hal_uart.o
                0x0000000008006fd4                UART_SetConfig
 .text.UART_AdvFeatureConfig
                0x0000000008007424      0x144 ./Drivers/STM32WBxx_HAL_Driver/Src/stm32wbxx_hal_uart.o
                0x0000000008007424                UART_AdvFeatureConfig
 .text.UART_CheckIdleState
                0x0000000008007568      0x154 ./Drivers/STM32WBxx_HAL_Driver/Src/stm32wbxx_hal_uart.o
                0x0000000008007568                UART_CheckIdleState
 .text.UART_WaitOnFlagUntilTimeout
                0x00000000080076bc       0xce ./Drivers/STM32WBxx_HAL_Driver/Src/stm32wbxx_hal_uart.o
                0x00000000080076bc                UART_WaitOnFlagUntilTimeout
 *fill*         0x000000000800778a        0x2 
 .text.UART_Start_Receive_IT
                0x000000000800778c      0x244 ./Drivers/STM32WBxx_HAL_Driver/Src/stm32wbxx_hal_uart.o
                0x000000000800778c                UART_Start_Receive_IT
 .text.UART_Start_Receive_DMA
                0x00000000080079d0      0x14c ./Drivers/STM32WBxx_HAL_Driver/Src/stm32wbxx_hal_uart.o
                0x00000000080079d0                UART_Start_Receive_DMA
 .text.UART_EndTxTransfer
                0x0000000008007b1c       0x82 ./Drivers/STM32WBxx_HAL_Driver/Src/stm32wbxx_hal_uart.o
 .text.UART_EndRxTransfer
                0x0000000008007b9e       0xcc ./Drivers/STM32WBxx_HAL_Driver/Src/stm32wbxx_hal_uart.o
 .text.UART_DMATransmitCplt
                0x0000000008007c6a       0x9a ./Drivers/STM32WBxx_HAL_Driver/Src/stm32wbxx_hal_uart.o
 .text.UART_DMATxHalfCplt
                0x0000000008007d04       0x1c ./Drivers/STM32WBxx_HAL_Driver/Src/stm32wbxx_hal_uart.o
 .text.UART_DMAReceiveCplt
                0x0000000008007d20      0x12c ./Drivers/STM32WBxx_HAL_Driver/Src/stm32wbxx_hal_uart.o
 .text.UART_DMARxHalfCplt
                0x0000000008007e4c       0x3e ./Drivers/STM32WBxx_HAL_Driver/Src/stm32wbxx_hal_uart.o
 .text.UART_DMAError
                0x0000000008007e8a       0x80 ./Drivers/STM32WBxx_HAL_Driver/Src/stm32wbxx_hal_uart.o
 .text.UART_DMAAbortOnError
                0x0000000008007f0a       0x2c ./Drivers/STM32WBxx_HAL_Driver/Src/stm32wbxx_hal_uart.o
 .text.UART_DMARxOnlyAbortCallback
                0x0000000008007f36       0x4a ./Drivers/STM32WBxx_HAL_Driver/Src/stm32wbxx_hal_uart.o
 .text.UART_TxISR_8BIT
                0x0000000008007f80       0xb8 ./Drivers/STM32WBxx_HAL_Driver/Src/stm32wbxx_hal_uart.o
 .text.UART_TxISR_16BIT
                0x0000000008008038       0xc2 ./Drivers/STM32WBxx_HAL_Driver/Src/stm32wbxx_hal_uart.o
 .text.UART_TxISR_8BIT_FIFOEN
                0x00000000080080fa       0xe0 ./Drivers/STM32WBxx_HAL_Driver/Src/stm32wbxx_hal_uart.o
 .text.UART_TxISR_16BIT_FIFOEN
                0x00000000080081da       0xea ./Drivers/STM32WBxx_HAL_Driver/Src/stm32wbxx_hal_uart.o
 .text.UART_EndTransmit_IT
                0x00000000080082c4       0x56 ./Drivers/STM32WBxx_HAL_Driver/Src/stm32wbxx_hal_uart.o
 *fill*         0x000000000800831a        0x2 
 .text.UART_RxISR_8BIT
                0x000000000800831c      0x1b8 ./Drivers/STM32WBxx_HAL_Driver/Src/stm32wbxx_hal_uart.o
 .text.UART_RxISR_16BIT
                0x00000000080084d4      0x1b8 ./Drivers/STM32WBxx_HAL_Driver/Src/stm32wbxx_hal_uart.o
 .text.UART_RxISR_8BIT_FIFOEN
                0x000000000800868c      0x360 ./Drivers/STM32WBxx_HAL_Driver/Src/stm32wbxx_hal_uart.o
 .text.UART_RxISR_16BIT_FIFOEN
                0x00000000080089ec      0x368 ./Drivers/STM32WBxx_HAL_Driver/Src/stm32wbxx_hal_uart.o
 .text.HAL_UARTEx_WakeupCallback
                0x0000000008008d54       0x14 ./Drivers/STM32WBxx_HAL_Driver/Src/stm32wbxx_hal_uart_ex.o
                0x0000000008008d54                HAL_UARTEx_WakeupCallback
 .text.HAL_UARTEx_RxFifoFullCallback
                0x0000000008008d68       0x14 ./Drivers/STM32WBxx_HAL_Driver/Src/stm32wbxx_hal_uart_ex.o
                0x0000000008008d68                HAL_UARTEx_RxFifoFullCallback
 .text.HAL_UARTEx_TxFifoEmptyCallback
                0x0000000008008d7c       0x14 ./Drivers/STM32WBxx_HAL_Driver/Src/stm32wbxx_hal_uart_ex.o
                0x0000000008008d7c                HAL_UARTEx_TxFifoEmptyCallback
 .text.HAL_UARTEx_DisableFifoMode
                0x0000000008008d90       0x72 ./Drivers/STM32WBxx_HAL_Driver/Src/stm32wbxx_hal_uart_ex.o
                0x0000000008008d90                HAL_UARTEx_DisableFifoMode
 .text.HAL_UARTEx_SetTxFifoThreshold
                0x0000000008008e02       0x7c ./Drivers/STM32WBxx_HAL_Driver/Src/stm32wbxx_hal_uart_ex.o
                0x0000000008008e02                HAL_UARTEx_SetTxFifoThreshold
 .text.HAL_UARTEx_SetRxFifoThreshold
                0x0000000008008e7e       0x7c ./Drivers/STM32WBxx_HAL_Driver/Src/stm32wbxx_hal_uart_ex.o
                0x0000000008008e7e                HAL_UARTEx_SetRxFifoThreshold
 .text.HAL_UARTEx_ReceiveToIdle_DMA
                0x0000000008008efa       0xa8 ./Drivers/STM32WBxx_HAL_Driver/Src/stm32wbxx_hal_uart_ex.o
                0x0000000008008efa                HAL_UARTEx_ReceiveToIdle_DMA
 *fill*         0x0000000008008fa2        0x2 
 .text.UARTEx_SetNbDataToProcess
                0x0000000008008fa4       0x9c ./Drivers/STM32WBxx_HAL_Driver/Src/stm32wbxx_hal_uart_ex.o
 .text.USB_DisableGlobalInt
                0x0000000008009040       0x36 ./Drivers/STM32WBxx_HAL_Driver/Src/stm32wbxx_ll_usb.o
                0x0000000008009040                USB_DisableGlobalInt
 .text.USB_DevInit
                0x0000000008009076       0x42 ./Drivers/STM32WBxx_HAL_Driver/Src/stm32wbxx_ll_usb.o
                0x0000000008009076                USB_DevInit
 .text.__NVIC_SetPriority
                0x00000000080090b8       0x54 ./Middlewares/Third_Party/FreeRTOS/Source/CMSIS_RTOS_V2/cmsis_os2.o
 .text.SysTick_Handler
                0x000000000800910c       0x20 ./Middlewares/Third_Party/FreeRTOS/Source/CMSIS_RTOS_V2/cmsis_os2.o
                0x000000000800910c                SysTick_Handler
 .text.SVC_Setup
                0x000000000800912c       0x12 ./Middlewares/Third_Party/FreeRTOS/Source/CMSIS_RTOS_V2/cmsis_os2.o
 *fill*         0x000000000800913e        0x2 
 .text.osKernelInitialize
                0x0000000008009140       0x48 ./Middlewares/Third_Party/FreeRTOS/Source/CMSIS_RTOS_V2/cmsis_os2.o
                0x0000000008009140                osKernelInitialize
 .text.osKernelStart
                0x0000000008009188       0x4c ./Middlewares/Third_Party/FreeRTOS/Source/CMSIS_RTOS_V2/cmsis_os2.o
                0x0000000008009188                osKernelStart
 .text.osThreadNew
                0x00000000080091d4      0x124 ./Middlewares/Third_Party/FreeRTOS/Source/CMSIS_RTOS_V2/cmsis_os2.o
                0x00000000080091d4                osThreadNew
 .text.osDelay  0x00000000080092f8       0x36 ./Middlewares/Third_Party/FreeRTOS/Source/CMSIS_RTOS_V2/cmsis_os2.o
                0x00000000080092f8                osDelay
 .text.osEventFlagsNew
                0x000000000800932e       0x7e ./Middlewares/Third_Party/FreeRTOS/Source/CMSIS_RTOS_V2/cmsis_os2.o
                0x000000000800932e                osEventFlagsNew
 .text.osEventFlagsSet
                0x00000000080093ac       0x88 ./Middlewares/Third_Party/FreeRTOS/Source/CMSIS_RTOS_V2/cmsis_os2.o
                0x00000000080093ac                osEventFlagsSet
 .text.osEventFlagsWait
                0x0000000008009434       0xcc ./Middlewares/Third_Party/FreeRTOS/Source/CMSIS_RTOS_V2/cmsis_os2.o
                0x0000000008009434                osEventFlagsWait
 .text.osSemaphoreNew
                0x0000000008009500      0x112 ./Middlewares/Third_Party/FreeRTOS/Source/CMSIS_RTOS_V2/cmsis_os2.o
                0x0000000008009500                osSemaphoreNew
 .text.osMessageQueueNew
                0x0000000008009612       0xe6 ./Middlewares/Third_Party/FreeRTOS/Source/CMSIS_RTOS_V2/cmsis_os2.o
                0x0000000008009612                osMessageQueueNew
 .text.vApplicationGetIdleTaskMemory
                0x00000000080096f8       0x34 ./Middlewares/Third_Party/FreeRTOS/Source/CMSIS_RTOS_V2/cmsis_os2.o
                0x00000000080096f8                vApplicationGetIdleTaskMemory
 .text.vApplicationGetTimerTaskMemory
                0x000000000800972c       0x34 ./Middlewares/Third_Party/FreeRTOS/Source/CMSIS_RTOS_V2/cmsis_os2.o
                0x000000000800972c                vApplicationGetTimerTaskMemory
 .text.xEventGroupCreateStatic
                0x0000000008009760       0x6e ./Middlewares/Third_Party/FreeRTOS/Source/event_groups.o
                0x0000000008009760                xEventGroupCreateStatic
 .text.xEventGroupCreate
                0x00000000080097ce       0x34 ./Middlewares/Third_Party/FreeRTOS/Source/event_groups.o
                0x00000000080097ce                xEventGroupCreate
 *fill*         0x0000000008009802        0x2 
 .text.xEventGroupWaitBits
                0x0000000008009804      0x19c ./Middlewares/Third_Party/FreeRTOS/Source/event_groups.o
                0x0000000008009804                xEventGroupWaitBits
 .text.xEventGroupSetBits
                0x00000000080099a0      0x116 ./Middlewares/Third_Party/FreeRTOS/Source/event_groups.o
                0x00000000080099a0                xEventGroupSetBits
 .text.vEventGroupSetBitsCallback
                0x0000000008009ab6       0x1a ./Middlewares/Third_Party/FreeRTOS/Source/event_groups.o
                0x0000000008009ab6                vEventGroupSetBitsCallback
 .text.prvTestWaitCondition
                0x0000000008009ad0       0x44 ./Middlewares/Third_Party/FreeRTOS/Source/event_groups.o
 .text.xEventGroupSetBitsFromISR
                0x0000000008009b14       0x28 ./Middlewares/Third_Party/FreeRTOS/Source/event_groups.o
                0x0000000008009b14                xEventGroupSetBitsFromISR
 .text.vListInitialise
                0x0000000008009b3c       0x40 ./Middlewares/Third_Party/FreeRTOS/Source/list.o
                0x0000000008009b3c                vListInitialise
 .text.vListInitialiseItem
                0x0000000008009b7c       0x1a ./Middlewares/Third_Party/FreeRTOS/Source/list.o
                0x0000000008009b7c                vListInitialiseItem
 .text.vListInsertEnd
                0x0000000008009b96       0x48 ./Middlewares/Third_Party/FreeRTOS/Source/list.o
                0x0000000008009b96                vListInsertEnd
 .text.vListInsert
                0x0000000008009bde       0x72 ./Middlewares/Third_Party/FreeRTOS/Source/list.o
                0x0000000008009bde                vListInsert
 .text.uxListRemove
                0x0000000008009c50       0x54 ./Middlewares/Third_Party/FreeRTOS/Source/list.o
                0x0000000008009c50                uxListRemove
 .text.xQueueGenericReset
                0x0000000008009ca4       0xd0 ./Middlewares/Third_Party/FreeRTOS/Source/queue.o
                0x0000000008009ca4                xQueueGenericReset
 .text.xQueueGenericCreateStatic
                0x0000000008009d74       0xf0 ./Middlewares/Third_Party/FreeRTOS/Source/queue.o
                0x0000000008009d74                xQueueGenericCreateStatic
 .text.xQueueGenericCreate
                0x0000000008009e64       0x74 ./Middlewares/Third_Party/FreeRTOS/Source/queue.o
                0x0000000008009e64                xQueueGenericCreate
 .text.prvInitialiseNewQueue
                0x0000000008009ed8       0x46 ./Middlewares/Third_Party/FreeRTOS/Source/queue.o
 .text.xQueueCreateCountingSemaphoreStatic
                0x0000000008009f1e       0x6e ./Middlewares/Third_Party/FreeRTOS/Source/queue.o
                0x0000000008009f1e                xQueueCreateCountingSemaphoreStatic
 .text.xQueueCreateCountingSemaphore
                0x0000000008009f8c       0x66 ./Middlewares/Third_Party/FreeRTOS/Source/queue.o
                0x0000000008009f8c                xQueueCreateCountingSemaphore
 *fill*         0x0000000008009ff2        0x2 
 .text.xQueueGenericSend
                0x0000000008009ff4      0x1fc ./Middlewares/Third_Party/FreeRTOS/Source/queue.o
                0x0000000008009ff4                xQueueGenericSend
 .text.xQueueGenericSendFromISR
                0x000000000800a1f0      0x136 ./Middlewares/Third_Party/FreeRTOS/Source/queue.o
                0x000000000800a1f0                xQueueGenericSendFromISR
 *fill*         0x000000000800a326        0x2 
 .text.xQueueReceive
                0x000000000800a328      0x1c0 ./Middlewares/Third_Party/FreeRTOS/Source/queue.o
                0x000000000800a328                xQueueReceive
 .text.xQueueSemaphoreTake
                0x000000000800a4e8      0x218 ./Middlewares/Third_Party/FreeRTOS/Source/queue.o
                0x000000000800a4e8                xQueueSemaphoreTake
 .text.vQueueDelete
                0x000000000800a700       0x46 ./Middlewares/Third_Party/FreeRTOS/Source/queue.o
                0x000000000800a700                vQueueDelete
 .text.prvGetDisinheritPriorityAfterTimeout
                0x000000000800a746       0x30 ./Middlewares/Third_Party/FreeRTOS/Source/queue.o
 .text.prvCopyDataToQueue
                0x000000000800a776       0xd4 ./Middlewares/Third_Party/FreeRTOS/Source/queue.o
 .text.prvCopyDataFromQueue
                0x000000000800a84a       0x4c ./Middlewares/Third_Party/FreeRTOS/Source/queue.o
 .text.prvUnlockQueue
                0x000000000800a896       0xa4 ./Middlewares/Third_Party/FreeRTOS/Source/queue.o
 .text.prvIsQueueEmpty
                0x000000000800a93a       0x2c ./Middlewares/Third_Party/FreeRTOS/Source/queue.o
 .text.prvIsQueueFull
                0x000000000800a966       0x30 ./Middlewares/Third_Party/FreeRTOS/Source/queue.o
 *fill*         0x000000000800a996        0x2 
 .text.vQueueAddToRegistry
                0x000000000800a998       0x54 ./Middlewares/Third_Party/FreeRTOS/Source/queue.o
                0x000000000800a998                vQueueAddToRegistry
 .text.vQueueUnregisterQueue
                0x000000000800a9ec       0x54 ./Middlewares/Third_Party/FreeRTOS/Source/queue.o
                0x000000000800a9ec                vQueueUnregisterQueue
 .text.vQueueWaitForMessageRestricted
                0x000000000800aa40       0x68 ./Middlewares/Third_Party/FreeRTOS/Source/queue.o
                0x000000000800aa40                vQueueWaitForMessageRestricted
 .text.xTaskCreateStatic
                0x000000000800aaa8       0xba ./Middlewares/Third_Party/FreeRTOS/Source/tasks.o
                0x000000000800aaa8                xTaskCreateStatic
 .text.xTaskCreate
                0x000000000800ab62       0x8a ./Middlewares/Third_Party/FreeRTOS/Source/tasks.o
                0x000000000800ab62                xTaskCreate
 .text.prvInitialiseNewTask
                0x000000000800abec      0x11e ./Middlewares/Third_Party/FreeRTOS/Source/tasks.o
 *fill*         0x000000000800ad0a        0x2 
 .text.prvAddNewTaskToReadyList
                0x000000000800ad0c       0xe0 ./Middlewares/Third_Party/FreeRTOS/Source/tasks.o
 .text.vTaskDelay
                0x000000000800adec       0x68 ./Middlewares/Third_Party/FreeRTOS/Source/tasks.o
                0x000000000800adec                vTaskDelay
 .text.vTaskStartScheduler
                0x000000000800ae54       0xcc ./Middlewares/Third_Party/FreeRTOS/Source/tasks.o
                0x000000000800ae54                vTaskStartScheduler
 .text.vTaskSuspendAll
                0x000000000800af20       0x1c ./Middlewares/Third_Party/FreeRTOS/Source/tasks.o
                0x000000000800af20                vTaskSuspendAll
 .text.xTaskResumeAll
                0x000000000800af3c      0x13c ./Middlewares/Third_Party/FreeRTOS/Source/tasks.o
                0x000000000800af3c                xTaskResumeAll
 .text.xTaskGetTickCount
                0x000000000800b078       0x20 ./Middlewares/Third_Party/FreeRTOS/Source/tasks.o
                0x000000000800b078                xTaskGetTickCount
 .text.xTaskGetTickCountFromISR
                0x000000000800b098       0x24 ./Middlewares/Third_Party/FreeRTOS/Source/tasks.o
                0x000000000800b098                xTaskGetTickCountFromISR
 .text.xTaskIncrementTick
                0x000000000800b0bc      0x174 ./Middlewares/Third_Party/FreeRTOS/Source/tasks.o
                0x000000000800b0bc                xTaskIncrementTick
 .text.vTaskSwitchContext
                0x000000000800b230       0xbc ./Middlewares/Third_Party/FreeRTOS/Source/tasks.o
                0x000000000800b230                vTaskSwitchContext
 .text.vTaskPlaceOnEventList
                0x000000000800b2ec       0x48 ./Middlewares/Third_Party/FreeRTOS/Source/tasks.o
                0x000000000800b2ec                vTaskPlaceOnEventList
 .text.vTaskPlaceOnUnorderedEventList
                0x000000000800b334       0x78 ./Middlewares/Third_Party/FreeRTOS/Source/tasks.o
                0x000000000800b334                vTaskPlaceOnUnorderedEventList
 .text.vTaskPlaceOnEventListRestricted
                0x000000000800b3ac       0x58 ./Middlewares/Third_Party/FreeRTOS/Source/tasks.o
                0x000000000800b3ac                vTaskPlaceOnEventListRestricted
 .text.xTaskRemoveFromEventList
                0x000000000800b404       0xc8 ./Middlewares/Third_Party/FreeRTOS/Source/tasks.o
                0x000000000800b404                xTaskRemoveFromEventList
 .text.vTaskRemoveFromUnorderedEventList
                0x000000000800b4cc       0xc4 ./Middlewares/Third_Party/FreeRTOS/Source/tasks.o
                0x000000000800b4cc                vTaskRemoveFromUnorderedEventList
 .text.vTaskInternalSetTimeOutState
                0x000000000800b590       0x2c ./Middlewares/Third_Party/FreeRTOS/Source/tasks.o
                0x000000000800b590                vTaskInternalSetTimeOutState
 .text.xTaskCheckForTimeOut
                0x000000000800b5bc       0xc4 ./Middlewares/Third_Party/FreeRTOS/Source/tasks.o
                0x000000000800b5bc                xTaskCheckForTimeOut
 .text.vTaskMissedYield
                0x000000000800b680       0x18 ./Middlewares/Third_Party/FreeRTOS/Source/tasks.o
                0x000000000800b680                vTaskMissedYield
 .text.prvIdleTask
                0x000000000800b698       0x30 ./Middlewares/Third_Party/FreeRTOS/Source/tasks.o
 .text.prvInitialiseTaskLists
                0x000000000800b6c8       0x80 ./Middlewares/Third_Party/FreeRTOS/Source/tasks.o
 .text.prvCheckTasksWaitingTermination
                0x000000000800b748       0x5c ./Middlewares/Third_Party/FreeRTOS/Source/tasks.o
 .text.prvDeleteTCB
                0x000000000800b7a4       0x5e ./Middlewares/Third_Party/FreeRTOS/Source/tasks.o
 *fill*         0x000000000800b802        0x2 
 .text.prvResetNextTaskUnblockTime
                0x000000000800b804       0x40 ./Middlewares/Third_Party/FreeRTOS/Source/tasks.o
 .text.xTaskGetSchedulerState
                0x000000000800b844       0x3c ./Middlewares/Third_Party/FreeRTOS/Source/tasks.o
                0x000000000800b844                xTaskGetSchedulerState
 .text.xTaskPriorityInherit
                0x000000000800b880       0xd0 ./Middlewares/Third_Party/FreeRTOS/Source/tasks.o
                0x000000000800b880                xTaskPriorityInherit
 .text.xTaskPriorityDisinherit
                0x000000000800b950       0xdc ./Middlewares/Third_Party/FreeRTOS/Source/tasks.o
                0x000000000800b950                xTaskPriorityDisinherit
 .text.vTaskPriorityDisinheritAfterTimeout
                0x000000000800ba2c      0x104 ./Middlewares/Third_Party/FreeRTOS/Source/tasks.o
                0x000000000800ba2c                vTaskPriorityDisinheritAfterTimeout
 .text.uxTaskResetEventItemValue
                0x000000000800bb30       0x30 ./Middlewares/Third_Party/FreeRTOS/Source/tasks.o
                0x000000000800bb30                uxTaskResetEventItemValue
 .text.pvTaskIncrementMutexHeldCount
                0x000000000800bb60       0x28 ./Middlewares/Third_Party/FreeRTOS/Source/tasks.o
                0x000000000800bb60                pvTaskIncrementMutexHeldCount
 .text.ulTaskNotifyTake
                0x000000000800bb88       0x90 ./Middlewares/Third_Party/FreeRTOS/Source/tasks.o
                0x000000000800bb88                ulTaskNotifyTake
 .text.xTaskGenericNotify
                0x000000000800bc18      0x170 ./Middlewares/Third_Party/FreeRTOS/Source/tasks.o
                0x000000000800bc18                xTaskGenericNotify
 .text.xTaskGenericNotifyFromISR
                0x000000000800bd88      0x1b8 ./Middlewares/Third_Party/FreeRTOS/Source/tasks.o
                0x000000000800bd88                xTaskGenericNotifyFromISR
 .text.prvAddCurrentTaskToDelayedList
                0x000000000800bf40       0xa8 ./Middlewares/Third_Party/FreeRTOS/Source/tasks.o
 .text.xTimerCreateTimerTask
                0x000000000800bfe8       0x90 ./Middlewares/Third_Party/FreeRTOS/Source/timers.o
                0x000000000800bfe8                xTimerCreateTimerTask
 .text.xTimerCreate
                0x000000000800c078       0x42 ./Middlewares/Third_Party/FreeRTOS/Source/timers.o
                0x000000000800c078                xTimerCreate
 .text.prvInitialiseNewTimer
                0x000000000800c0ba       0x76 ./Middlewares/Third_Party/FreeRTOS/Source/timers.o
 .text.xTimerGenericCommand
                0x000000000800c130       0x9c ./Middlewares/Third_Party/FreeRTOS/Source/timers.o
                0x000000000800c130                xTimerGenericCommand
 .text.prvProcessExpiredTimer
                0x000000000800c1cc       0x98 ./Middlewares/Third_Party/FreeRTOS/Source/timers.o
 .text.prvTimerTask
                0x000000000800c264       0x24 ./Middlewares/Third_Party/FreeRTOS/Source/timers.o
 .text.prvProcessTimerOrBlockTask
                0x000000000800c288       0x9c ./Middlewares/Third_Party/FreeRTOS/Source/timers.o
 .text.prvGetNextExpireTime
                0x000000000800c324       0x48 ./Middlewares/Third_Party/FreeRTOS/Source/timers.o
 .text.prvSampleTimeNow
                0x000000000800c36c       0x40 ./Middlewares/Third_Party/FreeRTOS/Source/timers.o
 .text.prvInsertTimerInActiveList
                0x000000000800c3ac       0x84 ./Middlewares/Third_Party/FreeRTOS/Source/timers.o
 .text.prvProcessReceivedCommands
                0x000000000800c430      0x1c4 ./Middlewares/Third_Party/FreeRTOS/Source/timers.o
 .text.prvSwitchTimerLists
                0x000000000800c5f4       0xc8 ./Middlewares/Third_Party/FreeRTOS/Source/timers.o
 .text.prvCheckForValidListAndQueue
                0x000000000800c6bc       0x80 ./Middlewares/Third_Party/FreeRTOS/Source/timers.o
 .text.xTimerPendFunctionCallFromISR
                0x000000000800c73c       0x40 ./Middlewares/Third_Party/FreeRTOS/Source/timers.o
                0x000000000800c73c                xTimerPendFunctionCallFromISR
 .text.pxPortInitialiseStack
                0x000000000800c77c       0x68 ./Middlewares/Third_Party/FreeRTOS/Source/portable/GCC/ARM_CM4F/port.o
                0x000000000800c77c                pxPortInitialiseStack
 .text.prvTaskExitError
                0x000000000800c7e4       0x58 ./Middlewares/Third_Party/FreeRTOS/Source/portable/GCC/ARM_CM4F/port.o
 *fill*         0x000000000800c83c        0x4 
 .text.SVC_Handler
                0x000000000800c840       0x28 ./Middlewares/Third_Party/FreeRTOS/Source/portable/GCC/ARM_CM4F/port.o
                0x000000000800c840                SVC_Handler
 .text.prvPortStartFirstTask
                0x000000000800c868       0x28 ./Middlewares/Third_Party/FreeRTOS/Source/portable/GCC/ARM_CM4F/port.o
 .text.xPortStartScheduler
                0x000000000800c890      0x144 ./Middlewares/Third_Party/FreeRTOS/Source/portable/GCC/ARM_CM4F/port.o
                0x000000000800c890                xPortStartScheduler
 .text.vPortEnterCritical
                0x000000000800c9d4       0x60 ./Middlewares/Third_Party/FreeRTOS/Source/portable/GCC/ARM_CM4F/port.o
                0x000000000800c9d4                vPortEnterCritical
 .text.vPortExitCritical
                0x000000000800ca34       0x54 ./Middlewares/Third_Party/FreeRTOS/Source/portable/GCC/ARM_CM4F/port.o
                0x000000000800ca34                vPortExitCritical
 *fill*         0x000000000800ca88        0x8 
 .text.PendSV_Handler
                0x000000000800ca90       0x68 ./Middlewares/Third_Party/FreeRTOS/Source/portable/GCC/ARM_CM4F/port.o
                0x000000000800ca90                PendSV_Handler
 .text.xPortSysTickHandler
                0x000000000800caf8       0x44 ./Middlewares/Third_Party/FreeRTOS/Source/portable/GCC/ARM_CM4F/port.o
                0x000000000800caf8                xPortSysTickHandler
 .text.vPortSetupTimerInterrupt
                0x000000000800cb3c       0x48 ./Middlewares/Third_Party/FreeRTOS/Source/portable/GCC/ARM_CM4F/port.o
                0x000000000800cb3c                vPortSetupTimerInterrupt
 .text.vPortEnableVFP
                0x000000000800cb84       0x14 ./Middlewares/Third_Party/FreeRTOS/Source/portable/GCC/ARM_CM4F/port.o
 .text.vPortValidateInterruptPriority
                0x000000000800cb98       0x80 ./Middlewares/Third_Party/FreeRTOS/Source/portable/GCC/ARM_CM4F/port.o
                0x000000000800cb98                vPortValidateInterruptPriority
 .text.pvPortMalloc
                0x000000000800cc18      0x198 ./Middlewares/Third_Party/FreeRTOS/Source/portable/MemMang/heap_4.o
                0x000000000800cc18                pvPortMalloc
 .text.vPortFree
                0x000000000800cdb0       0xc4 ./Middlewares/Third_Party/FreeRTOS/Source/portable/MemMang/heap_4.o
                0x000000000800cdb0                vPortFree
 .text.prvHeapInit
                0x000000000800ce74       0xc4 ./Middlewares/Third_Party/FreeRTOS/Source/portable/MemMang/heap_4.o
 .text.prvInsertBlockIntoFreeList
                0x000000000800cf38       0xb4 ./Middlewares/Third_Party/FreeRTOS/Source/portable/MemMang/heap_4.o
 .text.RingAdd  0x000000000800cfec       0x8e ./Middlewares/Third_Party/MODBUS-LIB/Src/Modbus.o
                0x000000000800cfec                RingAdd
 .text.RingGetAllBytes
                0x000000000800d07a       0x24 ./Middlewares/Third_Party/MODBUS-LIB/Src/Modbus.o
                0x000000000800d07a                RingGetAllBytes
 .text.RingGetNBytes
                0x000000000800d09e       0xa8 ./Middlewares/Third_Party/MODBUS-LIB/Src/Modbus.o
                0x000000000800d09e                RingGetNBytes
 .text.RingClear
                0x000000000800d146       0x34 ./Middlewares/Third_Party/MODBUS-LIB/Src/Modbus.o
                0x000000000800d146                RingClear
 *fill*         0x000000000800d17a        0x2 
 .text.ModbusInit
                0x000000000800d17c      0x144 ./Middlewares/Third_Party/MODBUS-LIB/Src/Modbus.o
                0x000000000800d17c                ModbusInit
 .text.ModbusStart
                0x000000000800d2c0      0x128 ./Middlewares/Third_Party/MODBUS-LIB/Src/Modbus.o
                0x000000000800d2c0                ModbusStart
 .text.vTimerCallbackT35
                0x000000000800d3e8       0x84 ./Middlewares/Third_Party/MODBUS-LIB/Src/Modbus.o
 .text.vTimerCallbackTimeout
                0x000000000800d46c       0x5c ./Middlewares/Third_Party/MODBUS-LIB/Src/Modbus.o
 .text.StartTaskModbusSlave
                0x000000000800d4c8      0x19c ./Middlewares/Third_Party/MODBUS-LIB/Src/Modbus.o
                0x000000000800d4c8                StartTaskModbusSlave
 .text.SendQuery
                0x000000000800d664      0x2d8 ./Middlewares/Third_Party/MODBUS-LIB/Src/Modbus.o
 .text.StartTaskModbusMaster
                0x000000000800d93c      0x1b4 ./Middlewares/Third_Party/MODBUS-LIB/Src/Modbus.o
                0x000000000800d93c                StartTaskModbusMaster
 .text.get_FC1  0x000000000800daf0       0xae ./Middlewares/Third_Party/MODBUS-LIB/Src/Modbus.o
 .text.get_FC3  0x000000000800db9e       0x5c ./Middlewares/Third_Party/MODBUS-LIB/Src/Modbus.o
 *fill*         0x000000000800dbfa        0x2 
 .text.validateAnswer
                0x000000000800dbfc       0xdc ./Middlewares/Third_Party/MODBUS-LIB/Src/Modbus.o
 .text.getRxBuffer
                0x000000000800dcd8       0x92 ./Middlewares/Third_Party/MODBUS-LIB/Src/Modbus.o
 *fill*         0x000000000800dd6a        0x2 
 .text.validateRequest
                0x000000000800dd6c      0x294 ./Middlewares/Third_Party/MODBUS-LIB/Src/Modbus.o
 .text.word     0x000000000800e000       0x26 ./Middlewares/Third_Party/MODBUS-LIB/Src/Modbus.o
 .text.calcCRC  0x000000000800e026       0x8e ./Middlewares/Third_Party/MODBUS-LIB/Src/Modbus.o
                0x000000000800e026                calcCRC
 .text.buildException
                0x000000000800e0b4       0x3e ./Middlewares/Third_Party/MODBUS-LIB/Src/Modbus.o
 .text.sendTxBuffer
                0x000000000800e0f2      0x144 ./Middlewares/Third_Party/MODBUS-LIB/Src/Modbus.o
 .text.process_FC1
                0x000000000800e236      0x16a ./Middlewares/Third_Party/MODBUS-LIB/Src/Modbus.o
 .text.process_FC3
                0x000000000800e3a0       0xd6 ./Middlewares/Third_Party/MODBUS-LIB/Src/Modbus.o
 .text.process_FC5
                0x000000000800e476       0xb2 ./Middlewares/Third_Party/MODBUS-LIB/Src/Modbus.o
 .text.process_FC6
                0x000000000800e528       0x64 ./Middlewares/Third_Party/MODBUS-LIB/Src/Modbus.o
 .text.process_FC15
                0x000000000800e58c      0x11c ./Middlewares/Third_Party/MODBUS-LIB/Src/Modbus.o
 .text.process_FC16
                0x000000000800e6a8       0xac ./Middlewares/Third_Party/MODBUS-LIB/Src/Modbus.o
 .text.HAL_UART_TxCpltCallback
                0x000000000800e754       0x7c ./Middlewares/Third_Party/MODBUS-LIB/Src/UARTCallback.o
                0x000000000800e754                HAL_UART_TxCpltCallback
 .text.HAL_UART_RxCpltCallback
                0x000000000800e7d0       0xd4 ./Middlewares/Third_Party/MODBUS-LIB/Src/UARTCallback.o
                0x000000000800e7d0                HAL_UART_RxCpltCallback
 .text.HAL_UART_ErrorCallback
                0x000000000800e8a4       0xb4 ./Middlewares/Third_Party/MODBUS-LIB/Src/UARTCallback.o
                0x000000000800e8a4                HAL_UART_ErrorCallback
 .text.HAL_UARTEx_RxEventCallback
                0x000000000800e958      0x114 ./Middlewares/Third_Party/MODBUS-LIB/Src/UARTCallback.o
                0x000000000800e958                HAL_UARTEx_RxEventCallback
 .text.memset   0x000000000800ea6c       0x10 C:/ST/STM32CubeIDE_1.13.1/STM32CubeIDE/plugins/com.st.stm32cube.ide.mcu.externaltools.gnu-tools-for-stm32.11.3.rel1.win32_1.1.100.202309141235/tools/bin/../lib/gcc/arm-none-eabi/11.3.1/../../../../arm-none-eabi/lib/thumb/v7e-m+fp/hard\libc_nano.a(libc_a-memset.o)
                0x000000000800ea6c                memset
 .text.__libc_init_array
                0x000000000800ea7c       0x48 C:/ST/STM32CubeIDE_1.13.1/STM32CubeIDE/plugins/com.st.stm32cube.ide.mcu.externaltools.gnu-tools-for-stm32.11.3.rel1.win32_1.1.100.202309141235/tools/bin/../lib/gcc/arm-none-eabi/11.3.1/../../../../arm-none-eabi/lib/thumb/v7e-m+fp/hard\libc_nano.a(libc_a-init.o)
                0x000000000800ea7c                __libc_init_array
 .text.memcpy   0x000000000800eac4       0x1c C:/ST/STM32CubeIDE_1.13.1/STM32CubeIDE/plugins/com.st.stm32cube.ide.mcu.externaltools.gnu-tools-for-stm32.11.3.rel1.win32_1.1.100.202309141235/tools/bin/../lib/gcc/arm-none-eabi/11.3.1/../../../../arm-none-eabi/lib/thumb/v7e-m+fp/hard\libc_nano.a(libc_a-memcpy-stub.o)
                0x000000000800eac4                memcpy
 *(.glue_7)
 .glue_7        0x000000000800eae0        0x0 linker stubs
 *(.glue_7t)
 .glue_7t       0x000000000800eae0        0x0 linker stubs
 *(.eh_frame)
 .eh_frame      0x000000000800eae0        0x0 C:/ST/STM32CubeIDE_1.13.1/STM32CubeIDE/plugins/com.st.stm32cube.ide.mcu.externaltools.gnu-tools-for-stm32.11.3.rel1.win32_1.1.100.202309141235/tools/bin/../lib/gcc/arm-none-eabi/11.3.1/thumb/v7e-m+fp/hard/crtbegin.o
 *(.init)
 .init          0x000000000800eae0        0x4 C:/ST/STM32CubeIDE_1.13.1/STM32CubeIDE/plugins/com.st.stm32cube.ide.mcu.externaltools.gnu-tools-for-stm32.11.3.rel1.win32_1.1.100.202309141235/tools/bin/../lib/gcc/arm-none-eabi/11.3.1/thumb/v7e-m+fp/hard/crti.o
                0x000000000800eae0                _init
 .init          0x000000000800eae4        0x8 C:/ST/STM32CubeIDE_1.13.1/STM32CubeIDE/plugins/com.st.stm32cube.ide.mcu.externaltools.gnu-tools-for-stm32.11.3.rel1.win32_1.1.100.202309141235/tools/bin/../lib/gcc/arm-none-eabi/11.3.1/thumb/v7e-m+fp/hard/crtn.o
 *(.fini)
 .fini          0x000000000800eaec        0x4 C:/ST/STM32CubeIDE_1.13.1/STM32CubeIDE/plugins/com.st.stm32cube.ide.mcu.externaltools.gnu-tools-for-stm32.11.3.rel1.win32_1.1.100.202309141235/tools/bin/../lib/gcc/arm-none-eabi/11.3.1/thumb/v7e-m+fp/hard/crti.o
                0x000000000800eaec                _fini
 .fini          0x000000000800eaf0        0x8 C:/ST/STM32CubeIDE_1.13.1/STM32CubeIDE/plugins/com.st.stm32cube.ide.mcu.externaltools.gnu-tools-for-stm32.11.3.rel1.win32_1.1.100.202309141235/tools/bin/../lib/gcc/arm-none-eabi/11.3.1/thumb/v7e-m+fp/hard/crtn.o
                0x000000000800eaf8                . = ALIGN (0x4)
                0x000000000800eaf8                _etext = .

.vfp11_veneer   0x000000000800eaf8        0x0
 .vfp11_veneer  0x000000000800eaf8        0x0 linker stubs

.v4_bx          0x000000000800eaf8        0x0
 .v4_bx         0x000000000800eaf8        0x0 linker stubs

.iplt           0x000000000800eaf8        0x0
 .iplt          0x000000000800eaf8        0x0 C:/ST/STM32CubeIDE_1.13.1/STM32CubeIDE/plugins/com.st.stm32cube.ide.mcu.externaltools.gnu-tools-for-stm32.11.3.rel1.win32_1.1.100.202309141235/tools/bin/../lib/gcc/arm-none-eabi/11.3.1/thumb/v7e-m+fp/hard/crtbegin.o

.rodata         0x000000000800eaf8      0x28c
                0x000000000800eaf8                . = ALIGN (0x4)
 *(.rodata)
 .rodata        0x000000000800eaf8       0x2a ./Core/Src/main.o
 *fill*         0x000000000800eb22        0x2 
 .rodata        0x000000000800eb24       0x2c ./Drivers/STM32WBxx_HAL_Driver/Src/stm32wbxx_hal_rcc.o
 .rodata        0x000000000800eb50        0x5 ./Middlewares/Third_Party/FreeRTOS/Source/tasks.o
 *fill*         0x000000000800eb55        0x3 
 .rodata        0x000000000800eb58        0xd ./Middlewares/Third_Party/FreeRTOS/Source/timers.o
 *fill*         0x000000000800eb65        0x3 
 .rodata        0x000000000800eb68       0x5d ./Middlewares/Third_Party/MODBUS-LIB/Src/Modbus.o
 *(.rodata*)
 *fill*         0x000000000800ebc5        0x3 
 .rodata.defaultTask_attributes
                0x000000000800ebc8       0x24 ./Core/Src/main.o
                0x000000000800ebc8                defaultTask_attributes
 .rodata.TempCalc_attributes
                0x000000000800ebec       0x24 ./Core/Src/main.o
                0x000000000800ebec                TempCalc_attributes
 .rodata.Control_attributes
                0x000000000800ec10       0x24 ./Core/Src/main.o
                0x000000000800ec10                Control_attributes
 .rodata.tempFlags_attributes
                0x000000000800ec34       0x10 ./Core/Src/main.o
                0x000000000800ec34                tempFlags_attributes
 .rodata.AHBPrescTable
                0x000000000800ec44       0x40 ./Core/Src/system_stm32wbxx.o
                0x000000000800ec44                AHBPrescTable
 .rodata.APBPrescTable
                0x000000000800ec84       0x20 ./Core/Src/system_stm32wbxx.o
                0x000000000800ec84                APBPrescTable
 .rodata.MSIRangeTable
                0x000000000800eca4       0x40 ./Core/Src/system_stm32wbxx.o
                0x000000000800eca4                MSIRangeTable
 .rodata.UARTPrescTable
                0x000000000800ece4       0x18 ./Drivers/STM32WBxx_HAL_Driver/Src/stm32wbxx_hal_uart.o
                0x000000000800ece4                UARTPrescTable
 .rodata.numerator.1
                0x000000000800ecfc        0x8 ./Drivers/STM32WBxx_HAL_Driver/Src/stm32wbxx_hal_uart_ex.o
 .rodata.denominator.0
                0x000000000800ed04        0x8 ./Drivers/STM32WBxx_HAL_Driver/Src/stm32wbxx_hal_uart_ex.o
 .rodata.QueueTelegram_attributes
                0x000000000800ed0c       0x18 ./Middlewares/Third_Party/MODBUS-LIB/Src/Modbus.o
                0x000000000800ed0c                QueueTelegram_attributes
 .rodata.myTaskModbusA_attributes
                0x000000000800ed24       0x24 ./Middlewares/Third_Party/MODBUS-LIB/Src/Modbus.o
                0x000000000800ed24                myTaskModbusA_attributes
 .rodata.myTaskModbusB_attributes
                0x000000000800ed48       0x24 ./Middlewares/Third_Party/MODBUS-LIB/Src/Modbus.o
                0x000000000800ed48                myTaskModbusB_attributes
 .rodata.ModBusSphr_attributes
                0x000000000800ed6c       0x10 ./Middlewares/Third_Party/MODBUS-LIB/Src/Modbus.o
                0x000000000800ed6c                ModBusSphr_attributes
 .rodata.fctsupported
                0x000000000800ed7c        0x8 ./Middlewares/Third_Party/MODBUS-LIB/Src/Modbus.o
                0x000000000800ed7c                fctsupported
                0x000000000800ed84                . = ALIGN (0x4)

.ARM.extab
 *(.ARM.extab* .gnu.linkonce.armextab.*)

.ARM            0x000000000800ed84        0x8
                0x000000000800ed84                __exidx_start = .
 *(.ARM.exidx*)
 .ARM.exidx     0x000000000800ed84        0x8 C:/ST/STM32CubeIDE_1.13.1/STM32CubeIDE/plugins/com.st.stm32cube.ide.mcu.externaltools.gnu-tools-for-stm32.11.3.rel1.win32_1.1.100.202309141235/tools/bin/../lib/gcc/arm-none-eabi/11.3.1/thumb/v7e-m+fp/hard\libgcc.a(_udivmoddi4.o)
                0x000000000800ed8c                __exidx_end = .

.rel.dyn        0x000000000800ed8c        0x0
 .rel.iplt      0x000000000800ed8c        0x0 C:/ST/STM32CubeIDE_1.13.1/STM32CubeIDE/plugins/com.st.stm32cube.ide.mcu.externaltools.gnu-tools-for-stm32.11.3.rel1.win32_1.1.100.202309141235/tools/bin/../lib/gcc/arm-none-eabi/11.3.1/thumb/v7e-m+fp/hard/crtbegin.o

.preinit_array  0x000000000800ed8c        0x0
                0x000000000800ed8c                PROVIDE (__preinit_array_start = .)
 *(.preinit_array*)
                0x000000000800ed8c                PROVIDE (__preinit_array_end = .)

.init_array     0x000000000800ed8c        0x4
                0x000000000800ed8c                PROVIDE (__init_array_start = .)
 *(SORT_BY_NAME(.init_array.*))
 *(.init_array*)
 .init_array    0x000000000800ed8c        0x4 C:/ST/STM32CubeIDE_1.13.1/STM32CubeIDE/plugins/com.st.stm32cube.ide.mcu.externaltools.gnu-tools-for-stm32.11.3.rel1.win32_1.1.100.202309141235/tools/bin/../lib/gcc/arm-none-eabi/11.3.1/thumb/v7e-m+fp/hard/crtbegin.o
                0x000000000800ed90                PROVIDE (__init_array_end = .)

.fini_array     0x000000000800ed90        0x4
                [!provide]                        PROVIDE (__fini_array_start = .)
 *(SORT_BY_NAME(.fini_array.*))
 *(.fini_array*)
 .fini_array    0x000000000800ed90        0x4 C:/ST/STM32CubeIDE_1.13.1/STM32CubeIDE/plugins/com.st.stm32cube.ide.mcu.externaltools.gnu-tools-for-stm32.11.3.rel1.win32_1.1.100.202309141235/tools/bin/../lib/gcc/arm-none-eabi/11.3.1/thumb/v7e-m+fp/hard/crtbegin.o
                [!provide]                        PROVIDE (__fini_array_end = .)
                0x000000000800ed94                _sidata = LOADADDR (.data)

.data           0x0000000020000008       0x74 load address 0x000000000800ed94
                0x0000000020000008                . = ALIGN (0x4)
                0x0000000020000008                _sdata = .
 *(.data)
 *(.data*)
 .data.ModbusDATA
                0x0000000020000008       0x64 ./Core/Src/main.o
 .data.SystemCoreClock
                0x000000002000006c        0x4 ./Core/Src/system_stm32wbxx.o
                0x000000002000006c                SystemCoreClock
 .data.uwTickPrio
                0x0000000020000070        0x4 ./Drivers/STM32WBxx_HAL_Driver/Src/stm32wbxx_hal.o
                0x0000000020000070                uwTickPrio
 .data.uwTickFreq
                0x0000000020000074        0x1 ./Drivers/STM32WBxx_HAL_Driver/Src/stm32wbxx_hal.o
                0x0000000020000074                uwTickFreq
 *fill*         0x0000000020000075        0x3 
 .data.uxCriticalNesting
                0x0000000020000078        0x4 ./Middlewares/Third_Party/FreeRTOS/Source/portable/GCC/ARM_CM4F/port.o
 *(.RamFunc)
 *(.RamFunc*)
                0x000000002000007c                . = ALIGN (0x4)
                0x000000002000007c                _edata = .

.igot.plt       0x000000002000007c        0x0 load address 0x000000000800ee08
 .igot.plt      0x000000002000007c        0x0 C:/ST/STM32CubeIDE_1.13.1/STM32CubeIDE/plugins/com.st.stm32cube.ide.mcu.externaltools.gnu-tools-for-stm32.11.3.rel1.win32_1.1.100.202309141235/tools/bin/../lib/gcc/arm-none-eabi/11.3.1/thumb/v7e-m+fp/hard/crtbegin.o
                0x000000002000007c                . = ALIGN (0x4)

.bss            0x0000000020000080     0x203c load address 0x000000000800ee08
                0x0000000020000080                _sbss = .
                0x0000000020000080                __bss_start__ = _sbss
 *(.bss)
 .bss           0x0000000020000080       0x1c C:/ST/STM32CubeIDE_1.13.1/STM32CubeIDE/plugins/com.st.stm32cube.ide.mcu.externaltools.gnu-tools-for-stm32.11.3.rel1.win32_1.1.100.202309141235/tools/bin/../lib/gcc/arm-none-eabi/11.3.1/thumb/v7e-m+fp/hard/crtbegin.o
 *(.bss*)
 .bss.hadc1     0x000000002000009c       0x64 ./Core/Src/main.o
                0x000000002000009c                hadc1
 .bss.hdma_adc1
                0x0000000020000100       0x60 ./Core/Src/main.o
                0x0000000020000100                hdma_adc1
 .bss.huart1    0x0000000020000160       0x94 ./Core/Src/main.o
                0x0000000020000160                huart1
 .bss.hdma_usart1_rx
                0x00000000200001f4       0x60 ./Core/Src/main.o
                0x00000000200001f4                hdma_usart1_rx
 .bss.hdma_usart1_tx
                0x0000000020000254       0x60 ./Core/Src/main.o
                0x0000000020000254                hdma_usart1_tx
 .bss.hpcd_USB_FS
                0x00000000200002b4      0x2f4 ./Core/Src/main.o
                0x00000000200002b4                hpcd_USB_FS
 .bss.defaultTaskHandle
                0x00000000200005a8        0x4 ./Core/Src/main.o
                0x00000000200005a8                defaultTaskHandle
 .bss.ModbusH   0x00000000200005ac      0x144 ./Core/Src/main.o
                0x00000000200005ac                ModbusH
 .bss.TempCalcHandle
                0x00000000200006f0        0x4 ./Core/Src/main.o
                0x00000000200006f0                TempCalcHandle
 .bss.ControlHandle
                0x00000000200006f4        0x4 ./Core/Src/main.o
                0x00000000200006f4                ControlHandle
 .bss.tempFlagsHandle
                0x00000000200006f8        0x4 ./Core/Src/main.o
                0x00000000200006f8                tempFlagsHandle
 .bss.ADCrawReading
                0x00000000200006fc        0x2 ./Core/Src/main.o
                0x00000000200006fc                ADCrawReading
 *fill*         0x00000000200006fe        0x2 
 .bss.ADCvoltage
                0x0000000020000700        0x8 ./Core/Src/main.o
                0x0000000020000700                ADCvoltage
 .bss.Temperature
                0x0000000020000708        0x8 ./Core/Src/main.o
                0x0000000020000708                Temperature