Archive member included to satisfy reference by file (symbol)

C:/ST/STM32CubeIDE_1.13.1/STM32CubeIDE/plugins/com.st.stm32cube.ide.mcu.externaltools.gnu-tools-for-stm32.11.3.rel1.win32_1.1.100.202309141235/tools/bin/../lib/gcc/arm-none-eabi/11.3.1/../../../../arm-none-eabi/lib/thumb/v7e-m+fp/hard\libc_nano.a(libc_a-exit.o)
                              C:/ST/STM32CubeIDE_1.13.1/STM32CubeIDE/plugins/com.st.stm32cube.ide.mcu.externaltools.gnu-tools-for-stm32.11.3.rel1.win32_1.1.100.202309141235/tools/bin/../lib/gcc/arm-none-eabi/11.3.1/../../../../arm-none-eabi/lib/thumb/v7e-m+fp/hard/crt0.o (exit)
C:/ST/STM32CubeIDE_1.13.1/STM32CubeIDE/plugins/com.st.stm32cube.ide.mcu.externaltools.gnu-tools-for-stm32.11.3.rel1.win32_1.1.100.202309141235/tools/bin/../lib/gcc/arm-none-eabi/11.3.1/../../../../arm-none-eabi/lib/thumb/v7e-m+fp/hard\libc_nano.a(libc_a-findfp.o)
                              C:/ST/STM32CubeIDE_1.13.1/STM32CubeIDE/plugins/com.st.stm32cube.ide.mcu.externaltools.gnu-tools-for-stm32.11.3.rel1.win32_1.1.100.202309141235/tools/bin/../lib/gcc/arm-none-eabi/11.3.1/../../../../arm-none-eabi/lib/thumb/v7e-m+fp/hard\libc_nano.a(libc_a-exit.o) (__stdio_exit_handler)
C:/ST/STM32CubeIDE_1.13.1/STM32CubeIDE/plugins/com.st.stm32cube.ide.mcu.externaltools.gnu-tools-for-stm32.11.3.rel1.win32_1.1.100.202309141235/tools/bin/../lib/gcc/arm-none-eabi/11.3.1/../../../../arm-none-eabi/lib/thumb/v7e-m+fp/hard\libc_nano.a(libc_a-fwalk.o)
                              C:/ST/STM32CubeIDE_1.13.1/STM32CubeIDE/plugins/com.st.stm32cube.ide.mcu.externaltools.gnu-tools-for-stm32.11.3.rel1.win32_1.1.100.202309141235/tools/bin/../lib/gcc/arm-none-eabi/11.3.1/../../../../arm-none-eabi/lib/thumb/v7e-m+fp/hard\libc_nano.a(libc_a-findfp.o) (_fwalk_sglue)
C:/ST/STM32CubeIDE_1.13.1/STM32CubeIDE/plugins/com.st.stm32cube.ide.mcu.externaltools.gnu-tools-for-stm32.11.3.rel1.win32_1.1.100.202309141235/tools/bin/../lib/gcc/arm-none-eabi/11.3.1/../../../../arm-none-eabi/lib/thumb/v7e-m+fp/hard\libc_nano.a(libc_a-stdio.o)
                              C:/ST/STM32CubeIDE_1.13.1/STM32CubeIDE/plugins/com.st.stm32cube.ide.mcu.externaltools.gnu-tools-for-stm32.11.3.rel1.win32_1.1.100.202309141235/tools/bin/../lib/gcc/arm-none-eabi/11.3.1/../../../../arm-none-eabi/lib/thumb/v7e-m+fp/hard\libc_nano.a(libc_a-findfp.o) (__sread)
C:/ST/STM32CubeIDE_1.13.1/STM32CubeIDE/plugins/com.st.stm32cube.ide.mcu.externaltools.gnu-tools-for-stm32.11.3.rel1.win32_1.1.100.202309141235/tools/bin/../lib/gcc/arm-none-eabi/11.3.1/../../../../arm-none-eabi/lib/thumb/v7e-m+fp/hard\libc_nano.a(libc_a-memset.o)
                              C:/ST/STM32CubeIDE_1.13.1/STM32CubeIDE/plugins/com.st.stm32cube.ide.mcu.externaltools.gnu-tools-for-stm32.11.3.rel1.win32_1.1.100.202309141235/tools/bin/../lib/gcc/arm-none-eabi/11.3.1/../../../../arm-none-eabi/lib/thumb/v7e-m+fp/hard/crt0.o (memset)
C:/ST/STM32CubeIDE_1.13.1/STM32CubeIDE/plugins/com.st.stm32cube.ide.mcu.externaltools.gnu-tools-for-stm32.11.3.rel1.win32_1.1.100.202309141235/tools/bin/../lib/gcc/arm-none-eabi/11.3.1/../../../../arm-none-eabi/lib/thumb/v7e-m+fp/hard\libc_nano.a(libc_a-closer.o)
                              C:/ST/STM32CubeIDE_1.13.1/STM32CubeIDE/plugins/com.st.stm32cube.ide.mcu.externaltools.gnu-tools-for-stm32.11.3.rel1.win32_1.1.100.202309141235/tools/bin/../lib/gcc/arm-none-eabi/11.3.1/../../../../arm-none-eabi/lib/thumb/v7e-m+fp/hard\libc_nano.a(libc_a-stdio.o) (_close_r)
C:/ST/STM32CubeIDE_1.13.1/STM32CubeIDE/plugins/com.st.stm32cube.ide.mcu.externaltools.gnu-tools-for-stm32.11.3.rel1.win32_1.1.100.202309141235/tools/bin/../lib/gcc/arm-none-eabi/11.3.1/../../../../arm-none-eabi/lib/thumb/v7e-m+fp/hard\libc_nano.a(libc_a-reent.o)
                              C:/ST/STM32CubeIDE_1.13.1/STM32CubeIDE/plugins/com.st.stm32cube.ide.mcu.externaltools.gnu-tools-for-stm32.11.3.rel1.win32_1.1.100.202309141235/tools/bin/../lib/gcc/arm-none-eabi/11.3.1/../../../../arm-none-eabi/lib/thumb/v7e-m+fp/hard\libc_nano.a(libc_a-closer.o) (errno)
C:/ST/STM32CubeIDE_1.13.1/STM32CubeIDE/plugins/com.st.stm32cube.ide.mcu.externaltools.gnu-tools-for-stm32.11.3.rel1.win32_1.1.100.202309141235/tools/bin/../lib/gcc/arm-none-eabi/11.3.1/../../../../arm-none-eabi/lib/thumb/v7e-m+fp/hard\libc_nano.a(libc_a-impure.o)
                              C:/ST/STM32CubeIDE_1.13.1/STM32CubeIDE/plugins/com.st.stm32cube.ide.mcu.externaltools.gnu-tools-for-stm32.11.3.rel1.win32_1.1.100.202309141235/tools/bin/../lib/gcc/arm-none-eabi/11.3.1/../../../../arm-none-eabi/lib/thumb/v7e-m+fp/hard\libc_nano.a(libc_a-reent.o) (_impure_ptr)
C:/ST/STM32CubeIDE_1.13.1/STM32CubeIDE/plugins/com.st.stm32cube.ide.mcu.externaltools.gnu-tools-for-stm32.11.3.rel1.win32_1.1.100.202309141235/tools/bin/../lib/gcc/arm-none-eabi/11.3.1/../../../../arm-none-eabi/lib/thumb/v7e-m+fp/hard\libc_nano.a(libc_a-lseekr.o)
[...]
Memory Configuration

Name             Origin             Length             Attributes
FLASH            0x0000000008000000 0x0000000000080000 xr
RAM1             0x0000000020000008 0x000000000002fff8 xrw
RAM_SHARED       0x0000000020030000 0x0000000000002800 xrw
*default*        0x0000000000000000 0xffffffffffffffff

Linker script and memory map

LOAD C:/ST/STM32CubeIDE_1.13.1/STM32CubeIDE/plugins/com.st.stm32cube.ide.mcu.externaltools.gnu-tools-for-stm32.11.3.rel1.win32_1.1.100.202309141235/tools/bin/../lib/gcc/arm-none-eabi/11.3.1/thumb/v7e-m+fp/hard/crti.o
LOAD C:/ST/STM32CubeIDE_1.13.1/STM32CubeIDE/plugins/com.st.stm32cube.ide.mcu.externaltools.gnu-tools-for-stm32.11.3.rel1.win32_1.1.100.202309141235/tools/bin/../lib/gcc/arm-none-eabi/11.3.1/thumb/v7e-m+fp/hard/crtbegin.o
LOAD C:/ST/STM32CubeIDE_1.13.1/STM32CubeIDE/plugins/com.st.stm32cube.ide.mcu.externaltools.gnu-tools-for-stm32.11.3.rel1.win32_1.1.100.202309141235/tools/bin/../lib/gcc/arm-none-eabi/11.3.1/../../../../arm-none-eabi/lib/thumb/v7e-m+fp/hard/crt0.o
LOAD ./Core/Src/app_freertos.o
LOAD ./Core/Src/main.o
LOAD ./Core/Src/stm32wbxx_hal_msp.o
LOAD ./Core/Src/stm32wbxx_hal_timebase_tim.o
LOAD ./Core/Src/stm32wbxx_it.o
LOAD ./Core/Src/syscalls.o
LOAD ./Core/Src/sysmem.o
LOAD ./Core/Src/system_stm32wbxx.o
LOAD ./Core/Startup/startup_stm32wb55rgvx.o
LOAD ./Drivers/STM32WBxx_HAL_Driver/Src/stm32wbxx_hal.o
LOAD ./Drivers/STM32WBxx_HAL_Driver/Src/stm32wbxx_hal_adc.o
LOAD ./Drivers/STM32WBxx_HAL_Driver/Src/stm32wbxx_hal_adc_ex.o
LOAD ./Drivers/STM32WBxx_HAL_Driver/Src/stm32wbxx_hal_cortex.o
LOAD ./Drivers/STM32WBxx_HAL_Driver/Src/stm32wbxx_hal_dma.o
LOAD ./Drivers/STM32WBxx_HAL_Driver/Src/stm32wbxx_hal_dma_ex.o
LOAD ./Drivers/STM32WBxx_HAL_Driver/Src/stm32wbxx_hal_exti.o
LOAD ./Drivers/STM32WBxx_HAL_Driver/Src/stm32wbxx_hal_flash.o
LOAD ./Drivers/STM32WBxx_HAL_Driver/Src/stm32wbxx_hal_flash_ex.o
LOAD ./Drivers/STM32WBxx_HAL_Driver/Src/stm32wbxx_hal_gpio.o
LOAD ./Drivers/STM32WBxx_HAL_Driver/Src/stm32wbxx_hal_hsem.o
LOAD ./Drivers/STM32WBxx_HAL_Driver/Src/stm32wbxx_hal_pcd.o
LOAD ./Drivers/STM32WBxx_HAL_Driver/Src/stm32wbxx_hal_pcd_ex.o
LOAD ./Drivers/STM32WBxx_HAL_Driver/Src/stm32wbxx_hal_pwr.o
LOAD ./Drivers/STM32WBxx_HAL_Driver/Src/stm32wbxx_hal_pwr_ex.o
LOAD ./Drivers/STM32WBxx_HAL_Driver/Src/stm32wbxx_hal_rcc.o
LOAD ./Drivers/STM32WBxx_HAL_Driver/Src/stm32wbxx_hal_rcc_ex.o
LOAD ./Drivers/STM32WBxx_HAL_Driver/Src/stm32wbxx_hal_tim.o
LOAD ./Drivers/STM32WBxx_HAL_Driver/Src/stm32wbxx_hal_tim_ex.o
LOAD ./Drivers/STM32WBxx_HAL_Driver/Src/stm32wbxx_hal_uart.o
LOAD ./Drivers/STM32WBxx_HAL_Driver/Src/stm32wbxx_hal_uart_ex.o
LOAD ./Drivers/STM32WBxx_HAL_Driver/Src/stm32wbxx_ll_adc.o
LOAD ./Drivers/STM32WBxx_HAL_Driver/Src/stm32wbxx_ll_rcc.o
LOAD ./Drivers/STM32WBxx_HAL_Driver/Src/stm32wbxx_ll_usb.o
LOAD ./Middlewares/Third_Party/FreeRTOS/Source/CMSIS_RTOS_V2/cmsis_os2.o
LOAD ./Middlewares/Third_Party/FreeRTOS/Source/croutine.o
LOAD ./Middlewares/Third_Party/FreeRTOS/Source/event_groups.o
LOAD ./Middlewares/Third_Party/FreeRTOS/Source/list.o
LOAD ./Middlewares/Third_Party/FreeRTOS/Source/queue.o
LOAD ./Middlewares/Third_Party/FreeRTOS/Source/stream_buffer.o
LOAD ./Middlewares/Third_Party/FreeRTOS/Source/tasks.o
LOAD ./Middlewares/Third_Party/FreeRTOS/Source/timers.o
LOAD ./Middlewares/Third_Party/FreeRTOS/Source/portable/GCC/ARM_CM4F/port.o
LOAD ./Middlewares/Third_Party/FreeRTOS/Source/portable/MemMang/heap_4.o
LOAD ./Middlewares/Third_Party/MODBUS-LIB/Src/Modbus.o
LOAD ./Middlewares/Third_Party/MODBUS-LIB/Src/UARTCallback.o
START GROUP
LOAD C:/ST/STM32CubeIDE_1.13.1/STM32CubeIDE/plugins/com.st.stm32cube.ide.mcu.externaltools.gnu-tools-for-stm32.11.3.rel1.win32_1.1.100.202309141235/tools/bin/../lib/gcc/arm-none-eabi/11.3.1/../../../../arm-none-eabi/lib/thumb/v7e-m+fp/hard\libc_nano.a
LOAD C:/ST/STM32CubeIDE_1.13.1/STM32CubeIDE/plugins/com.st.stm32cube.ide.mcu.externaltools.gnu-tools-for-stm32.11.3.rel1.win32_1.1.100.202309141235/tools/bin/../lib/gcc/arm-none-eabi/11.3.1/../../../../arm-none-eabi/lib/thumb/v7e-m+fp/hard\libm.a
END GROUP
START GROUP
LOAD C:/ST/STM32CubeIDE_1.13.1/STM32CubeIDE/plugins/com.st.stm32cube.ide.mcu.externaltools.gnu-tools-for-stm32.11.3.rel1.win32_1.1.100.202309141235/tools/bin/../lib/gcc/arm-none-eabi/11.3.1/thumb/v7e-m+fp/hard\libgcc.a
LOAD C:/ST/STM32CubeIDE_1.13.1/STM32CubeIDE/plugins/com.st.stm32cube.ide.mcu.externaltools.gnu-tools-for-stm32.11.3.rel1.win32_1.1.100.202309141235/tools/bin/../lib/gcc/arm-none-eabi/11.3.1/../../../../arm-none-eabi/lib/thumb/v7e-m+fp/hard\libc_nano.a
END GROUP
START GROUP
LOAD C:/ST/STM32CubeIDE_1.13.1/STM32CubeIDE/plugins/com.st.stm32cube.ide.mcu.externaltools.gnu-tools-for-stm32.11.3.rel1.win32_1.1.100.202309141235/tools/bin/../lib/gcc/arm-none-eabi/11.3.1/thumb/v7e-m+fp/hard\libgcc.a
LOAD C:/ST/STM32CubeIDE_1.13.1/STM32CubeIDE/plugins/com.st.stm32cube.ide.mcu.externaltools.gnu-tools-for-stm32.11.3.rel1.win32_1.1.100.202309141235/tools/bin/../lib/gcc/arm-none-eabi/11.3.1/../../../../arm-none-eabi/lib/thumb/v7e-m+fp/hard\libc_nano.a
LOAD C:/ST/STM32CubeIDE_1.13.1/STM32CubeIDE/plugins/com.st.stm32cube.ide.mcu.externaltools.gnu-tools-for-stm32.11.3.rel1.win32_1.1.100.202309141235/tools/bin/../lib/gcc/arm-none-eabi/11.3.1/../../../../arm-none-eabi/lib/thumb/v7e-m+fp/hard\libnosys.a
END GROUP
START GROUP
LOAD C:/ST/STM32CubeIDE_1.13.1/STM32CubeIDE/plugins/com.st.stm32cube.ide.mcu.externaltools.gnu-tools-for-stm32.11.3.rel1.win32_1.1.100.202309141235/tools/bin/../lib/gcc/arm-none-eabi/11.3.1/thumb/v7e-m+fp/hard\libgcc.a
LOAD C:/ST/STM32CubeIDE_1.13.1/STM32CubeIDE/plugins/com.st.stm32cube.ide.mcu.externaltools.gnu-tools-for-stm32.11.3.rel1.win32_1.1.100.202309141235/tools/bin/../lib/gcc/arm-none-eabi/11.3.1/../../../../arm-none-eabi/lib/thumb/v7e-m+fp/hard\libc_nano.a
LOAD C:/ST/STM32CubeIDE_1.13.1/STM32CubeIDE/plugins/com.st.stm32cube.ide.mcu.externaltools.gnu-tools-for-stm32.11.3.rel1.win32_1.1.100.202309141235/tools/bin/../lib/gcc/arm-none-eabi/11.3.1/../../../../arm-none-eabi/lib/thumb/v7e-m+fp/hard\libnosys.a
END GROUP
LOAD C:/ST/STM32CubeIDE_1.13.1/STM32CubeIDE/plugins/com.st.stm32cube.ide.mcu.externaltools.gnu-tools-for-stm32.11.3.rel1.win32_1.1.100.202309141235/tools/bin/../lib/gcc/arm-none-eabi/11.3.1/thumb/v7e-m+fp/hard/crtend.o
LOAD C:/ST/STM32CubeIDE_1.13.1/STM32CubeIDE/plugins/com.st.stm32cube.ide.mcu.externaltools.gnu-tools-for-stm32.11.3.rel1.win32_1.1.100.202309141235/tools/bin/../lib/gcc/arm-none-eabi/11.3.1/thumb/v7e-m+fp/hard/crtn.o
                0x0000000020030000                _estack = (ORIGIN (RAM1) + LENGTH (RAM1))
                0x0000000000000200                _Min_Heap_Size = 0x200
                0x0000000000000400                _Min_Stack_Size = 0x400

.isr_vector     0x0000000008000000      0x13c
                0x0000000008000000                . = ALIGN (0x4)
 *(.isr_vector)
 .isr_vector    0x0000000008000000      0x13c ./Core/Startup/startup_stm32wb55rgvx.o
                0x0000000008000000                g_pfnVectors
                0x000000000800013c                . = ALIGN (0x4)

.text           0x0000000008000140     0xe988
                0x0000000008000140                . = ALIGN (0x4)
 *(.text)
 .text          0x0000000008000140       0x40 C:/ST/STM32CubeIDE_1.13.1/STM32CubeIDE/plugins/com.st.stm32cube.ide.mcu.externaltools.gnu-tools-for-stm32.11.3.rel1.win32_1.1.100.202309141235/tools/bin/../lib/gcc/arm-none-eabi/11.3.1/thumb/v7e-m+fp/hard/crtbegin.o
 .text          0x0000000008000180      0x378 C:/ST/STM32CubeIDE_1.13.1/STM32CubeIDE/plugins/com.st.stm32cube.ide.mcu.externaltools.gnu-tools-for-stm32.11.3.rel1.win32_1.1.100.202309141235/tools/bin/../lib/gcc/arm-none-eabi/11.3.1/thumb/v7e-m+fp/hard\libgcc.a(_arm_addsubdf3.o)
                0x0000000008000180                __aeabi_drsub
                0x0000000008000188                __aeabi_dsub
                0x0000000008000188                __subdf3
                0x000000000800018c                __aeabi_dadd
                0x000000000800018c                __adddf3
                0x0000000008000404                __floatunsidf
                0x0000000008000404                __aeabi_ui2d
                0x0000000008000424                __floatsidf
                0x0000000008000424                __aeabi_i2d
                0x0000000008000448                __aeabi_f2d
                0x0000000008000448                __extendsfdf2
                0x000000000800048c                __floatundidf
                0x000000000800048c                __aeabi_ul2d
                0x000000000800049c                __floatdidf
                0x000000000800049c                __aeabi_l2d
 .text          0x00000000080004f8      0x424 C:/ST/STM32CubeIDE_1.13.1/STM32CubeIDE/plugins/com.st.stm32cube.ide.mcu.externaltools.gnu-tools-for-stm32.11.3.rel1.win32_1.1.100.202309141235/tools/bin/../lib/gcc/arm-none-eabi/11.3.1/thumb/v7e-m+fp/hard\libgcc.a(_arm_muldivdf3.o)
                0x00000000080004f8                __aeabi_dmul
                0x00000000080004f8                __muldf3
                0x000000000800074c                __divdf3
                0x000000000800074c                __aeabi_ddiv
 .text          0x000000000800091c       0x30 C:/ST/STM32CubeIDE_1.13.1/STM32CubeIDE/plugins/com.st.stm32cube.ide.mcu.externaltools.gnu-tools-for-stm32.11.3.rel1.win32_1.1.100.202309141235/tools/bin/../lib/gcc/arm-none-eabi/11.3.1/thumb/v7e-m+fp/hard\libgcc.a(_aeabi_uldivmod.o)
                0x000000000800091c                __aeabi_uldivmod
 .text          0x000000000800094c      0x2c8 C:/ST/STM32CubeIDE_1.13.1/STM32CubeIDE/plugins/com.st.stm32cube.ide.mcu.externaltools.gnu-tools-for-stm32.11.3.rel1.win32_1.1.100.202309141235/tools/bin/../lib/gcc/arm-none-eabi/11.3.1/thumb/v7e-m+fp/hard\libgcc.a(_udivmoddi4.o)
                0x000000000800094c                __udivmoddi4
 .text          0x0000000008000c14        0x4 C:/ST/STM32CubeIDE_1.13.1/STM32CubeIDE/plugins/com.st.stm32cube.ide.mcu.externaltools.gnu-tools-for-stm32.11.3.rel1.win32_1.1.100.202309141235/tools/bin/../lib/gcc/arm-none-eabi/11.3.1/thumb/v7e-m+fp/hard\libgcc.a(_dvmd_tls.o)
                0x0000000008000c14                __aeabi_idiv0
                0x0000000008000c14                __aeabi_ldiv0
 *(.text*)
 .text.ADC_Temp_Thread_Start
                0x0000000008000c18       0x38 ./Core/Src/app_freertos.o
                0x0000000008000c18                ADC_Temp_Thread_Start
 .text.LL_RCC_LSE_SetDriveCapability
                0x0000000008000c50       0x2c ./Core/Src/main.o
 .text.LL_AHB1_GRP1_EnableClock
                0x0000000008000c7c       0x32 ./Core/Src/main.o
 .text.LL_AHB2_GRP1_EnableClock
                0x0000000008000cae       0x32 ./Core/Src/main.o
 .text.main     0x0000000008000ce0       0xac ./Core/Src/main.o
                0x0000000008000ce0                main
 .text.SystemClock_Config
                0x0000000008000d8c       0xec ./Core/Src/main.o
                0x0000000008000d8c                SystemClock_Config
 .text.PeriphCommonClock_Config
                0x0000000008000e78       0x62 ./Core/Src/main.o
                0x0000000008000e78                PeriphCommonClock_Config
 *fill*         0x0000000008000eda        0x2 
 .text.MX_ADC1_Init
                0x0000000008000edc       0xc8 ./Core/Src/main.o
 .text.MX_USART1_UART_Init
                0x0000000008000fa4       0x98 ./Core/Src/main.o
 .text.MX_USB_PCD_Init
                0x000000000800103c       0x50 ./Core/Src/main.o
 .text.MX_DMA_Init
                0x000000000800108c       0x44 ./Core/Src/main.o
 .text.MX_GPIO_Init
                0x00000000080010d0       0xdc ./Core/Src/main.o
 *fill*         0x00000000080011ac        0x4 
 .text.CalculateTemp_Thread
                0x00000000080011b0       0xc8 ./Core/Src/main.o
                0x00000000080011b0                CalculateTemp_Thread
 .text.HAL_ADC_ConvCpltCallback
                0x0000000008001278       0x20 ./Core/Src/main.o
                0x0000000008001278                HAL_ADC_ConvCpltCallback
 .text.StartDefaultTask
                0x0000000008001298       0x10 ./Core/Src/main.o
                0x0000000008001298                StartDefaultTask
 .text.HAL_TIM_PeriodElapsedCallback
                0x00000000080012a8       0x24 ./Core/Src/main.o
                0x00000000080012a8                HAL_TIM_PeriodElapsedCallback
 .text.Error_Handler
                0x00000000080012cc        0xa ./Core/Src/main.o
                0x00000000080012cc                Error_Handler
 .text.LL_AHB2_GRP1_EnableClock
                0x00000000080012d6       0x32 ./Core/Src/stm32wbxx_hal_msp.o
 .text.LL_APB1_GRP1_EnableClock
                0x0000000008001308       0x32 ./Core/Src/stm32wbxx_hal_msp.o
 .text.LL_APB2_GRP1_EnableClock
                0x000000000800133a       0x32 ./Core/Src/stm32wbxx_hal_msp.o
 .text.HAL_MspInit
                0x000000000800136c       0x14 ./Core/Src/stm32wbxx_hal_msp.o
                0x000000000800136c                HAL_MspInit
 .text.HAL_ADC_MspInit
                0x0000000008001380       0xc4 ./Core/Src/stm32wbxx_hal_msp.o
                0x0000000008001380                HAL_ADC_MspInit
 .text.HAL_UART_MspInit
                0x0000000008001444      0x150 ./Core/Src/stm32wbxx_hal_msp.o
                0x0000000008001444                HAL_UART_MspInit
 .text.HAL_PCD_MspInit
                0x0000000008001594       0x60 ./Core/Src/stm32wbxx_hal_msp.o
                0x0000000008001594                HAL_PCD_MspInit
 .text.LL_APB2_GRP1_EnableClock
                0x00000000080015f4       0x32 ./Core/Src/stm32wbxx_hal_timebase_tim.o
 *fill*         0x0000000008001626        0x2 
 .text.HAL_InitTick
                0x0000000008001628       0x98 ./Core/Src/stm32wbxx_hal_timebase_tim.o
                0x0000000008001628                HAL_InitTick
 .text.NMI_Handler
                0x00000000080016c0        0x6 ./Core/Src/stm32wbxx_it.o
                0x00000000080016c0                NMI_Handler
 .text.HardFault_Handler
                0x00000000080016c6        0x6 ./Core/Src/stm32wbxx_it.o
                0x00000000080016c6                HardFault_Handler
 .text.MemManage_Handler
                0x00000000080016cc        0x6 ./Core/Src/stm32wbxx_it.o
                0x00000000080016cc                MemManage_Handler
 .text.BusFault_Handler
                0x00000000080016d2        0x6 ./Core/Src/stm32wbxx_it.o
                0x00000000080016d2                BusFault_Handler
 .text.UsageFault_Handler
                0x00000000080016d8        0x6 ./Core/Src/stm32wbxx_it.o
                0x00000000080016d8                UsageFault_Handler
 .text.DebugMon_Handler
                0x00000000080016de        0xe ./Core/Src/stm32wbxx_it.o
                0x00000000080016de                DebugMon_Handler
 .text.DMA1_Channel1_IRQHandler
                0x00000000080016ec       0x14 ./Core/Src/stm32wbxx_it.o
                0x00000000080016ec                DMA1_Channel1_IRQHandler
 .text.DMA1_Channel2_IRQHandler
                0x0000000008001700       0x14 ./Core/Src/stm32wbxx_it.o
                0x0000000008001700                DMA1_Channel2_IRQHandler
 .text.DMA1_Channel3_IRQHandler
                0x0000000008001714       0x14 ./Core/Src/stm32wbxx_it.o
                0x0000000008001714                DMA1_Channel3_IRQHandler
 .text.ADC1_IRQHandler
                0x0000000008001728       0x14 ./Core/Src/stm32wbxx_it.o
                0x0000000008001728                ADC1_IRQHandler
 .text.TIM1_UP_TIM16_IRQHandler
                0x000000000800173c       0x14 ./Core/Src/stm32wbxx_it.o
                0x000000000800173c                TIM1_UP_TIM16_IRQHandler
 .text.USART1_IRQHandler
                0x0000000008001750       0x14 ./Core/Src/stm32wbxx_it.o
                0x0000000008001750                USART1_IRQHandler
 .text.SystemInit
                0x0000000008001764       0xa4 ./Core/Src/system_stm32wbxx.o
                0x0000000008001764                SystemInit
 .text.data_initializers
                0x0000000008001808       0x18 ./Core/Startup/startup_stm32wb55rgvx.o
 .text.Reset_Handler
                0x0000000008001820       0x58 ./Core/Startup/startup_stm32wb55rgvx.o
                0x0000000008001820                Reset_Handler
 .text.Default_Handler
                0x0000000008001878        0x2 ./Core/Startup/startup_stm32wb55rgvx.o
                0x0000000008001878                RTC_Alarm_IRQHandler
                0x0000000008001878                EXTI2_IRQHandler
                0x0000000008001878                TIM1_CC_IRQHandler
                0x0000000008001878                TSC_IRQHandler
                0x0000000008001878                USB_HP_IRQHandler
                0x0000000008001878                EXTI3_IRQHandler
                0x0000000008001878                LPTIM2_IRQHandler
                0x0000000008001878                I2C3_ER_IRQHandler
                0x0000000008001878                EXTI0_IRQHandler
                0x0000000008001878                FPU_IRQHandler
                0x0000000008001878                AES1_IRQHandler
                0x0000000008001878                SPI1_IRQHandler
                0x0000000008001878                PWR_SOTF_BLEACT_802ACT_RFPHASE_IRQHandler
                0x0000000008001878                DMA2_Channel2_IRQHandler
                0x0000000008001878                DMA1_Channel4_IRQHandler
                0x0000000008001878                PKA_IRQHandler
                0x0000000008001878                DMA1_Channel7_IRQHandler
                0x0000000008001878                LCD_IRQHandler
                0x0000000008001878                IPCC_C1_TX_IRQHandler
                0x0000000008001878                DMA2_Channel1_IRQHandler
                0x0000000008001878                QUADSPI_IRQHandler
                0x0000000008001878                I2C1_EV_IRQHandler
                0x0000000008001878                DMAMUX1_OVR_IRQHandler
                0x0000000008001878                DMA1_Channel6_IRQHandler
                0x0000000008001878                DMA2_Channel4_IRQHandler
                0x0000000008001878                RCC_IRQHandler
                0x0000000008001878                Default_Handler
                0x0000000008001878                DMA2_Channel7_IRQHandler
                0x0000000008001878                EXTI15_10_IRQHandler
                0x0000000008001878                IPCC_C1_RX_IRQHandler
                0x0000000008001878                C2SEV_PWR_C2H_IRQHandler
                0x0000000008001878                AES2_IRQHandler
                0x0000000008001878                I2C3_EV_IRQHandler
                0x0000000008001878                EXTI9_5_IRQHandler
                0x0000000008001878                RTC_WKUP_IRQHandler
                0x0000000008001878                PVD_PVM_IRQHandler
                0x0000000008001878                SPI2_IRQHandler
                0x0000000008001878                DMA2_Channel5_IRQHandler
                0x0000000008001878                CRS_IRQHandler
                0x0000000008001878                DMA1_Channel5_IRQHandler
                0x0000000008001878                USB_LP_IRQHandler
                0x0000000008001878                EXTI4_IRQHandler
                0x0000000008001878                RNG_IRQHandler
                0x0000000008001878                TIM1_TRG_COM_TIM17_IRQHandler
                0x0000000008001878                TAMP_STAMP_LSECSS_IRQHandler
                0x0000000008001878                COMP_IRQHandler
                0x0000000008001878                HSEM_IRQHandler
                0x0000000008001878                WWDG_IRQHandler
                0x0000000008001878                LPUART1_IRQHandler
                0x0000000008001878                DMA2_Channel6_IRQHandler
                0x0000000008001878                TIM2_IRQHandler
                0x0000000008001878                TIM1_BRK_IRQHandler
                0x0000000008001878                EXTI1_IRQHandler
                0x0000000008001878                FLASH_IRQHandler
                0x0000000008001878                I2C1_ER_IRQHandler
                0x0000000008001878                LPTIM1_IRQHandler
                0x0000000008001878                SAI1_IRQHandler
                0x0000000008001878                DMA2_Channel3_IRQHandler
 *fill*         0x000000000800187a        0x2 
 .text.HAL_Init
                0x000000000800187c       0x40 ./Drivers/STM32WBxx_HAL_Driver/Src/stm32wbxx_hal.o
                0x000000000800187c                HAL_Init
 .text.HAL_IncTick
                0x00000000080018bc       0x28 ./Drivers/STM32WBxx_HAL_Driver/Src/stm32wbxx_hal.o
                0x00000000080018bc                HAL_IncTick
 .text.HAL_GetTick
                0x00000000080018e4       0x18 ./Drivers/STM32WBxx_HAL_Driver/Src/stm32wbxx_hal.o
                0x00000000080018e4                HAL_GetTick
 .text.HAL_GetTickPrio
                0x00000000080018fc       0x18 ./Drivers/STM32WBxx_HAL_Driver/Src/stm32wbxx_hal.o
                0x00000000080018fc                HAL_GetTickPrio
 .text.LL_ADC_SetCommonClock
                0x0000000008001914       0x26 ./Drivers/STM32WBxx_HAL_Driver/Src/stm32wbxx_hal_adc.o
 .text.LL_ADC_SetCommonPathInternalCh
                0x000000000800193a       0x26 ./Drivers/STM32WBxx_HAL_Driver/Src/stm32wbxx_hal_adc.o
 .text.LL_ADC_GetCommonPathInternalCh
                0x0000000008001960       0x1c ./Drivers/STM32WBxx_HAL_Driver/Src/stm32wbxx_hal_adc.o
 .text.LL_ADC_SetOffset
                0x000000000800197c       0x48 ./Drivers/STM32WBxx_HAL_Driver/Src/stm32wbxx_hal_adc.o
 .text.LL_ADC_GetOffsetChannel
                0x00000000080019c4       0x2c ./Drivers/STM32WBxx_HAL_Driver/Src/stm32wbxx_hal_adc.o
 .text.LL_ADC_SetOffsetState
                0x00000000080019f0       0x36 ./Drivers/STM32WBxx_HAL_Driver/Src/stm32wbxx_hal_adc.o
 .text.LL_ADC_REG_IsTriggerSourceSWStart
                0x0000000008001a26       0x26 ./Drivers/STM32WBxx_HAL_Driver/Src/stm32wbxx_hal_adc.o
 .text.LL_ADC_REG_SetSequencerRanks
                0x0000000008001a4c       0x58 ./Drivers/STM32WBxx_HAL_Driver/Src/stm32wbxx_hal_adc.o
 .text.LL_ADC_REG_GetDMATransfer
                0x0000000008001aa4       0x1c ./Drivers/STM32WBxx_HAL_Driver/Src/stm32wbxx_hal_adc.o
 .text.LL_ADC_INJ_IsTriggerSourceSWStart
                0x0000000008001ac0       0x26 ./Drivers/STM32WBxx_HAL_Driver/Src/stm32wbxx_hal_adc.o
 .text.LL_ADC_SetChannelSamplingTime
                0x0000000008001ae6       0x56 ./Drivers/STM32WBxx_HAL_Driver/Src/stm32wbxx_hal_adc.o
 .text.LL_ADC_SetChannelSingleDiff
                0x0000000008001b3c       0x48 ./Drivers/STM32WBxx_HAL_Driver/Src/stm32wbxx_hal_adc.o
 .text.LL_ADC_DisableDeepPowerDown
                0x0000000008001b84       0x24 ./Drivers/STM32WBxx_HAL_Driver/Src/stm32wbxx_hal_adc.o
 .text.LL_ADC_IsDeepPowerDownEnabled
                0x0000000008001ba8       0x28 ./Drivers/STM32WBxx_HAL_Driver/Src/stm32wbxx_hal_adc.o
 .text.LL_ADC_EnableInternalRegulator
                0x0000000008001bd0       0x28 ./Drivers/STM32WBxx_HAL_Driver/Src/stm32wbxx_hal_adc.o
 .text.LL_ADC_IsInternalRegulatorEnabled
                0x0000000008001bf8       0x28 ./Drivers/STM32WBxx_HAL_Driver/Src/stm32wbxx_hal_adc.o
 .text.LL_ADC_Enable
                0x0000000008001c20       0x28 ./Drivers/STM32WBxx_HAL_Driver/Src/stm32wbxx_hal_adc.o
 .text.LL_ADC_Disable
                0x0000000008001c48       0x28 ./Drivers/STM32WBxx_HAL_Driver/Src/stm32wbxx_hal_adc.o
 .text.LL_ADC_IsEnabled
                0x0000000008001c70       0x26 ./Drivers/STM32WBxx_HAL_Driver/Src/stm32wbxx_hal_adc.o
 .text.LL_ADC_IsDisableOngoing
                0x0000000008001c96       0x26 ./Drivers/STM32WBxx_HAL_Driver/Src/stm32wbxx_hal_adc.o
 .text.LL_ADC_REG_StartConversion
                0x0000000008001cbc       0x28 ./Drivers/STM32WBxx_HAL_Driver/Src/stm32wbxx_hal_adc.o
 .text.LL_ADC_REG_StopConversion
                0x0000000008001ce4       0x28 ./Drivers/STM32WBxx_HAL_Driver/Src/stm32wbxx_hal_adc.o
 .text.LL_ADC_REG_IsConversionOngoing
                0x0000000008001d0c       0x26 ./Drivers/STM32WBxx_HAL_Driver/Src/stm32wbxx_hal_adc.o
 .text.LL_ADC_INJ_StopConversion
                0x0000000008001d32       0x28 ./Drivers/STM32WBxx_HAL_Driver/Src/stm32wbxx_hal_adc.o
 .text.LL_ADC_INJ_IsConversionOngoing
                0x0000000008001d5a       0x26 ./Drivers/STM32WBxx_HAL_Driver/Src/stm32wbxx_hal_adc.o
 .text.HAL_ADC_Init
                0x0000000008001d80      0x298 ./Drivers/STM32WBxx_HAL_Driver/Src/stm32wbxx_hal_adc.o
                0x0000000008001d80                HAL_ADC_Init
 .text.HAL_ADC_Start_DMA
                0x0000000008002018      0x108 ./Drivers/STM32WBxx_HAL_Driver/Src/stm32wbxx_hal_adc.o
                0x0000000008002018                HAL_ADC_Start_DMA
 .text.HAL_ADC_Stop_DMA
                0x0000000008002120       0xc2 ./Drivers/STM32WBxx_HAL_Driver/Src/stm32wbxx_hal_adc.o
                0x0000000008002120                HAL_ADC_Stop_DMA
 .text.HAL_ADC_IRQHandler
                0x00000000080021e2      0x36c ./Drivers/STM32WBxx_HAL_Driver/Src/stm32wbxx_hal_adc.o
                0x00000000080021e2                HAL_ADC_IRQHandler
 .text.HAL_ADC_ConvHalfCpltCallback
                0x000000000800254e       0x14 ./Drivers/STM32WBxx_HAL_Driver/Src/stm32wbxx_hal_adc.o
                0x000000000800254e                HAL_ADC_ConvHalfCpltCallback
 .text.HAL_ADC_LevelOutOfWindowCallback
                0x0000000008002562       0x14 ./Drivers/STM32WBxx_HAL_Driver/Src/stm32wbxx_hal_adc.o
                0x0000000008002562                HAL_ADC_LevelOutOfWindowCallback
 .text.HAL_ADC_ErrorCallback
                0x0000000008002576       0x14 ./Drivers/STM32WBxx_HAL_Driver/Src/stm32wbxx_hal_adc.o
                0x0000000008002576                HAL_ADC_ErrorCallback
 *fill*         0x000000000800258a        0x2 
 .text.HAL_ADC_ConfigChannel
                0x000000000800258c      0x78c ./Drivers/STM32WBxx_HAL_Driver/Src/stm32wbxx_hal_adc.o
                0x000000000800258c                HAL_ADC_ConfigChannel
 .text.ADC_ConversionStop
                0x0000000008002d18      0x178 ./Drivers/STM32WBxx_HAL_Driver/Src/stm32wbxx_hal_adc.o
                0x0000000008002d18                ADC_ConversionStop
 .text.ADC_Enable
                0x0000000008002e90       0xf4 ./Drivers/STM32WBxx_HAL_Driver/Src/stm32wbxx_hal_adc.o
                0x0000000008002e90                ADC_Enable
 .text.ADC_Disable
                0x0000000008002f84       0xbe ./Drivers/STM32WBxx_HAL_Driver/Src/stm32wbxx_hal_adc.o
                0x0000000008002f84                ADC_Disable
 .text.ADC_DMAConvCplt
                0x0000000008003042       0xd8 ./Drivers/STM32WBxx_HAL_Driver/Src/stm32wbxx_hal_adc.o
                0x0000000008003042                ADC_DMAConvCplt
 .text.ADC_DMAHalfConvCplt
                0x000000000800311a       0x1c ./Drivers/STM32WBxx_HAL_Driver/Src/stm32wbxx_hal_adc.o
                0x000000000800311a                ADC_DMAHalfConvCplt
 .text.ADC_DMAError
                0x0000000008003136       0x34 ./Drivers/STM32WBxx_HAL_Driver/Src/stm32wbxx_hal_adc.o
                0x0000000008003136                ADC_DMAError
 .text.LL_ADC_StartCalibration
                0x000000000800316a       0x32 ./Drivers/STM32WBxx_HAL_Driver/Src/stm32wbxx_hal_adc_ex.o
 .text.LL_ADC_IsCalibrationOnGoing
                0x000000000800319c       0x28 ./Drivers/STM32WBxx_HAL_Driver/Src/stm32wbxx_hal_adc_ex.o
 .text.HAL_ADCEx_Calibration_Start
                0x00000000080031c4       0xc4 ./Drivers/STM32WBxx_HAL_Driver/Src/stm32wbxx_hal_adc_ex.o
                0x00000000080031c4                HAL_ADCEx_Calibration_Start
 .text.HAL_ADCEx_InjectedConvCpltCallback
                0x0000000008003288       0x14 ./Drivers/STM32WBxx_HAL_Driver/Src/stm32wbxx_hal_adc_ex.o
                0x0000000008003288                HAL_ADCEx_InjectedConvCpltCallback
 .text.HAL_ADCEx_InjectedQueueOverflowCallback
                0x000000000800329c       0x14 ./Drivers/STM32WBxx_HAL_Driver/Src/stm32wbxx_hal_adc_ex.o
                0x000000000800329c                HAL_ADCEx_InjectedQueueOverflowCallback
 .text.HAL_ADCEx_LevelOutOfWindow2Callback
                0x00000000080032b0       0x14 ./Drivers/STM32WBxx_HAL_Driver/Src/stm32wbxx_hal_adc_ex.o
                0x00000000080032b0                HAL_ADCEx_LevelOutOfWindow2Callback
 .text.HAL_ADCEx_LevelOutOfWindow3Callback
                0x00000000080032c4       0x14 ./Drivers/STM32WBxx_HAL_Driver/Src/stm32wbxx_hal_adc_ex.o
                0x00000000080032c4                HAL_ADCEx_LevelOutOfWindow3Callback
 .text.HAL_ADCEx_EndOfSamplingCallback
                0x00000000080032d8       0x14 ./Drivers/STM32WBxx_HAL_Driver/Src/stm32wbxx_hal_adc_ex.o
                0x00000000080032d8                HAL_ADCEx_EndOfSamplingCallback
 .text.__NVIC_SetPriorityGrouping
                0x00000000080032ec       0x48 ./Drivers/STM32WBxx_HAL_Driver/Src/stm32wbxx_hal_cortex.o
 .text.__NVIC_GetPriorityGrouping
                0x0000000008003334       0x1c ./Drivers/STM32WBxx_HAL_Driver/Src/stm32wbxx_hal_cortex.o
 .text.__NVIC_EnableIRQ
                0x0000000008003350       0x3c ./Drivers/STM32WBxx_HAL_Driver/Src/stm32wbxx_hal_cortex.o
 .text.__NVIC_SetPriority
                0x000000000800338c       0x54 ./Drivers/STM32WBxx_HAL_Driver/Src/stm32wbxx_hal_cortex.o
 .text.NVIC_EncodePriority
                0x00000000080033e0       0x66 ./Drivers/STM32WBxx_HAL_Driver/Src/stm32wbxx_hal_cortex.o
 .text.HAL_NVIC_SetPriorityGrouping
                0x0000000008003446       0x16 ./Drivers/STM32WBxx_HAL_Driver/Src/stm32wbxx_hal_cortex.o
                0x0000000008003446                HAL_NVIC_SetPriorityGrouping
 .text.HAL_NVIC_SetPriority
                0x000000000800345c       0x34 ./Drivers/STM32WBxx_HAL_Driver/Src/stm32wbxx_hal_cortex.o
                0x000000000800345c                HAL_NVIC_SetPriority
 .text.HAL_NVIC_EnableIRQ
                0x0000000008003490       0x1c ./Drivers/STM32WBxx_HAL_Driver/Src/stm32wbxx_hal_cortex.o
                0x0000000008003490                HAL_NVIC_EnableIRQ
 .text.HAL_DMA_Init
                0x00000000080034ac      0x150 ./Drivers/STM32WBxx_HAL_Driver/Src/stm32wbxx_hal_dma.o
                0x00000000080034ac                HAL_DMA_Init
 .text.HAL_DMA_Start_IT
                0x00000000080035fc       0xf6 ./Drivers/STM32WBxx_HAL_Driver/Src/stm32wbxx_hal_dma.o
                0x00000000080035fc                HAL_DMA_Start_IT
 .text.HAL_DMA_Abort
                0x00000000080036f2       0xbe ./Drivers/STM32WBxx_HAL_Driver/Src/stm32wbxx_hal_dma.o
                0x00000000080036f2                HAL_DMA_Abort
 .text.HAL_DMA_Abort_IT
                0x00000000080037b0       0xbe ./Drivers/STM32WBxx_HAL_Driver/Src/stm32wbxx_hal_dma.o
                0x00000000080037b0                HAL_DMA_Abort_IT
 .text.HAL_DMA_IRQHandler
                0x000000000800386e      0x15e ./Drivers/STM32WBxx_HAL_Driver/Src/stm32wbxx_hal_dma.o
                0x000000000800386e                HAL_DMA_IRQHandler
 .text.HAL_DMA_GetError
                0x00000000080039cc       0x18 ./Drivers/STM32WBxx_HAL_Driver/Src/stm32wbxx_hal_dma.o
                0x00000000080039cc                HAL_DMA_GetError
 .text.DMA_SetConfig
                0x00000000080039e4       0x7c ./Drivers/STM32WBxx_HAL_Driver/Src/stm32wbxx_hal_dma.o
 .text.DMA_CalcDMAMUXChannelBaseAndMask
                0x0000000008003a60       0x7c ./Drivers/STM32WBxx_HAL_Driver/Src/stm32wbxx_hal_dma.o
 .text.DMA_CalcDMAMUXRequestGenBaseAndMask
                0x0000000008003adc       0x4c ./Drivers/STM32WBxx_HAL_Driver/Src/stm32wbxx_hal_dma.o
 .text.HAL_GPIO_Init
                0x0000000008003b28      0x2e0 ./Drivers/STM32WBxx_HAL_Driver/Src/stm32wbxx_hal_gpio.o
                0x0000000008003b28                HAL_GPIO_Init
 .text.HAL_GPIO_WritePin
                0x0000000008003e08       0x30 ./Drivers/STM32WBxx_HAL_Driver/Src/stm32wbxx_hal_gpio.o
                0x0000000008003e08                HAL_GPIO_WritePin
 .text.HAL_PCD_Init
                0x0000000008003e38      0x1b2 ./Drivers/STM32WBxx_HAL_Driver/Src/stm32wbxx_hal_pcd.o
                0x0000000008003e38                HAL_PCD_Init
 .text.HAL_PCDEx_ActivateLPM
                0x0000000008003fea       0x54 ./Drivers/STM32WBxx_HAL_Driver/Src/stm32wbxx_hal_pcd_ex.o
                0x0000000008003fea                HAL_PCDEx_ActivateLPM
 *fill*         0x000000000800403e        0x2 
 .text.HAL_PWR_EnableBkUpAccess
                0x0000000008004040       0x20 ./Drivers/STM32WBxx_HAL_Driver/Src/stm32wbxx_hal_pwr.o
                0x0000000008004040                HAL_PWR_EnableBkUpAccess
 .text.HAL_PWREx_GetVoltageRange
                0x0000000008004060       0x1c ./Drivers/STM32WBxx_HAL_Driver/Src/stm32wbxx_hal_pwr_ex.o
                0x0000000008004060                HAL_PWREx_GetVoltageRange
 .text.LL_RCC_HSE_IsEnabledDiv2
                0x000000000800407c       0x24 ./Drivers/STM32WBxx_HAL_Driver/Src/stm32wbxx_hal_rcc.o
 .text.LL_RCC_HSE_Enable
                0x00000000080040a0       0x1e ./Drivers/STM32WBxx_HAL_Driver/Src/stm32wbxx_hal_rcc.o
 .text.LL_RCC_HSE_Disable
                0x00000000080040be       0x1e ./Drivers/STM32WBxx_HAL_Driver/Src/stm32wbxx_hal_rcc.o
 .text.LL_RCC_HSE_IsReady
                0x00000000080040dc       0x24 ./Drivers/STM32WBxx_HAL_Driver/Src/stm32wbxx_hal_rcc.o
 .text.LL_RCC_HSI_Enable
                0x0000000008004100       0x1e ./Drivers/STM32WBxx_HAL_Driver/Src/stm32wbxx_hal_rcc.o
 .text.LL_RCC_HSI_Disable
                0x000000000800411e       0x1e ./Drivers/STM32WBxx_HAL_Driver/Src/stm32wbxx_hal_rcc.o
 .text.LL_RCC_HSI_IsReady
                0x000000000800413c       0x24 ./Drivers/STM32WBxx_HAL_Driver/Src/stm32wbxx_hal_rcc.o
 .text.LL_RCC_HSI_SetCalibTrimming
                0x0000000008004160       0x2a ./Drivers/STM32WBxx_HAL_Driver/Src/stm32wbxx_hal_rcc.o
 .text.LL_RCC_HSI48_Enable
                0x000000000800418a       0x22 ./Drivers/STM32WBxx_HAL_Driver/Src/stm32wbxx_hal_rcc.o
 .text.LL_RCC_HSI48_Disable
                0x00000000080041ac       0x22 ./Drivers/STM32WBxx_HAL_Driver/Src/stm32wbxx_hal_rcc.o
 .text.LL_RCC_HSI48_IsReady
                0x00000000080041ce       0x24 ./Drivers/STM32WBxx_HAL_Driver/Src/stm32wbxx_hal_rcc.o
 .text.LL_RCC_LSE_Enable
                0x00000000080041f2       0x22 ./Drivers/STM32WBxx_HAL_Driver/Src/stm32wbxx_hal_rcc.o
 .text.LL_RCC_LSE_Disable
                0x0000000008004214       0x22 ./Drivers/STM32WBxx_HAL_Driver/Src/stm32wbxx_hal_rcc.o
 .text.LL_RCC_LSE_EnableBypass
                0x0000000008004236       0x22 ./Drivers/STM32WBxx_HAL_Driver/Src/stm32wbxx_hal_rcc.o
 .text.LL_RCC_LSE_DisableBypass
                0x0000000008004258       0x22 ./Drivers/STM32WBxx_HAL_Driver/Src/stm32wbxx_hal_rcc.o
 .text.LL_RCC_LSE_IsReady
                0x000000000800427a       0x24 ./Drivers/STM32WBxx_HAL_Driver/Src/stm32wbxx_hal_rcc.o
 .text.LL_RCC_LSI1_Enable
                0x000000000800429e       0x22 ./Drivers/STM32WBxx_HAL_Driver/Src/stm32wbxx_hal_rcc.o
 .text.LL_RCC_LSI1_Disable
                0x00000000080042c0       0x22 ./Drivers/STM32WBxx_HAL_Driver/Src/stm32wbxx_hal_rcc.o
 .text.LL_RCC_LSI1_IsReady
                0x00000000080042e2       0x24 ./Drivers/STM32WBxx_HAL_Driver/Src/stm32wbxx_hal_rcc.o
 .text.LL_RCC_LSI2_Enable
                0x0000000008004306       0x22 ./Drivers/STM32WBxx_HAL_Driver/Src/stm32wbxx_hal_rcc.o
 .text.LL_RCC_LSI2_Disable
                0x0000000008004328       0x22 ./Drivers/STM32WBxx_HAL_Driver/Src/stm32wbxx_hal_rcc.o
 .text.LL_RCC_LSI2_IsReady
                0x000000000800434a       0x24 ./Drivers/STM32WBxx_HAL_Driver/Src/stm32wbxx_hal_rcc.o
 .text.LL_RCC_LSI2_SetTrimming
                0x000000000800436e       0x2e ./Drivers/STM32WBxx_HAL_Driver/Src/stm32wbxx_hal_rcc.o
 .text.LL_RCC_MSI_Enable
                0x000000000800439c       0x1e ./Drivers/STM32WBxx_HAL_Driver/Src/stm32wbxx_hal_rcc.o
 .text.LL_RCC_MSI_Disable
                0x00000000080043ba       0x1e ./Drivers/STM32WBxx_HAL_Driver/Src/stm32wbxx_hal_rcc.o
 .text.LL_RCC_MSI_IsReady
                0x00000000080043d8       0x22 ./Drivers/STM32WBxx_HAL_Driver/Src/stm32wbxx_hal_rcc.o
 .text.LL_RCC_MSI_SetRange
                0x00000000080043fa       0x28 ./Drivers/STM32WBxx_HAL_Driver/Src/stm32wbxx_hal_rcc.o
 .text.LL_RCC_MSI_GetRange
                0x0000000008004422       0x2a ./Drivers/STM32WBxx_HAL_Driver/Src/stm32wbxx_hal_rcc.o
 .text.LL_RCC_MSI_SetCalibTrimming
                0x000000000800444c       0x2a ./Drivers/STM32WBxx_HAL_Driver/Src/stm32wbxx_hal_rcc.o
 .text.LL_RCC_SetSysClkSource
                0x0000000008004476       0x28 ./Drivers/STM32WBxx_HAL_Driver/Src/stm32wbxx_hal_rcc.o
 .text.LL_RCC_GetSysClkSource
                0x000000000800449e       0x18 ./Drivers/STM32WBxx_HAL_Driver/Src/stm32wbxx_hal_rcc.o
 .text.LL_RCC_SetAHBPrescaler
                0x00000000080044b6       0x28 ./Drivers/STM32WBxx_HAL_Driver/Src/stm32wbxx_hal_rcc.o
 .text.LL_C2_RCC_SetAHBPrescaler
                0x00000000080044de       0x2c ./Drivers/STM32WBxx_HAL_Driver/Src/stm32wbxx_hal_rcc.o
 .text.LL_RCC_SetAHB4Prescaler
                0x000000000800450a       0x2e ./Drivers/STM32WBxx_HAL_Driver/Src/stm32wbxx_hal_rcc.o
 .text.LL_RCC_SetAPB1Prescaler
                0x0000000008004538       0x28 ./Drivers/STM32WBxx_HAL_Driver/Src/stm32wbxx_hal_rcc.o
 .text.LL_RCC_SetAPB2Prescaler
                0x0000000008004560       0x28 ./Drivers/STM32WBxx_HAL_Driver/Src/stm32wbxx_hal_rcc.o
 .text.LL_RCC_GetAHBPrescaler
                0x0000000008004588       0x18 ./Drivers/STM32WBxx_HAL_Driver/Src/stm32wbxx_hal_rcc.o
 .text.LL_C2_RCC_GetAHBPrescaler
                0x00000000080045a0       0x1a ./Drivers/STM32WBxx_HAL_Driver/Src/stm32wbxx_hal_rcc.o
 .text.LL_RCC_GetAHB4Prescaler
                0x00000000080045ba       0x1c ./Drivers/STM32WBxx_HAL_Driver/Src/stm32wbxx_hal_rcc.o
 .text.LL_RCC_GetAPB1Prescaler
                0x00000000080045d6       0x18 ./Drivers/STM32WBxx_HAL_Driver/Src/stm32wbxx_hal_rcc.o
 .text.LL_RCC_GetAPB2Prescaler
                0x00000000080045ee       0x18 ./Drivers/STM32WBxx_HAL_Driver/Src/stm32wbxx_hal_rcc.o
 .text.LL_RCC_PLL_Enable
                0x0000000008004606       0x1e ./Drivers/STM32WBxx_HAL_Driver/Src/stm32wbxx_hal_rcc.o
 .text.LL_RCC_PLL_Disable
                0x0000000008004624       0x1e ./Drivers/STM32WBxx_HAL_Driver/Src/stm32wbxx_hal_rcc.o
 .text.LL_RCC_PLL_IsReady
                0x0000000008004642       0x24 ./Drivers/STM32WBxx_HAL_Driver/Src/stm32wbxx_hal_rcc.o
 .text.LL_RCC_PLL_GetN
                0x0000000008004666       0x1a ./Drivers/STM32WBxx_HAL_Driver/Src/stm32wbxx_hal_rcc.o
 .text.LL_RCC_PLL_GetR
                0x0000000008004680       0x18 ./Drivers/STM32WBxx_HAL_Driver/Src/stm32wbxx_hal_rcc.o
 .text.LL_RCC_PLL_GetDivider
                0x0000000008004698       0x18 ./Drivers/STM32WBxx_HAL_Driver/Src/stm32wbxx_hal_rcc.o
 .text.LL_RCC_PLL_GetMainSource
                0x00000000080046b0       0x18 ./Drivers/STM32WBxx_HAL_Driver/Src/stm32wbxx_hal_rcc.o
 .text.LL_RCC_IsActiveFlag_HPRE
                0x00000000080046c8       0x24 ./Drivers/STM32WBxx_HAL_Driver/Src/stm32wbxx_hal_rcc.o
 .text.LL_RCC_IsActiveFlag_C2HPRE
                0x00000000080046ec       0x26 ./Drivers/STM32WBxx_HAL_Driver/Src/stm32wbxx_hal_rcc.o
 .text.LL_RCC_IsActiveFlag_SHDHPRE
                0x0000000008004712       0x26 ./Drivers/STM32WBxx_HAL_Driver/Src/stm32wbxx_hal_rcc.o
 .text.LL_RCC_IsActiveFlag_PPRE1
                0x0000000008004738       0x24 ./Drivers/STM32WBxx_HAL_Driver/Src/stm32wbxx_hal_rcc.o
 .text.LL_RCC_IsActiveFlag_PPRE2
                0x000000000800475c       0x24 ./Drivers/STM32WBxx_HAL_Driver/Src/stm32wbxx_hal_rcc.o
 .text.HAL_RCC_OscConfig
                0x0000000008004780      0x6e8 ./Drivers/STM32WBxx_HAL_Driver/Src/stm32wbxx_hal_rcc.o
                0x0000000008004780                HAL_RCC_OscConfig
 .text.HAL_RCC_ClockConfig
                0x0000000008004e68      0x280 ./Drivers/STM32WBxx_HAL_Driver/Src/stm32wbxx_hal_rcc.o
                0x0000000008004e68                HAL_RCC_ClockConfig
 .text.HAL_RCC_GetSysClockFreq
                0x00000000080050e8       0xd8 ./Drivers/STM32WBxx_HAL_Driver/Src/stm32wbxx_hal_rcc.o
                0x00000000080050e8                HAL_RCC_GetSysClockFreq
 .text.HAL_RCC_GetHCLKFreq
                0x00000000080051c0       0x28 ./Drivers/STM32WBxx_HAL_Driver/Src/stm32wbxx_hal_rcc.o
                0x00000000080051c0                HAL_RCC_GetHCLKFreq
 .text.HAL_RCC_GetPCLK1Freq
                0x00000000080051e8       0x2c ./Drivers/STM32WBxx_HAL_Driver/Src/stm32wbxx_hal_rcc.o
                0x00000000080051e8                HAL_RCC_GetPCLK1Freq
 .text.HAL_RCC_GetPCLK2Freq
                0x0000000008005214       0x2c ./Drivers/STM32WBxx_HAL_Driver/Src/stm32wbxx_hal_rcc.o
                0x0000000008005214                HAL_RCC_GetPCLK2Freq
 .text.HAL_RCC_GetClockConfig
                0x0000000008005240       0x64 ./Drivers/STM32WBxx_HAL_Driver/Src/stm32wbxx_hal_rcc.o
                0x0000000008005240                HAL_RCC_GetClockConfig
 .text.RCC_SetFlashLatencyFromMSIRange
                0x00000000080052a4       0x70 ./Drivers/STM32WBxx_HAL_Driver/Src/stm32wbxx_hal_rcc.o
 .text.RCC_SetFlashLatency
                0x0000000008005314       0xf8 ./Drivers/STM32WBxx_HAL_Driver/Src/stm32wbxx_hal_rcc.o
 .text.LL_RCC_LSE_IsEnabled
                0x000000000800540c       0x24 ./Drivers/STM32WBxx_HAL_Driver/Src/stm32wbxx_hal_rcc_ex.o
 .text.LL_RCC_LSE_IsReady
                0x0000000008005430       0x24 ./Drivers/STM32WBxx_HAL_Driver/Src/stm32wbxx_hal_rcc_ex.o
 .text.LL_RCC_MSI_EnablePLLMode
                0x0000000008005454       0x1e ./Drivers/STM32WBxx_HAL_Driver/Src/stm32wbxx_hal_rcc_ex.o
 .text.LL_RCC_SetRFWKPClockSource
                0x0000000008005472       0x2c ./Drivers/STM32WBxx_HAL_Driver/Src/stm32wbxx_hal_rcc_ex.o
 .text.LL_RCC_SetSMPSClockSource
                0x000000000800549e       0x28 ./Drivers/STM32WBxx_HAL_Driver/Src/stm32wbxx_hal_rcc_ex.o
 .text.LL_RCC_SetSMPSPrescaler
                0x00000000080054c6       0x28 ./Drivers/STM32WBxx_HAL_Driver/Src/stm32wbxx_hal_rcc_ex.o
 .text.LL_RCC_SetUSARTClockSource
                0x00000000080054ee       0x2c ./Drivers/STM32WBxx_HAL_Driver/Src/stm32wbxx_hal_rcc_ex.o
 .text.LL_RCC_SetLPUARTClockSource
                0x000000000800551a       0x2c ./Drivers/STM32WBxx_HAL_Driver/Src/stm32wbxx_hal_rcc_ex.o
 .text.LL_RCC_SetI2CClockSource
                0x0000000008005546       0x3a ./Drivers/STM32WBxx_HAL_Driver/Src/stm32wbxx_hal_rcc_ex.o
 .text.LL_RCC_SetLPTIMClockSource
                0x0000000008005580       0x34 ./Drivers/STM32WBxx_HAL_Driver/Src/stm32wbxx_hal_rcc_ex.o
 .text.LL_RCC_SetSAIClockSource
                0x00000000080055b4       0x2c ./Drivers/STM32WBxx_HAL_Driver/Src/stm32wbxx_hal_rcc_ex.o
 .text.LL_RCC_SetRNGClockSource
                0x00000000080055e0       0x2c ./Drivers/STM32WBxx_HAL_Driver/Src/stm32wbxx_hal_rcc_ex.o
 .text.LL_RCC_SetCLK48ClockSource
                0x000000000800560c       0x2c ./Drivers/STM32WBxx_HAL_Driver/Src/stm32wbxx_hal_rcc_ex.o
 .text.LL_RCC_SetUSBClockSource
                0x0000000008005638       0x16 ./Drivers/STM32WBxx_HAL_Driver/Src/stm32wbxx_hal_rcc_ex.o
 .text.LL_RCC_SetADCClockSource
                0x000000000800564e       0x2c ./Drivers/STM32WBxx_HAL_Driver/Src/stm32wbxx_hal_rcc_ex.o
 .text.LL_RCC_SetRTCClockSource
                0x000000000800567a       0x2c ./Drivers/STM32WBxx_HAL_Driver/Src/stm32wbxx_hal_rcc_ex.o
 .text.LL_RCC_GetRTCClockSource
                0x00000000080056a6       0x1a ./Drivers/STM32WBxx_HAL_Driver/Src/stm32wbxx_hal_rcc_ex.o
 .text.LL_RCC_ForceBackupDomainReset
                0x00000000080056c0       0x22 ./Drivers/STM32WBxx_HAL_Driver/Src/stm32wbxx_hal_rcc_ex.o
 .text.LL_RCC_ReleaseBackupDomainReset
                0x00000000080056e2       0x22 ./Drivers/STM32WBxx_HAL_Driver/Src/stm32wbxx_hal_rcc_ex.o
 .text.LL_RCC_PLLSAI1_Enable
                0x0000000008005704       0x1e ./Drivers/STM32WBxx_HAL_Driver/Src/stm32wbxx_hal_rcc_ex.o
 .text.LL_RCC_PLLSAI1_Disable
                0x0000000008005722       0x1e ./Drivers/STM32WBxx_HAL_Driver/Src/stm32wbxx_hal_rcc_ex.o
 .text.LL_RCC_PLLSAI1_IsReady
                0x0000000008005740       0x24 ./Drivers/STM32WBxx_HAL_Driver/Src/stm32wbxx_hal_rcc_ex.o
 .text.HAL_RCCEx_PeriphCLKConfig
                0x0000000008005764      0x2ec ./Drivers/STM32WBxx_HAL_Driver/Src/stm32wbxx_hal_rcc_ex.o
                0x0000000008005764                HAL_RCCEx_PeriphCLKConfig
 .text.HAL_RCCEx_EnableMSIPLLMode
                0x0000000008005a50        0xc ./Drivers/STM32WBxx_HAL_Driver/Src/stm32wbxx_hal_rcc_ex.o
                0x0000000008005a50                HAL_RCCEx_EnableMSIPLLMode
 .text.RCCEx_PLLSAI1_ConfigNP
                0x0000000008005a5c       0xb6 ./Drivers/STM32WBxx_HAL_Driver/Src/stm32wbxx_hal_rcc_ex.o
 .text.RCCEx_PLLSAI1_ConfigNQ
                0x0000000008005b12       0xb6 ./Drivers/STM32WBxx_HAL_Driver/Src/stm32wbxx_hal_rcc_ex.o
 .text.RCCEx_PLLSAI1_ConfigNR
                0x0000000008005bc8       0xb6 ./Drivers/STM32WBxx_HAL_Driver/Src/stm32wbxx_hal_rcc_ex.o
 .text.HAL_TIM_Base_Init
                0x0000000008005c7e       0xae ./Drivers/STM32WBxx_HAL_Driver/Src/stm32wbxx_hal_tim.o
                0x0000000008005c7e                HAL_TIM_Base_Init
 .text.HAL_TIM_Base_MspInit
                0x0000000008005d2c       0x14 ./Drivers/STM32WBxx_HAL_Driver/Src/stm32wbxx_hal_tim.o
                0x0000000008005d2c                HAL_TIM_Base_MspInit
 .text.HAL_TIM_Base_Start_IT
                0x0000000008005d40       0x9c ./Drivers/STM32WBxx_HAL_Driver/Src/stm32wbxx_hal_tim.o
                0x0000000008005d40                HAL_TIM_Base_Start_IT
 .text.HAL_TIM_IRQHandler
                0x0000000008005ddc      0x204 ./Drivers/STM32WBxx_HAL_Driver/Src/stm32wbxx_hal_tim.o
                0x0000000008005ddc                HAL_TIM_IRQHandler
 .text.HAL_TIM_OC_DelayElapsedCallback
                0x0000000008005fe0       0x14 ./Drivers/STM32WBxx_HAL_Driver/Src/stm32wbxx_hal_tim.o
                0x0000000008005fe0                HAL_TIM_OC_DelayElapsedCallback
 .text.HAL_TIM_IC_CaptureCallback
                0x0000000008005ff4       0x14 ./Drivers/STM32WBxx_HAL_Driver/Src/stm32wbxx_hal_tim.o
                0x0000000008005ff4                HAL_TIM_IC_CaptureCallback
 .text.HAL_TIM_PWM_PulseFinishedCallback
                0x0000000008006008       0x14 ./Drivers/STM32WBxx_HAL_Driver/Src/stm32wbxx_hal_tim.o
                0x0000000008006008                HAL_TIM_PWM_PulseFinishedCallback
 .text.HAL_TIM_TriggerCallback
                0x000000000800601c       0x14 ./Drivers/STM32WBxx_HAL_Driver/Src/stm32wbxx_hal_tim.o
                0x000000000800601c                HAL_TIM_TriggerCallback
 .text.TIM_Base_SetConfig
                0x0000000008006030       0xc8 ./Drivers/STM32WBxx_HAL_Driver/Src/stm32wbxx_hal_tim.o
                0x0000000008006030                TIM_Base_SetConfig
 .text.HAL_TIMEx_CommutCallback
                0x00000000080060f8       0x14 ./Drivers/STM32WBxx_HAL_Driver/Src/stm32wbxx_hal_tim_ex.o
                0x00000000080060f8                HAL_TIMEx_CommutCallback
 .text.HAL_TIMEx_BreakCallback
                0x000000000800610c       0x14 ./Drivers/STM32WBxx_HAL_Driver/Src/stm32wbxx_hal_tim_ex.o
                0x000000000800610c                HAL_TIMEx_BreakCallback
 .text.HAL_TIMEx_Break2Callback
                0x0000000008006120       0x14 ./Drivers/STM32WBxx_HAL_Driver/Src/stm32wbxx_hal_tim_ex.o
                0x0000000008006120                HAL_TIMEx_Break2Callback
 .text.LL_RCC_GetUSARTClockSource
                0x0000000008006134       0x20 ./Drivers/STM32WBxx_HAL_Driver/Src/stm32wbxx_hal_uart.o
 .text.LL_RCC_GetLPUARTClockSource
                0x0000000008006154       0x20 ./Drivers/STM32WBxx_HAL_Driver/Src/stm32wbxx_hal_uart.o
 .text.HAL_UART_Init
                0x0000000008006174       0xa0 ./Drivers/STM32WBxx_HAL_Driver/Src/stm32wbxx_hal_uart.o
                0x0000000008006174                HAL_UART_Init
 .text.HAL_UART_Transmit_IT
                0x0000000008006214      0x128 ./Drivers/STM32WBxx_HAL_Driver/Src/stm32wbxx_hal_uart.o
                0x0000000008006214                HAL_UART_Transmit_IT
 .text.HAL_UART_Receive_IT
                0x000000000800633c       0x98 ./Drivers/STM32WBxx_HAL_Driver/Src/stm32wbxx_hal_uart.o
                0x000000000800633c                HAL_UART_Receive_IT
 .text.HAL_UART_Transmit_DMA
                0x00000000080063d4      0x100 ./Drivers/STM32WBxx_HAL_Driver/Src/stm32wbxx_hal_uart.o
                0x00000000080063d4                HAL_UART_Transmit_DMA
 .text.HAL_UART_DMAStop
                0x00000000080064d4      0x12c ./Drivers/STM32WBxx_HAL_Driver/Src/stm32wbxx_hal_uart.o
                0x00000000080064d4                HAL_UART_DMAStop
 .text.HAL_UART_AbortReceive_IT
                0x0000000008006600      0x19c ./Drivers/STM32WBxx_HAL_Driver/Src/stm32wbxx_hal_uart.o
                0x0000000008006600                HAL_UART_AbortReceive_IT
 .text.HAL_UART_IRQHandler
                0x000000000800679c      0x648 ./Drivers/STM32WBxx_HAL_Driver/Src/stm32wbxx_hal_uart.o
                0x000000000800679c                HAL_UART_IRQHandler
 .text.HAL_UART_TxHalfCpltCallback
                0x0000000008006de4       0x14 ./Drivers/STM32WBxx_HAL_Driver/Src/stm32wbxx_hal_uart.o
                0x0000000008006de4                HAL_UART_TxHalfCpltCallback
 .text.HAL_UART_RxHalfCpltCallback
                0x0000000008006df8       0x14 ./Drivers/STM32WBxx_HAL_Driver/Src/stm32wbxx_hal_uart.o
                0x0000000008006df8                HAL_UART_RxHalfCpltCallback
 .text.HAL_UART_AbortReceiveCpltCallback
                0x0000000008006e0c       0x14 ./Drivers/STM32WBxx_HAL_Driver/Src/stm32wbxx_hal_uart.o
                0x0000000008006e0c                HAL_UART_AbortReceiveCpltCallback
 .text.HAL_HalfDuplex_EnableTransmitter
                0x0000000008006e20       0xa8 ./Drivers/STM32WBxx_HAL_Driver/Src/stm32wbxx_hal_uart.o
                0x0000000008006e20                HAL_HalfDuplex_EnableTransmitter
 .text.HAL_HalfDuplex_EnableReceiver
                0x0000000008006ec8       0xa8 ./Drivers/STM32WBxx_HAL_Driver/Src/stm32wbxx_hal_uart.o
                0x0000000008006ec8                HAL_HalfDuplex_EnableReceiver
 .text.HAL_UART_GetState
                0x0000000008006f70       0x2a ./Drivers/STM32WBxx_HAL_Driver/Src/stm32wbxx_hal_uart.o
                0x0000000008006f70                HAL_UART_GetState
 *fill*         0x0000000008006f9a        0x2 
 .text.UART_SetConfig
                0x0000000008006f9c      0x450 ./Drivers/STM32WBxx_HAL_Driver/Src/stm32wbxx_hal_uart.o
                0x0000000008006f9c                UART_SetConfig
 .text.UART_AdvFeatureConfig
                0x00000000080073ec      0x144 ./Drivers/STM32WBxx_HAL_Driver/Src/stm32wbxx_hal_uart.o
                0x00000000080073ec                UART_AdvFeatureConfig
 .text.UART_CheckIdleState
                0x0000000008007530      0x154 ./Drivers/STM32WBxx_HAL_Driver/Src/stm32wbxx_hal_uart.o
                0x0000000008007530                UART_CheckIdleState
 .text.UART_WaitOnFlagUntilTimeout
                0x0000000008007684       0xce ./Drivers/STM32WBxx_HAL_Driver/Src/stm32wbxx_hal_uart.o
                0x0000000008007684                UART_WaitOnFlagUntilTimeout
 *fill*         0x0000000008007752        0x2 
 .text.UART_Start_Receive_IT
                0x0000000008007754      0x244 ./Drivers/STM32WBxx_HAL_Driver/Src/stm32wbxx_hal_uart.o
                0x0000000008007754                UART_Start_Receive_IT
 .text.UART_Start_Receive_DMA
                0x0000000008007998      0x14c ./Drivers/STM32WBxx_HAL_Driver/Src/stm32wbxx_hal_uart.o
                0x0000000008007998                UART_Start_Receive_DMA
 .text.UART_EndTxTransfer
                0x0000000008007ae4       0x82 ./Drivers/STM32WBxx_HAL_Driver/Src/stm32wbxx_hal_uart.o
 .text.UART_EndRxTransfer
                0x0000000008007b66       0xcc ./Drivers/STM32WBxx_HAL_Driver/Src/stm32wbxx_hal_uart.o
 .text.UART_DMATransmitCplt
                0x0000000008007c32       0x9a ./Drivers/STM32WBxx_HAL_Driver/Src/stm32wbxx_hal_uart.o
 .text.UART_DMATxHalfCplt
                0x0000000008007ccc       0x1c ./Drivers/STM32WBxx_HAL_Driver/Src/stm32wbxx_hal_uart.o
 .text.UART_DMAReceiveCplt
                0x0000000008007ce8      0x12c ./Drivers/STM32WBxx_HAL_Driver/Src/stm32wbxx_hal_uart.o
 .text.UART_DMARxHalfCplt
                0x0000000008007e14       0x3e ./Drivers/STM32WBxx_HAL_Driver/Src/stm32wbxx_hal_uart.o
 .text.UART_DMAError
                0x0000000008007e52       0x80 ./Drivers/STM32WBxx_HAL_Driver/Src/stm32wbxx_hal_uart.o
 .text.UART_DMAAbortOnError
                0x0000000008007ed2       0x2c ./Drivers/STM32WBxx_HAL_Driver/Src/stm32wbxx_hal_uart.o
 .text.UART_DMARxOnlyAbortCallback
                0x0000000008007efe       0x4a ./Drivers/STM32WBxx_HAL_Driver/Src/stm32wbxx_hal_uart.o
 .text.UART_TxISR_8BIT
                0x0000000008007f48       0xb8 ./Drivers/STM32WBxx_HAL_Driver/Src/stm32wbxx_hal_uart.o
 .text.UART_TxISR_16BIT
                0x0000000008008000       0xc2 ./Drivers/STM32WBxx_HAL_Driver/Src/stm32wbxx_hal_uart.o
 .text.UART_TxISR_8BIT_FIFOEN
                0x00000000080080c2       0xe0 ./Drivers/STM32WBxx_HAL_Driver/Src/stm32wbxx_hal_uart.o
 .text.UART_TxISR_16BIT_FIFOEN
                0x00000000080081a2       0xea ./Drivers/STM32WBxx_HAL_Driver/Src/stm32wbxx_hal_uart.o
 .text.UART_EndTransmit_IT
                0x000000000800828c       0x56 ./Drivers/STM32WBxx_HAL_Driver/Src/stm32wbxx_hal_uart.o
 *fill*         0x00000000080082e2        0x2 
 .text.UART_RxISR_8BIT
                0x00000000080082e4      0x1b8 ./Drivers/STM32WBxx_HAL_Driver/Src/stm32wbxx_hal_uart.o
 .text.UART_RxISR_16BIT
                0x000000000800849c      0x1b8 ./Drivers/STM32WBxx_HAL_Driver/Src/stm32wbxx_hal_uart.o
 .text.UART_RxISR_8BIT_FIFOEN
                0x0000000008008654      0x360 ./Drivers/STM32WBxx_HAL_Driver/Src/stm32wbxx_hal_uart.o
 .text.UART_RxISR_16BIT_FIFOEN
                0x00000000080089b4      0x368 ./Drivers/STM32WBxx_HAL_Driver/Src/stm32wbxx_hal_uart.o
 .text.HAL_UARTEx_WakeupCallback
                0x0000000008008d1c       0x14 ./Drivers/STM32WBxx_HAL_Driver/Src/stm32wbxx_hal_uart_ex.o
                0x0000000008008d1c                HAL_UARTEx_WakeupCallback
 .text.HAL_UARTEx_RxFifoFullCallback
                0x0000000008008d30       0x14 ./Drivers/STM32WBxx_HAL_Driver/Src/stm32wbxx_hal_uart_ex.o
                0x0000000008008d30                HAL_UARTEx_RxFifoFullCallback
 .text.HAL_UARTEx_TxFifoEmptyCallback
                0x0000000008008d44       0x14 ./Drivers/STM32WBxx_HAL_Driver/Src/stm32wbxx_hal_uart_ex.o
                0x0000000008008d44                HAL_UARTEx_TxFifoEmptyCallback
 .text.HAL_UARTEx_DisableFifoMode
                0x0000000008008d58       0x72 ./Drivers/STM32WBxx_HAL_Driver/Src/stm32wbxx_hal_uart_ex.o
                0x0000000008008d58                HAL_UARTEx_DisableFifoMode
 .text.HAL_UARTEx_SetTxFifoThreshold
                0x0000000008008dca       0x7c ./Drivers/STM32WBxx_HAL_Driver/Src/stm32wbxx_hal_uart_ex.o
                0x0000000008008dca                HAL_UARTEx_SetTxFifoThreshold
 .text.HAL_UARTEx_SetRxFifoThreshold
                0x0000000008008e46       0x7c ./Drivers/STM32WBxx_HAL_Driver/Src/stm32wbxx_hal_uart_ex.o
                0x0000000008008e46                HAL_UARTEx_SetRxFifoThreshold
 .text.HAL_UARTEx_ReceiveToIdle_DMA
                0x0000000008008ec2       0xa8 ./Drivers/STM32WBxx_HAL_Driver/Src/stm32wbxx_hal_uart_ex.o
                0x0000000008008ec2                HAL_UARTEx_ReceiveToIdle_DMA
 *fill*         0x0000000008008f6a        0x2 
 .text.UARTEx_SetNbDataToProcess
                0x0000000008008f6c       0x9c ./Drivers/STM32WBxx_HAL_Driver/Src/stm32wbxx_hal_uart_ex.o
 .text.USB_DisableGlobalInt
                0x0000000008009008       0x36 ./Drivers/STM32WBxx_HAL_Driver/Src/stm32wbxx_ll_usb.o
                0x0000000008009008                USB_DisableGlobalInt
 .text.USB_DevInit
                0x000000000800903e       0x42 ./Drivers/STM32WBxx_HAL_Driver/Src/stm32wbxx_ll_usb.o
                0x000000000800903e                USB_DevInit
 .text.__NVIC_SetPriority
                0x0000000008009080       0x54 ./Middlewares/Third_Party/FreeRTOS/Source/CMSIS_RTOS_V2/cmsis_os2.o
 .text.SysTick_Handler
                0x00000000080090d4       0x20 ./Middlewares/Third_Party/FreeRTOS/Source/CMSIS_RTOS_V2/cmsis_os2.o
                0x00000000080090d4                SysTick_Handler
 .text.SVC_Setup
                0x00000000080090f4       0x12 ./Middlewares/Third_Party/FreeRTOS/Source/CMSIS_RTOS_V2/cmsis_os2.o
 *fill*         0x0000000008009106        0x2 
 .text.osKernelInitialize
                0x0000000008009108       0x48 ./Middlewares/Third_Party/FreeRTOS/Source/CMSIS_RTOS_V2/cmsis_os2.o
                0x0000000008009108                osKernelInitialize
 .text.osKernelStart
                0x0000000008009150       0x4c ./Middlewares/Third_Party/FreeRTOS/Source/CMSIS_RTOS_V2/cmsis_os2.o
                0x0000000008009150                osKernelStart
 .text.osThreadNew
                0x000000000800919c      0x124 ./Middlewares/Third_Party/FreeRTOS/Source/CMSIS_RTOS_V2/cmsis_os2.o
                0x000000000800919c                osThreadNew
 .text.osDelay  0x00000000080092c0       0x36 ./Middlewares/Third_Party/FreeRTOS/Source/CMSIS_RTOS_V2/cmsis_os2.o
                0x00000000080092c0                osDelay
 .text.osEventFlagsNew
                0x00000000080092f6       0x7e ./Middlewares/Third_Party/FreeRTOS/Source/CMSIS_RTOS_V2/cmsis_os2.o
                0x00000000080092f6                osEventFlagsNew
 .text.osEventFlagsSet
                0x0000000008009374       0x88 ./Middlewares/Third_Party/FreeRTOS/Source/CMSIS_RTOS_V2/cmsis_os2.o
                0x0000000008009374                osEventFlagsSet
 .text.osEventFlagsWait
                0x00000000080093fc       0xcc ./Middlewares/Third_Party/FreeRTOS/Source/CMSIS_RTOS_V2/cmsis_os2.o
                0x00000000080093fc                osEventFlagsWait
 .text.osSemaphoreNew
                0x00000000080094c8      0x112 ./Middlewares/Third_Party/FreeRTOS/Source/CMSIS_RTOS_V2/cmsis_os2.o
                0x00000000080094c8                osSemaphoreNew
 .text.osMessageQueueNew
                0x00000000080095da       0xe6 ./Middlewares/Third_Party/FreeRTOS/Source/CMSIS_RTOS_V2/cmsis_os2.o
                0x00000000080095da                osMessageQueueNew
 .text.vApplicationGetIdleTaskMemory
                0x00000000080096c0       0x34 ./Middlewares/Third_Party/FreeRTOS/Source/CMSIS_RTOS_V2/cmsis_os2.o
                0x00000000080096c0                vApplicationGetIdleTaskMemory
 .text.vApplicationGetTimerTaskMemory
                0x00000000080096f4       0x34 ./Middlewares/Third_Party/FreeRTOS/Source/CMSIS_RTOS_V2/cmsis_os2.o
                0x00000000080096f4                vApplicationGetTimerTaskMemory
 .text.xEventGroupCreateStatic
                0x0000000008009728       0x6e ./Middlewares/Third_Party/FreeRTOS/Source/event_groups.o
                0x0000000008009728                xEventGroupCreateStatic
 .text.xEventGroupCreate
                0x0000000008009796       0x34 ./Middlewares/Third_Party/FreeRTOS/Source/event_groups.o
                0x0000000008009796                xEventGroupCreate
 *fill*         0x00000000080097ca        0x2 
 .text.xEventGroupWaitBits
                0x00000000080097cc      0x19c ./Middlewares/Third_Party/FreeRTOS/Source/event_groups.o
                0x00000000080097cc                xEventGroupWaitBits
 .text.xEventGroupSetBits
                0x0000000008009968      0x116 ./Middlewares/Third_Party/FreeRTOS/Source/event_groups.o
                0x0000000008009968                xEventGroupSetBits
 .text.vEventGroupSetBitsCallback
                0x0000000008009a7e       0x1a ./Middlewares/Third_Party/FreeRTOS/Source/event_groups.o
                0x0000000008009a7e                vEventGroupSetBitsCallback
 .text.prvTestWaitCondition
                0x0000000008009a98       0x44 ./Middlewares/Third_Party/FreeRTOS/Source/event_groups.o
 .text.xEventGroupSetBitsFromISR
                0x0000000008009adc       0x28 ./Middlewares/Third_Party/FreeRTOS/Source/event_groups.o
                0x0000000008009adc                xEventGroupSetBitsFromISR
 .text.vListInitialise
                0x0000000008009b04       0x40 ./Middlewares/Third_Party/FreeRTOS/Source/list.o
                0x0000000008009b04                vListInitialise
 .text.vListInitialiseItem
                0x0000000008009b44       0x1a ./Middlewares/Third_Party/FreeRTOS/Source/list.o
                0x0000000008009b44                vListInitialiseItem
 .text.vListInsertEnd
                0x0000000008009b5e       0x48 ./Middlewares/Third_Party/FreeRTOS/Source/list.o
                0x0000000008009b5e                vListInsertEnd
 .text.vListInsert
                0x0000000008009ba6       0x72 ./Middlewares/Third_Party/FreeRTOS/Source/list.o
                0x0000000008009ba6                vListInsert
 .text.uxListRemove
                0x0000000008009c18       0x54 ./Middlewares/Third_Party/FreeRTOS/Source/list.o
                0x0000000008009c18                uxListRemove
 .text.xQueueGenericReset
                0x0000000008009c6c       0xd0 ./Middlewares/Third_Party/FreeRTOS/Source/queue.o
                0x0000000008009c6c                xQueueGenericReset
 .text.xQueueGenericCreateStatic
                0x0000000008009d3c       0xf0 ./Middlewares/Third_Party/FreeRTOS/Source/queue.o
                0x0000000008009d3c                xQueueGenericCreateStatic
 .text.xQueueGenericCreate
                0x0000000008009e2c       0x74 ./Middlewares/Third_Party/FreeRTOS/Source/queue.o
                0x0000000008009e2c                xQueueGenericCreate
 .text.prvInitialiseNewQueue
                0x0000000008009ea0       0x46 ./Middlewares/Third_Party/FreeRTOS/Source/queue.o
 .text.xQueueCreateCountingSemaphoreStatic
                0x0000000008009ee6       0x6e ./Middlewares/Third_Party/FreeRTOS/Source/queue.o
                0x0000000008009ee6                xQueueCreateCountingSemaphoreStatic
 .text.xQueueCreateCountingSemaphore
                0x0000000008009f54       0x66 ./Middlewares/Third_Party/FreeRTOS/Source/queue.o
                0x0000000008009f54                xQueueCreateCountingSemaphore
 *fill*         0x0000000008009fba        0x2 
 .text.xQueueGenericSend
                0x0000000008009fbc      0x1fc ./Middlewares/Third_Party/FreeRTOS/Source/queue.o
                0x0000000008009fbc                xQueueGenericSend
 .text.xQueueGenericSendFromISR
                0x000000000800a1b8      0x136 ./Middlewares/Third_Party/FreeRTOS/Source/queue.o
                0x000000000800a1b8                xQueueGenericSendFromISR
 *fill*         0x000000000800a2ee        0x2 
 .text.xQueueReceive
                0x000000000800a2f0      0x1c0 ./Middlewares/Third_Party/FreeRTOS/Source/queue.o
                0x000000000800a2f0                xQueueReceive
 .text.xQueueSemaphoreTake
                0x000000000800a4b0      0x218 ./Middlewares/Third_Party/FreeRTOS/Source/queue.o
                0x000000000800a4b0                xQueueSemaphoreTake
 .text.vQueueDelete
                0x000000000800a6c8       0x46 ./Middlewares/Third_Party/FreeRTOS/Source/queue.o
                0x000000000800a6c8                vQueueDelete
 .text.prvGetDisinheritPriorityAfterTimeout
                0x000000000800a70e       0x30 ./Middlewares/Third_Party/FreeRTOS/Source/queue.o
 .text.prvCopyDataToQueue
                0x000000000800a73e       0xd4 ./Middlewares/Third_Party/FreeRTOS/Source/queue.o
 .text.prvCopyDataFromQueue
                0x000000000800a812       0x4c ./Middlewares/Third_Party/FreeRTOS/Source/queue.o
 .text.prvUnlockQueue
                0x000000000800a85e       0xa4 ./Middlewares/Third_Party/FreeRTOS/Source/queue.o
 .text.prvIsQueueEmpty
                0x000000000800a902       0x2c ./Middlewares/Third_Party/FreeRTOS/Source/queue.o
 .text.prvIsQueueFull
                0x000000000800a92e       0x30 ./Middlewares/Third_Party/FreeRTOS/Source/queue.o
 *fill*         0x000000000800a95e        0x2 
 .text.vQueueAddToRegistry
                0x000000000800a960       0x54 ./Middlewares/Third_Party/FreeRTOS/Source/queue.o
                0x000000000800a960                vQueueAddToRegistry
 .text.vQueueUnregisterQueue
                0x000000000800a9b4       0x54 ./Middlewares/Third_Party/FreeRTOS/Source/queue.o
                0x000000000800a9b4                vQueueUnregisterQueue
 .text.vQueueWaitForMessageRestricted
                0x000000000800aa08       0x68 ./Middlewares/Third_Party/FreeRTOS/Source/queue.o
                0x000000000800aa08                vQueueWaitForMessageRestricted
 .text.xTaskCreateStatic
                0x000000000800aa70       0xba ./Middlewares/Third_Party/FreeRTOS/Source/tasks.o
                0x000000000800aa70                xTaskCreateStatic
 .text.xTaskCreate
                0x000000000800ab2a       0x8a ./Middlewares/Third_Party/FreeRTOS/Source/tasks.o
                0x000000000800ab2a                xTaskCreate
 .text.prvInitialiseNewTask
                0x000000000800abb4      0x11e ./Middlewares/Third_Party/FreeRTOS/Source/tasks.o
 *fill*         0x000000000800acd2        0x2 
 .text.prvAddNewTaskToReadyList
                0x000000000800acd4       0xe0 ./Middlewares/Third_Party/FreeRTOS/Source/tasks.o
 .text.vTaskDelay
                0x000000000800adb4       0x68 ./Middlewares/Third_Party/FreeRTOS/Source/tasks.o
                0x000000000800adb4                vTaskDelay
 .text.vTaskStartScheduler
                0x000000000800ae1c       0xcc ./Middlewares/Third_Party/FreeRTOS/Source/tasks.o
                0x000000000800ae1c                vTaskStartScheduler
 .text.vTaskSuspendAll
                0x000000000800aee8       0x1c ./Middlewares/Third_Party/FreeRTOS/Source/tasks.o
                0x000000000800aee8                vTaskSuspendAll
 .text.xTaskResumeAll
                0x000000000800af04      0x13c ./Middlewares/Third_Party/FreeRTOS/Source/tasks.o
                0x000000000800af04                xTaskResumeAll
 .text.xTaskGetTickCount
                0x000000000800b040       0x20 ./Middlewares/Third_Party/FreeRTOS/Source/tasks.o
                0x000000000800b040                xTaskGetTickCount
 .text.xTaskGetTickCountFromISR
                0x000000000800b060       0x24 ./Middlewares/Third_Party/FreeRTOS/Source/tasks.o
                0x000000000800b060                xTaskGetTickCountFromISR
 .text.xTaskIncrementTick
                0x000000000800b084      0x174 ./Middlewares/Third_Party/FreeRTOS/Source/tasks.o
                0x000000000800b084                xTaskIncrementTick
 .text.vTaskSwitchContext
                0x000000000800b1f8       0xbc ./Middlewares/Third_Party/FreeRTOS/Source/tasks.o
                0x000000000800b1f8                vTaskSwitchContext
 .text.vTaskPlaceOnEventList
                0x000000000800b2b4       0x48 ./Middlewares/Third_Party/FreeRTOS/Source/tasks.o
                0x000000000800b2b4                vTaskPlaceOnEventList
 .text.vTaskPlaceOnUnorderedEventList
                0x000000000800b2fc       0x78 ./Middlewares/Third_Party/FreeRTOS/Source/tasks.o
                0x000000000800b2fc                vTaskPlaceOnUnorderedEventList
 .text.vTaskPlaceOnEventListRestricted
                0x000000000800b374       0x58 ./Middlewares/Third_Party/FreeRTOS/Source/tasks.o
                0x000000000800b374                vTaskPlaceOnEventListRestricted
 .text.xTaskRemoveFromEventList
                0x000000000800b3cc       0xc8 ./Middlewares/Third_Party/FreeRTOS/Source/tasks.o
                0x000000000800b3cc                xTaskRemoveFromEventList
 .text.vTaskRemoveFromUnorderedEventList
                0x000000000800b494       0xc4 ./Middlewares/Third_Party/FreeRTOS/Source/tasks.o
                0x000000000800b494                vTaskRemoveFromUnorderedEventList
 .text.vTaskInternalSetTimeOutState
                0x000000000800b558       0x2c ./Middlewares/Third_Party/FreeRTOS/Source/tasks.o
                0x000000000800b558                vTaskInternalSetTimeOutState
 .text.xTaskCheckForTimeOut
                0x000000000800b584       0xc4 ./Middlewares/Third_Party/FreeRTOS/Source/tasks.o
                0x000000000800b584                xTaskCheckForTimeOut
 .text.vTaskMissedYield
                0x000000000800b648       0x18 ./Middlewares/Third_Party/FreeRTOS/Source/tasks.o
                0x000000000800b648                vTaskMissedYield
 .text.prvIdleTask
                0x000000000800b660       0x30 ./Middlewares/Third_Party/FreeRTOS/Source/tasks.o
 .text.prvInitialiseTaskLists
                0x000000000800b690       0x80 ./Middlewares/Third_Party/FreeRTOS/Source/tasks.o
 .text.prvCheckTasksWaitingTermination
                0x000000000800b710       0x5c ./Middlewares/Third_Party/FreeRTOS/Source/tasks.o
 .text.prvDeleteTCB
                0x000000000800b76c       0x5e ./Middlewares/Third_Party/FreeRTOS/Source/tasks.o
 *fill*         0x000000000800b7ca        0x2 
 .text.prvResetNextTaskUnblockTime
                0x000000000800b7cc       0x40 ./Middlewares/Third_Party/FreeRTOS/Source/tasks.o
 .text.xTaskGetSchedulerState
                0x000000000800b80c       0x3c ./Middlewares/Third_Party/FreeRTOS/Source/tasks.o
                0x000000000800b80c                xTaskGetSchedulerState
 .text.xTaskPriorityInherit
                0x000000000800b848       0xd0 ./Middlewares/Third_Party/FreeRTOS/Source/tasks.o
                0x000000000800b848                xTaskPriorityInherit
 .text.xTaskPriorityDisinherit
                0x000000000800b918       0xdc ./Middlewares/Third_Party/FreeRTOS/Source/tasks.o
                0x000000000800b918                xTaskPriorityDisinherit
 .text.vTaskPriorityDisinheritAfterTimeout
                0x000000000800b9f4      0x104 ./Middlewares/Third_Party/FreeRTOS/Source/tasks.o
                0x000000000800b9f4                vTaskPriorityDisinheritAfterTimeout
 .text.uxTaskResetEventItemValue
                0x000000000800baf8       0x30 ./Middlewares/Third_Party/FreeRTOS/Source/tasks.o
                0x000000000800baf8                uxTaskResetEventItemValue
 .text.pvTaskIncrementMutexHeldCount
                0x000000000800bb28       0x28 ./Middlewares/Third_Party/FreeRTOS/Source/tasks.o
                0x000000000800bb28                pvTaskIncrementMutexHeldCount
 .text.ulTaskNotifyTake
                0x000000000800bb50       0x90 ./Middlewares/Third_Party/FreeRTOS/Source/tasks.o
                0x000000000800bb50                ulTaskNotifyTake
 .text.xTaskGenericNotify
                0x000000000800bbe0      0x170 ./Middlewares/Third_Party/FreeRTOS/Source/tasks.o
                0x000000000800bbe0                xTaskGenericNotify
 .text.xTaskGenericNotifyFromISR
                0x000000000800bd50      0x1b8 ./Middlewares/Third_Party/FreeRTOS/Source/tasks.o
                0x000000000800bd50                xTaskGenericNotifyFromISR
 .text.prvAddCurrentTaskToDelayedList
                0x000000000800bf08       0xa8 ./Middlewares/Third_Party/FreeRTOS/Source/tasks.o
 .text.xTimerCreateTimerTask
                0x000000000800bfb0       0x90 ./Middlewares/Third_Party/FreeRTOS/Source/timers.o
                0x000000000800bfb0                xTimerCreateTimerTask
 .text.xTimerCreate
                0x000000000800c040       0x42 ./Middlewares/Third_Party/FreeRTOS/Source/timers.o
                0x000000000800c040                xTimerCreate
 .text.prvInitialiseNewTimer
                0x000000000800c082       0x76 ./Middlewares/Third_Party/FreeRTOS/Source/timers.o
 .text.xTimerGenericCommand
                0x000000000800c0f8       0x9c ./Middlewares/Third_Party/FreeRTOS/Source/timers.o
                0x000000000800c0f8                xTimerGenericCommand
 .text.prvProcessExpiredTimer
                0x000000000800c194       0x98 ./Middlewares/Third_Party/FreeRTOS/Source/timers.o
 .text.prvTimerTask
                0x000000000800c22c       0x24 ./Middlewares/Third_Party/FreeRTOS/Source/timers.o
 .text.prvProcessTimerOrBlockTask
                0x000000000800c250       0x9c ./Middlewares/Third_Party/FreeRTOS/Source/timers.o
 .text.prvGetNextExpireTime
                0x000000000800c2ec       0x48 ./Middlewares/Third_Party/FreeRTOS/Source/timers.o
 .text.prvSampleTimeNow
                0x000000000800c334       0x40 ./Middlewares/Third_Party/FreeRTOS/Source/timers.o
 .text.prvInsertTimerInActiveList
                0x000000000800c374       0x84 ./Middlewares/Third_Party/FreeRTOS/Source/timers.o
 .text.prvProcessReceivedCommands
                0x000000000800c3f8      0x1c4 ./Middlewares/Third_Party/FreeRTOS/Source/timers.o
 .text.prvSwitchTimerLists
                0x000000000800c5bc       0xc8 ./Middlewares/Third_Party/FreeRTOS/Source/timers.o
 .text.prvCheckForValidListAndQueue
                0x000000000800c684       0x80 ./Middlewares/Third_Party/FreeRTOS/Source/timers.o
 .text.xTimerPendFunctionCallFromISR
                0x000000000800c704       0x40 ./Middlewares/Third_Party/FreeRTOS/Source/timers.o
                0x000000000800c704                xTimerPendFunctionCallFromISR
 .text.pxPortInitialiseStack
                0x000000000800c744       0x68 ./Middlewares/Third_Party/FreeRTOS/Source/portable/GCC/ARM_CM4F/port.o
                0x000000000800c744                pxPortInitialiseStack
 .text.prvTaskExitError
                0x000000000800c7ac       0x58 ./Middlewares/Third_Party/FreeRTOS/Source/portable/GCC/ARM_CM4F/port.o
 *fill*         0x000000000800c804        0xc 
 .text.SVC_Handler
                0x000000000800c810       0x28 ./Middlewares/Third_Party/FreeRTOS/Source/portable/GCC/ARM_CM4F/port.o
                0x000000000800c810                SVC_Handler
 .text.prvPortStartFirstTask
                0x000000000800c838       0x28 ./Middlewares/Third_Party/FreeRTOS/Source/portable/GCC/ARM_CM4F/port.o
 .text.xPortStartScheduler
                0x000000000800c860      0x144 ./Middlewares/Third_Party/FreeRTOS/Source/portable/GCC/ARM_CM4F/port.o
                0x000000000800c860                xPortStartScheduler
 .text.vPortEnterCritical
                0x000000000800c9a4       0x60 ./Middlewares/Third_Party/FreeRTOS/Source/portable/GCC/ARM_CM4F/port.o
                0x000000000800c9a4                vPortEnterCritical
 .text.vPortExitCritical
                0x000000000800ca04       0x54 ./Middlewares/Third_Party/FreeRTOS/Source/portable/GCC/ARM_CM4F/port.o
                0x000000000800ca04                vPortExitCritical
 *fill*         0x000000000800ca58        0x8 
 .text.PendSV_Handler
                0x000000000800ca60       0x68 ./Middlewares/Third_Party/FreeRTOS/Source/portable/GCC/ARM_CM4F/port.o
                0x000000000800ca60                PendSV_Handler
 .text.xPortSysTickHandler
                0x000000000800cac8       0x44 ./Middlewares/Third_Party/FreeRTOS/Source/portable/GCC/ARM_CM4F/port.o
                0x000000000800cac8                xPortSysTickHandler
 .text.vPortSetupTimerInterrupt
                0x000000000800cb0c       0x48 ./Middlewares/Third_Party/FreeRTOS/Source/portable/GCC/ARM_CM4F/port.o
                0x000000000800cb0c                vPortSetupTimerInterrupt
 .text.vPortEnableVFP
                0x000000000800cb54       0x14 ./Middlewares/Third_Party/FreeRTOS/Source/portable/GCC/ARM_CM4F/port.o
 .text.vPortValidateInterruptPriority
                0x000000000800cb68       0x80 ./Middlewares/Third_Party/FreeRTOS/Source/portable/GCC/ARM_CM4F/port.o
                0x000000000800cb68                vPortValidateInterruptPriority
 .text.pvPortMalloc
                0x000000000800cbe8      0x198 ./Middlewares/Third_Party/FreeRTOS/Source/portable/MemMang/heap_4.o
                0x000000000800cbe8                pvPortMalloc
 .text.vPortFree
                0x000000000800cd80       0xc4 ./Middlewares/Third_Party/FreeRTOS/Source/portable/MemMang/heap_4.o
                0x000000000800cd80                vPortFree
 .text.prvHeapInit
                0x000000000800ce44       0xc4 ./Middlewares/Third_Party/FreeRTOS/Source/portable/MemMang/heap_4.o
 .text.prvInsertBlockIntoFreeList
                0x000000000800cf08       0xb4 ./Middlewares/Third_Party/FreeRTOS/Source/portable/MemMang/heap_4.o
 .text.RingAdd  0x000000000800cfbc       0x8e ./Middlewares/Third_Party/MODBUS-LIB/Src/Modbus.o
                0x000000000800cfbc                RingAdd
 .text.RingGetAllBytes
                0x000000000800d04a       0x24 ./Middlewares/Third_Party/MODBUS-LIB/Src/Modbus.o
                0x000000000800d04a                RingGetAllBytes
 .text.RingGetNBytes
                0x000000000800d06e       0xa8 ./Middlewares/Third_Party/MODBUS-LIB/Src/Modbus.o
                0x000000000800d06e                RingGetNBytes
 .text.RingClear
                0x000000000800d116       0x34 ./Middlewares/Third_Party/MODBUS-LIB/Src/Modbus.o
                0x000000000800d116                RingClear
 *fill*         0x000000000800d14a        0x2 
 .text.ModbusInit
                0x000000000800d14c      0x144 ./Middlewares/Third_Party/MODBUS-LIB/Src/Modbus.o
                0x000000000800d14c                ModbusInit
 .text.ModbusStart
                0x000000000800d290      0x128 ./Middlewares/Third_Party/MODBUS-LIB/Src/Modbus.o
                0x000000000800d290                ModbusStart
 .text.vTimerCallbackT35
                0x000000000800d3b8       0x84 ./Middlewares/Third_Party/MODBUS-LIB/Src/Modbus.o
 .text.vTimerCallbackTimeout
                0x000000000800d43c       0x5c ./Middlewares/Third_Party/MODBUS-LIB/Src/Modbus.o
 .text.StartTaskModbusSlave
                0x000000000800d498      0x19c ./Middlewares/Third_Party/MODBUS-LIB/Src/Modbus.o
                0x000000000800d498                StartTaskModbusSlave
 .text.SendQuery
                0x000000000800d634      0x2d8 ./Middlewares/Third_Party/MODBUS-LIB/Src/Modbus.o
 .text.StartTaskModbusMaster
                0x000000000800d90c      0x1b4 ./Middlewares/Third_Party/MODBUS-LIB/Src/Modbus.o
                0x000000000800d90c                StartTaskModbusMaster
 .text.get_FC1  0x000000000800dac0       0xae ./Middlewares/Third_Party/MODBUS-LIB/Src/Modbus.o
 .text.get_FC3  0x000000000800db6e       0x5c ./Middlewares/Third_Party/MODBUS-LIB/Src/Modbus.o
 *fill*         0x000000000800dbca        0x2 
 .text.validateAnswer
                0x000000000800dbcc       0xdc ./Middlewares/Third_Party/MODBUS-LIB/Src/Modbus.o
 .text.getRxBuffer
                0x000000000800dca8       0x92 ./Middlewares/Third_Party/MODBUS-LIB/Src/Modbus.o
 *fill*         0x000000000800dd3a        0x2 
 .text.validateRequest
                0x000000000800dd3c      0x294 ./Middlewares/Third_Party/MODBUS-LIB/Src/Modbus.o
 .text.word     0x000000000800dfd0       0x26 ./Middlewares/Third_Party/MODBUS-LIB/Src/Modbus.o
 .text.calcCRC  0x000000000800dff6       0x8e ./Middlewares/Third_Party/MODBUS-LIB/Src/Modbus.o
                0x000000000800dff6                calcCRC
 .text.buildException
                0x000000000800e084       0x3e ./Middlewares/Third_Party/MODBUS-LIB/Src/Modbus.o
 .text.sendTxBuffer
                0x000000000800e0c2      0x144 ./Middlewares/Third_Party/MODBUS-LIB/Src/Modbus.o
 .text.process_FC1
                0x000000000800e206      0x16a ./Middlewares/Third_Party/MODBUS-LIB/Src/Modbus.o
 .text.process_FC3
                0x000000000800e370       0xd6 ./Middlewares/Third_Party/MODBUS-LIB/Src/Modbus.o
 .text.process_FC5
                0x000000000800e446       0xb2 ./Middlewares/Third_Party/MODBUS-LIB/Src/Modbus.o
 .text.process_FC6
                0x000000000800e4f8       0x64 ./Middlewares/Third_Party/MODBUS-LIB/Src/Modbus.o
 .text.process_FC15
                0x000000000800e55c      0x11c ./Middlewares/Third_Party/MODBUS-LIB/Src/Modbus.o
 .text.process_FC16
                0x000000000800e678       0xac ./Middlewares/Third_Party/MODBUS-LIB/Src/Modbus.o
 .text.HAL_UART_TxCpltCallback
                0x000000000800e724       0x7c ./Middlewares/Third_Party/MODBUS-LIB/Src/UARTCallback.o
                0x000000000800e724                HAL_UART_TxCpltCallback
 .text.HAL_UART_RxCpltCallback
                0x000000000800e7a0       0xd4 ./Middlewares/Third_Party/MODBUS-LIB/Src/UARTCallback.o
                0x000000000800e7a0                HAL_UART_RxCpltCallback
 .text.HAL_UART_ErrorCallback
                0x000000000800e874       0xb4 ./Middlewares/Third_Party/MODBUS-LIB/Src/UARTCallback.o
                0x000000000800e874                HAL_UART_ErrorCallback
 .text.HAL_UARTEx_RxEventCallback
                0x000000000800e928      0x114 ./Middlewares/Third_Party/MODBUS-LIB/Src/UARTCallback.o
                0x000000000800e928                HAL_UARTEx_RxEventCallback
 .text.memset   0x000000000800ea3c       0x10 C:/ST/STM32CubeIDE_1.13.1/STM32CubeIDE/plugins/com.st.stm32cube.ide.mcu.externaltools.gnu-tools-for-stm32.11.3.rel1.win32_1.1.100.202309141235/tools/bin/../lib/gcc/arm-none-eabi/11.3.1/../../../../arm-none-eabi/lib/thumb/v7e-m+fp/hard\libc_nano.a(libc_a-memset.o)
                0x000000000800ea3c                memset
 .text.__libc_init_array
                0x000000000800ea4c       0x48 C:/ST/STM32CubeIDE_1.13.1/STM32CubeIDE/plugins/com.st.stm32cube.ide.mcu.externaltools.gnu-tools-for-stm32.11.3.rel1.win32_1.1.100.202309141235/tools/bin/../lib/gcc/arm-none-eabi/11.3.1/../../../../arm-none-eabi/lib/thumb/v7e-m+fp/hard\libc_nano.a(libc_a-init.o)
                0x000000000800ea4c                __libc_init_array
 .text.memcpy   0x000000000800ea94       0x1c C:/ST/STM32CubeIDE_1.13.1/STM32CubeIDE/plugins/com.st.stm32cube.ide.mcu.externaltools.gnu-tools-for-stm32.11.3.rel1.win32_1.1.100.202309141235/tools/bin/../lib/gcc/arm-none-eabi/11.3.1/../../../../arm-none-eabi/lib/thumb/v7e-m+fp/hard\libc_nano.a(libc_a-memcpy-stub.o)
                0x000000000800ea94                memcpy
 *(.glue_7)
 .glue_7        0x000000000800eab0        0x0 linker stubs
 *(.glue_7t)
 .glue_7t       0x000000000800eab0        0x0 linker stubs
 *(.eh_frame)
 .eh_frame      0x000000000800eab0        0x0 C:/ST/STM32CubeIDE_1.13.1/STM32CubeIDE/plugins/com.st.stm32cube.ide.mcu.externaltools.gnu-tools-for-stm32.11.3.rel1.win32_1.1.100.202309141235/tools/bin/../lib/gcc/arm-none-eabi/11.3.1/thumb/v7e-m+fp/hard/crtbegin.o
 *(.init)
 .init          0x000000000800eab0        0x4 C:/ST/STM32CubeIDE_1.13.1/STM32CubeIDE/plugins/com.st.stm32cube.ide.mcu.externaltools.gnu-tools-for-stm32.11.3.rel1.win32_1.1.100.202309141235/tools/bin/../lib/gcc/arm-none-eabi/11.3.1/thumb/v7e-m+fp/hard/crti.o
                0x000000000800eab0                _init
 .init          0x000000000800eab4        0x8 C:/ST/STM32CubeIDE_1.13.1/STM32CubeIDE/plugins/com.st.stm32cube.ide.mcu.externaltools.gnu-tools-for-stm32.11.3.rel1.win32_1.1.100.202309141235/tools/bin/../lib/gcc/arm-none-eabi/11.3.1/thumb/v7e-m+fp/hard/crtn.o
 *(.fini)
 .fini          0x000000000800eabc        0x4 C:/ST/STM32CubeIDE_1.13.1/STM32CubeIDE/plugins/com.st.stm32cube.ide.mcu.externaltools.gnu-tools-for-stm32.11.3.rel1.win32_1.1.100.202309141235/tools/bin/../lib/gcc/arm-none-eabi/11.3.1/thumb/v7e-m+fp/hard/crti.o
                0x000000000800eabc                _fini
 .fini          0x000000000800eac0        0x8 C:/ST/STM32CubeIDE_1.13.1/STM32CubeIDE/plugins/com.st.stm32cube.ide.mcu.externaltools.gnu-tools-for-stm32.11.3.rel1.win32_1.1.100.202309141235/tools/bin/../lib/gcc/arm-none-eabi/11.3.1/thumb/v7e-m+fp/hard/crtn.o
                0x000000000800eac8                . = ALIGN (0x4)
                0x000000000800eac8                _etext = .

.vfp11_veneer   0x000000000800eac8        0x0
 .vfp11_veneer  0x000000000800eac8        0x0 linker stubs

.v4_bx          0x000000000800eac8        0x0
 .v4_bx         0x000000000800eac8        0x0 linker stubs

.iplt           0x000000000800eac8        0x0
 .iplt          0x000000000800eac8        0x0 C:/ST/STM32CubeIDE_1.13.1/STM32CubeIDE/plugins/com.st.stm32cube.ide.mcu.externaltools.gnu-tools-for-stm32.11.3.rel1.win32_1.1.100.202309141235/tools/bin/../lib/gcc/arm-none-eabi/11.3.1/thumb/v7e-m+fp/hard/crtbegin.o

.rodata         0x000000000800eac8      0x260
                0x000000000800eac8                . = ALIGN (0x4)
 *(.rodata)
 .rodata        0x000000000800eac8       0x22 ./Core/Src/main.o
 *fill*         0x000000000800eaea        0x2 
 .rodata        0x000000000800eaec       0x2c ./Drivers/STM32WBxx_HAL_Driver/Src/stm32wbxx_hal_rcc.o
 .rodata        0x000000000800eb18        0x5 ./Middlewares/Third_Party/FreeRTOS/Source/tasks.o
 *fill*         0x000000000800eb1d        0x3 
 .rodata        0x000000000800eb20        0xd ./Middlewares/Third_Party/FreeRTOS/Source/timers.o
 *fill*         0x000000000800eb2d        0x3 
 .rodata        0x000000000800eb30       0x5d ./Middlewares/Third_Party/MODBUS-LIB/Src/Modbus.o
 *(.rodata*)
 *fill*         0x000000000800eb8d        0x3 
 .rodata.defaultTask_attributes
                0x000000000800eb90       0x24 ./Core/Src/main.o
                0x000000000800eb90                defaultTask_attributes
 .rodata.TempCalc_attributes
                0x000000000800ebb4       0x24 ./Core/Src/main.o
                0x000000000800ebb4                TempCalc_attributes
 .rodata.tempFlags_attributes
                0x000000000800ebd8       0x10 ./Core/Src/main.o
                0x000000000800ebd8                tempFlags_attributes
 .rodata.AHBPrescTable
                0x000000000800ebe8       0x40 ./Core/Src/system_stm32wbxx.o
                0x000000000800ebe8                AHBPrescTable
 .rodata.APBPrescTable
                0x000000000800ec28       0x20 ./Core/Src/system_stm32wbxx.o
                0x000000000800ec28                APBPrescTable
 .rodata.MSIRangeTable
                0x000000000800ec48       0x40 ./Core/Src/system_stm32wbxx.o
                0x000000000800ec48                MSIRangeTable
 .rodata.UARTPrescTable
                0x000000000800ec88       0x18 ./Drivers/STM32WBxx_HAL_Driver/Src/stm32wbxx_hal_uart.o
                0x000000000800ec88                UARTPrescTable
 .rodata.numerator.1
                0x000000000800eca0        0x8 ./Drivers/STM32WBxx_HAL_Driver/Src/stm32wbxx_hal_uart_ex.o
 .rodata.denominator.0
                0x000000000800eca8        0x8 ./Drivers/STM32WBxx_HAL_Driver/Src/stm32wbxx_hal_uart_ex.o
 .rodata.QueueTelegram_attributes
                0x000000000800ecb0       0x18 ./Middlewares/Third_Party/MODBUS-LIB/Src/Modbus.o
                0x000000000800ecb0                QueueTelegram_attributes
 .rodata.myTaskModbusA_attributes
                0x000000000800ecc8       0x24 ./Middlewares/Third_Party/MODBUS-LIB/Src/Modbus.o
                0x000000000800ecc8                myTaskModbusA_attributes
 .rodata.myTaskModbusB_attributes
                0x000000000800ecec       0x24 ./Middlewares/Third_Party/MODBUS-LIB/Src/Modbus.o
                0x000000000800ecec                myTaskModbusB_attributes
 .rodata.ModBusSphr_attributes
                0x000000000800ed10       0x10 ./Middlewares/Third_Party/MODBUS-LIB/Src/Modbus.o
                0x000000000800ed10                ModBusSphr_attributes
 .rodata.fctsupported
                0x000000000800ed20        0x8 ./Middlewares/Third_Party/MODBUS-LIB/Src/Modbus.o
                0x000000000800ed20                fctsupported
                0x000000000800ed28                . = ALIGN (0x4)

.ARM.extab
 *(.ARM.extab* .gnu.linkonce.armextab.*)

.ARM            0x000000000800ed28        0x8
                0x000000000800ed28                __exidx_start = .
 *(.ARM.exidx*)
 .ARM.exidx     0x000000000800ed28        0x8 C:/ST/STM32CubeIDE_1.13.1/STM32CubeIDE/plugins/com.st.stm32cube.ide.mcu.externaltools.gnu-tools-for-stm32.11.3.rel1.win32_1.1.100.202309141235/tools/bin/../lib/gcc/arm-none-eabi/11.3.1/thumb/v7e-m+fp/hard\libgcc.a(_udivmoddi4.o)
                0x000000000800ed30                __exidx_end = .

.rel.dyn        0x000000000800ed30        0x0
 .rel.iplt      0x000000000800ed30        0x0 C:/ST/STM32CubeIDE_1.13.1/STM32CubeIDE/plugins/com.st.stm32cube.ide.mcu.externaltools.gnu-tools-for-stm32.11.3.rel1.win32_1.1.100.202309141235/tools/bin/../lib/gcc/arm-none-eabi/11.3.1/thumb/v7e-m+fp/hard/crtbegin.o

.preinit_array  0x000000000800ed30        0x0
                0x000000000800ed30                PROVIDE (__preinit_array_start = .)
 *(.preinit_array*)
                0x000000000800ed30                PROVIDE (__preinit_array_end = .)

.init_array     0x000000000800ed30        0x4
                0x000000000800ed30                PROVIDE (__init_array_start = .)
 *(SORT_BY_NAME(.init_array.*))
 *(.init_array*)
 .init_array    0x000000000800ed30        0x4 C:/ST/STM32CubeIDE_1.13.1/STM32CubeIDE/plugins/com.st.stm32cube.ide.mcu.externaltools.gnu-tools-for-stm32.11.3.rel1.win32_1.1.100.202309141235/tools/bin/../lib/gcc/arm-none-eabi/11.3.1/thumb/v7e-m+fp/hard/crtbegin.o
                0x000000000800ed34                PROVIDE (__init_array_end = .)

.fini_array     0x000000000800ed34        0x4
                [!provide]                        PROVIDE (__fini_array_start = .)
 *(SORT_BY_NAME(.fini_array.*))
 *(.fini_array*)
 .fini_array    0x000000000800ed34        0x4 C:/ST/STM32CubeIDE_1.13.1/STM32CubeIDE/plugins/com.st.stm32cube.ide.mcu.externaltools.gnu-tools-for-stm32.11.3.rel1.win32_1.1.100.202309141235/tools/bin/../lib/gcc/arm-none-eabi/11.3.1/thumb/v7e-m+fp/hard/crtbegin.o
                [!provide]                        PROVIDE (__fini_array_end = .)
                0x000000000800ed38                _sidata = LOADADDR (.data)

.data           0x0000000020000008       0x74 load address 0x000000000800ed38
                0x0000000020000008                . = ALIGN (0x4)
                0x0000000020000008                _sdata = .
 *(.data)
 *(.data*)
 .data.ModbusDATA
                0x0000000020000008       0x64 ./Core/Src/main.o
 .data.SystemCoreClock
                0x000000002000006c        0x4 ./Core/Src/system_stm32wbxx.o
                0x000000002000006c                SystemCoreClock
 .data.uwTickPrio
                0x0000000020000070        0x4 ./Drivers/STM32WBxx_HAL_Driver/Src/stm32wbxx_hal.o
                0x0000000020000070                uwTickPrio
 .data.uwTickFreq
                0x0000000020000074        0x1 ./Drivers/STM32WBxx_HAL_Driver/Src/stm32wbxx_hal.o
                0x0000000020000074                uwTickFreq
 *fill*         0x0000000020000075        0x3 
 .data.uxCriticalNesting
                0x0000000020000078        0x4 ./Middlewares/Third_Party/FreeRTOS/Source/portable/GCC/ARM_CM4F/port.o
 *(.RamFunc)
 *(.RamFunc*)
                0x000000002000007c                . = ALIGN (0x4)
                0x000000002000007c                _edata = .

.igot.plt       0x000000002000007c        0x0 load address 0x000000000800edac
 .igot.plt      0x000000002000007c        0x0 C:/ST/STM32CubeIDE_1.13.1/STM32CubeIDE/plugins/com.st.stm32cube.ide.mcu.externaltools.gnu-tools-for-stm32.11.3.rel1.win32_1.1.100.202309141235/tools/bin/../lib/gcc/arm-none-eabi/11.3.1/thumb/v7e-m+fp/hard/crtbegin.o
                0x000000002000007c                . = ALIGN (0x4)

.bss            0x0000000020000080     0x203c load address 0x000000000800edac
                0x0000000020000080                _sbss = .
                0x0000000020000080                __bss_start__ = _sbss
 *(.bss)
 .bss           0x0000000020000080       0x1c C:/ST/STM32CubeIDE_1.13.1/STM32CubeIDE/plugins/com.st.stm32cube.ide.mcu.externaltools.gnu-tools-for-stm32.11.3.rel1.win32_1.1.100.202309141235/tools/bin/../lib/gcc/arm-none-eabi/11.3.1/thumb/v7e-m+fp/hard/crtbegin.o
 *(.bss*)
 .bss.hadc1     0x000000002000009c       0x64 ./Core/Src/main.o
                0x000000002000009c                hadc1
 .bss.hdma_adc1
                0x0000000020000100       0x60 ./Core/Src/main.o
                0x0000000020000100                hdma_adc1
 .bss.huart1    0x0000000020000160       0x94 ./Core/Src/main.o
                0x0000000020000160                huart1
 .bss.hdma_usart1_rx
                0x00000000200001f4       0x60 ./Core/Src/main.o
                0x00000000200001f4                hdma_usart1_rx
 .bss.hdma_usart1_tx
                0x0000000020000254       0x60 ./Core/Src/main.o
                0x0000000020000254                hdma_usart1_tx
 .bss.hpcd_USB_FS
                0x00000000200002b4      0x2f4 ./Core/Src/main.o
                0x00000000200002b4                hpcd_USB_FS
 .bss.defaultTaskHandle
                0x00000000200005a8        0x4 ./Core/Src/main.o
                0x00000000200005a8                defaultTaskHandle
 .bss.ModbusH   0x00000000200005ac      0x144 ./Core/Src/main.o
                0x00000000200005ac                ModbusH
 .bss.TempCalcHandle
                0x00000000200006f0        0x4 ./Core/Src/main.o
                0x00000000200006f0                TempCalcHandle
 .bss.tempFlagsHandle
                0x00000000200006f4        0x4 ./Core/Src/main.o
                0x00000000200006f4                tempFlagsHandle
 .bss.ADCrawReading
                0x00000000200006f8        0x2 ./Core/Src/main.o
                0x00000000200006f8                ADCrawReading
 *fill*         0x00000000200006fa        0x6 
 .bss.ADCvoltage
                0x0000000020000700        0x8 ./Core/Src/main.o
                0x0000000020000700                ADCvoltage
 .bss.Temperature
                0x0000000020000708        0x8 ./Core/Src/main.o
                0x0000000020000708                Temperature
 .bss.htim16    0x0000000020000710       0x4c ./Core/Src/stm32wbxx_hal_timebase_tim.o
                0x0000000020000710                htim16
 .bss.uwTick    0x000000002000075c        0x4 ./Drivers/STM32WBxx_HAL_Driver/Src/stm32wbxx_hal.o
                0x000000002000075c                uwTick
 .bss.KernelState
                0x0000000020000760        0x4 ./Middlewares/Third_Party/FreeRTOS/Source/CMSIS_RTOS_V2/cmsis_os2.o
 .bss.Idle_TCB.3
                0x0000000020000764       0x5c ./Middlewares/Third_Party/FreeRTOS/Source/CMSIS_RTOS_V2/cmsis_os2.o
 .bss.Idle_Stack.2
                0x00000000200007c0      0x200 ./Middlewares/Third_Party/FreeRTOS/Source/CMSIS_RTOS_V2/cmsis_os2.o