../../../../../../../Drivers/STM32WBxx_HAL_Driver/Inc/stm32wbxx_ll_pwr.h:1663:22:LL_C2_PWR_SetPowerMode	16	static
../../../../../../../Drivers/STM32WBxx_HAL_Driver/Inc/stm32wbxx_ll_exti.h:391:22:LL_EXTI_EnableIT_32_63	16	static
../../../../../../../Drivers/STM32WBxx_HAL_Driver/Inc/stm32wbxx_ll_exti.h:417:22:LL_C2_EXTI_EnableIT_32_63	16	static
../../../../../../../Drivers/STM32WBxx_HAL_Driver/Inc/stm32wbxx_ll_rcc.h:1359:22:LL_RCC_HSE_SetCapacitorTuning	16	static
../../../../../../../Drivers/STM32WBxx_HAL_Driver/Inc/stm32wbxx_ll_rcc.h:1510:22:LL_RCC_HSI_EnableAutoFromStop	4	static
../../../../../../../Drivers/STM32WBxx_HAL_Driver/Inc/stm32wbxx_ll_rcc.h:2349:22:LL_RCC_SetClkAfterWakeFromStop	16	static
../../../../../../../Drivers/STM32WBxx_HAL_Driver/Inc/stm32wbxx_ll_rcc.h:2913:22:LL_RCC_ForceBackupDomainReset	4	static
../../../../../../../Drivers/STM32WBxx_HAL_Driver/Inc/stm32wbxx_ll_rcc.h:2923:22:LL_RCC_ReleaseBackupDomainReset	4	static
../../../../../../../Drivers/STM32WBxx_HAL_Driver/Inc/stm32wbxx_ll_rcc.h:4138:26:LL_RCC_IsActiveFlag_PINRST	4	static
../../../../../../../Drivers/STM32WBxx_HAL_Driver/Inc/stm32wbxx_ll_rcc.h:4148:26:LL_RCC_IsActiveFlag_SFTRST	4	static
../../../../../../../Drivers/STM32WBxx_HAL_Driver/Inc/stm32wbxx_ll_bus.h:744:22:LL_AHB3_GRP1_EnableClock	24	static
../../../../../../../Drivers/STM32WBxx_HAL_Driver/Inc/stm32wbxx_ll_ipcc.h:312:22:LL_C1_IPCC_DisableTransmitChannel	16	static
../../../../../../../Drivers/STM32WBxx_HAL_Driver/Inc/stm32wbxx_ll_ipcc.h:381:22:LL_C1_IPCC_DisableReceiveChannel	16	static
../../../../../../../Drivers/STM32WBxx_HAL_Driver/Inc/stm32wbxx_ll_ipcc.h:450:22:LL_C2_IPCC_DisableTransmitChannel	16	static
../../../../../../../Drivers/STM32WBxx_HAL_Driver/Inc/stm32wbxx_ll_ipcc.h:519:22:LL_C2_IPCC_DisableReceiveChannel	16	static
../../../../../../../Drivers/STM32WBxx_HAL_Driver/Inc/stm32wbxx_ll_ipcc.h:574:22:LL_C1_IPCC_ClearFlag_CHx	16	static
../../../../../../../Drivers/STM32WBxx_HAL_Driver/Inc/stm32wbxx_ll_ipcc.h:645:22:LL_C2_IPCC_ClearFlag_CHx	16	static
../../../../../../../Drivers/STM32WBxx_HAL_Driver/Inc/stm32wbxx_ll_cortex.h:311:22:LL_LPM_EnableSleep	4	static
../../../../../../../Drivers/STM32WBxx_HAL_Driver/Inc/stm32wbxx_ll_rtc.h:1031:22:LL_RTC_EnableWriteProtection	16	static
../../../../../../../Drivers/STM32WBxx_HAL_Driver/Inc/stm32wbxx_ll_rtc.h:1042:22:LL_RTC_DisableWriteProtection	16	static
../../../../../../../Drivers/STM32WBxx_HAL_Driver/Inc/stm32wbxx_ll_rtc.h:3006:22:LL_RTC_WAKEUP_SetClock	16	static
C:/Users/Virtualiden/STM32Cube/Repository/STM32Cube_FW_WB_V1.17.2/Projects/P-NUCLEO-WB55.Nucleo/Applications/Zigbee/Zigbee_OnOff_Server_Coord/Core/Src/app_entry.c:121:6:MX_APPE_Config	8	static
C:/Users/Virtualiden/STM32Cube/Repository/STM32Cube_FW_WB_V1.17.2/Projects/P-NUCLEO-WB55.Nucleo/Applications/Zigbee/Zigbee_OnOff_Server_Coord/Core/Src/app_entry.c:141:6:MX_APPE_Init	8	static
C:/Users/Virtualiden/STM32Cube/Repository/STM32Cube_FW_WB_V1.17.2/Projects/P-NUCLEO-WB55.Nucleo/Applications/Zigbee/Zigbee_OnOff_Server_Coord/Core/Src/app_entry.c:171:6:Init_Smps	4	static
C:/Users/Virtualiden/STM32Cube/Repository/STM32Cube_FW_WB_V1.17.2/Projects/P-NUCLEO-WB55.Nucleo/Applications/Zigbee/Zigbee_OnOff_Server_Coord/Core/Src/app_entry.c:189:6:Init_Exti	8	static
C:/Users/Virtualiden/STM32Cube/Repository/STM32Cube_FW_WB_V1.17.2/Projects/P-NUCLEO-WB55.Nucleo/Applications/Zigbee/Zigbee_OnOff_Server_Coord/Core/Src/app_entry.c:206:13:Init_Debug	8	static
C:/Users/Virtualiden/STM32Cube/Repository/STM32Cube_FW_WB_V1.17.2/Projects/P-NUCLEO-WB55.Nucleo/Applications/Zigbee/Zigbee_OnOff_Server_Coord/Core/Src/app_entry.c:247:13:Reset_Device	8	static
C:/Users/Virtualiden/STM32Cube/Repository/STM32Cube_FW_WB_V1.17.2/Projects/P-NUCLEO-WB55.Nucleo/Applications/Zigbee/Zigbee_OnOff_Server_Coord/Core/Src/app_entry.c:259:13:Reset_BackupDomain	8	static
C:/Users/Virtualiden/STM32Cube/Repository/STM32Cube_FW_WB_V1.17.2/Projects/P-NUCLEO-WB55.Nucleo/Applications/Zigbee/Zigbee_OnOff_Server_Coord/Core/Src/app_entry.c:278:13:Reset_IPCC	8	static
C:/Users/Virtualiden/STM32Cube/Repository/STM32Cube_FW_WB_V1.17.2/Projects/P-NUCLEO-WB55.Nucleo/Applications/Zigbee/Zigbee_OnOff_Server_Coord/Core/Src/app_entry.c:316:13:Config_HSE	16	static
C:/Users/Virtualiden/STM32Cube/Repository/STM32Cube_FW_WB_V1.17.2/Projects/P-NUCLEO-WB55.Nucleo/Applications/Zigbee/Zigbee_OnOff_Server_Coord/Core/Src/app_entry.c:332:13:System_Init	8	static
C:/Users/Virtualiden/STM32Cube/Repository/STM32Cube_FW_WB_V1.17.2/Projects/P-NUCLEO-WB55.Nucleo/Applications/Zigbee/Zigbee_OnOff_Server_Coord/Core/Src/app_entry.c:343:13:Init_Rtc	8	static
C:/Users/Virtualiden/STM32Cube/Repository/STM32Cube_FW_WB_V1.17.2/Projects/P-NUCLEO-WB55.Nucleo/Applications/Zigbee/Zigbee_OnOff_Server_Coord/Core/Src/app_entry.c:364:13:SystemPower_Config	8	static
C:/Users/Virtualiden/STM32Cube/Repository/STM32Cube_FW_WB_V1.17.2/Projects/P-NUCLEO-WB55.Nucleo/Applications/Zigbee/Zigbee_OnOff_Server_Coord/Core/Src/app_entry.c:393:13:appe_Tl_Init	40	static
C:/Users/Virtualiden/STM32Cube/Repository/STM32Cube_FW_WB_V1.17.2/Projects/P-NUCLEO-WB55.Nucleo/Applications/Zigbee/Zigbee_OnOff_Server_Coord/Core/Src/app_entry.c:419:13:APPE_SysStatusNot	16	static
C:/Users/Virtualiden/STM32Cube/Repository/STM32Cube_FW_WB_V1.17.2/Projects/P-NUCLEO-WB55.Nucleo/Applications/Zigbee/Zigbee_OnOff_Server_Coord/Core/Src/app_entry.c:434:13:APPE_SysUserEvtRx	24	static
C:/Users/Virtualiden/STM32Cube/Repository/STM32Cube_FW_WB_V1.17.2/Projects/P-NUCLEO-WB55.Nucleo/Applications/Zigbee/Zigbee_OnOff_Server_Coord/Core/Src/app_entry.c:459:13:APPE_SysEvtError	16	static
C:/Users/Virtualiden/STM32Cube/Repository/STM32Cube_FW_WB_V1.17.2/Projects/P-NUCLEO-WB55.Nucleo/Applications/Zigbee/Zigbee_OnOff_Server_Coord/Core/Src/app_entry.c:473:13:APPE_SysEvtReadyProcessing	8	static
C:/Users/Virtualiden/STM32Cube/Repository/STM32Cube_FW_WB_V1.17.2/Projects/P-NUCLEO-WB55.Nucleo/Applications/Zigbee/Zigbee_OnOff_Server_Coord/Core/Src/app_entry.c:483:13:Led_Init	8	static
C:/Users/Virtualiden/STM32Cube/Repository/STM32Cube_FW_WB_V1.17.2/Projects/P-NUCLEO-WB55.Nucleo/Applications/Zigbee/Zigbee_OnOff_Server_Coord/Core/Src/app_entry.c:495:13:Button_Init	8	static
C:/Users/Virtualiden/STM32Cube/Repository/STM32Cube_FW_WB_V1.17.2/Projects/P-NUCLEO-WB55.Nucleo/Applications/Zigbee/Zigbee_OnOff_Server_Coord/Core/Src/app_entry.c:514:6:HAL_Delay	24	static,ignoring_inline_asm
C:/Users/Virtualiden/STM32Cube/Repository/STM32Cube_FW_WB_V1.17.2/Projects/P-NUCLEO-WB55.Nucleo/Applications/Zigbee/Zigbee_OnOff_Server_Coord/Core/Src/app_entry.c:543:6:MX_APPE_Process	8	static
C:/Users/Virtualiden/STM32Cube/Repository/STM32Cube_FW_WB_V1.17.2/Projects/P-NUCLEO-WB55.Nucleo/Applications/Zigbee/Zigbee_OnOff_Server_Coord/Core/Src/app_entry.c:554:6:UTIL_SEQ_Idle	4	static
C:/Users/Virtualiden/STM32Cube/Repository/STM32Cube_FW_WB_V1.17.2/Projects/P-NUCLEO-WB55.Nucleo/Applications/Zigbee/Zigbee_OnOff_Server_Coord/Core/Src/app_entry.c:569:6:UTIL_SEQ_EvtIdle	16	static
C:/Users/Virtualiden/STM32Cube/Repository/STM32Cube_FW_WB_V1.17.2/Projects/P-NUCLEO-WB55.Nucleo/Applications/Zigbee/Zigbee_OnOff_Server_Coord/Core/Src/app_entry.c:593:6:shci_notify_asynch_evt	16	static
C:/Users/Virtualiden/STM32Cube/Repository/STM32Cube_FW_WB_V1.17.2/Projects/P-NUCLEO-WB55.Nucleo/Applications/Zigbee/Zigbee_OnOff_Server_Coord/Core/Src/app_entry.c:600:6:shci_cmd_resp_release	16	static
C:/Users/Virtualiden/STM32Cube/Repository/STM32Cube_FW_WB_V1.17.2/Projects/P-NUCLEO-WB55.Nucleo/Applications/Zigbee/Zigbee_OnOff_Server_Coord/Core/Src/app_entry.c:607:6:shci_cmd_resp_wait	16	static
C:/Users/Virtualiden/STM32Cube/Repository/STM32Cube_FW_WB_V1.17.2/Projects/P-NUCLEO-WB55.Nucleo/Applications/Zigbee/Zigbee_OnOff_Server_Coord/Core/Src/app_entry.c:615:6:TL_TRACES_EvtReceived	16	static
C:/Users/Virtualiden/STM32Cube/Repository/STM32Cube_FW_WB_V1.17.2/Projects/P-NUCLEO-WB55.Nucleo/Applications/Zigbee/Zigbee_OnOff_Server_Coord/Core/Src/app_entry.c:632:6:DbgOutputInit	8	static
C:/Users/Virtualiden/STM32Cube/Repository/STM32Cube_FW_WB_V1.17.2/Projects/P-NUCLEO-WB55.Nucleo/Applications/Zigbee/Zigbee_OnOff_Server_Coord/Core/Src/app_entry.c:647:6:DbgOutputTraces	24	static
C:/Users/Virtualiden/STM32Cube/Repository/STM32Cube_FW_WB_V1.17.2/Projects/P-NUCLEO-WB55.Nucleo/Applications/Zigbee/Zigbee_OnOff_Server_Coord/Core/Src/app_entry.c:661:6:HAL_GPIO_EXTI_Callback	16	static
C:/Users/Virtualiden/STM32Cube/Repository/STM32Cube_FW_WB_V1.17.2/Projects/P-NUCLEO-WB55.Nucleo/Applications/Zigbee/Zigbee_OnOff_Server_Coord/Core/Src/app_entry.c:682:13:RxUART_Init	8	static
C:/Users/Virtualiden/STM32Cube/Repository/STM32Cube_FW_WB_V1.17.2/Projects/P-NUCLEO-WB55.Nucleo/Applications/Zigbee/Zigbee_OnOff_Server_Coord/Core/Src/app_entry.c:687:13:RxCpltCallback	8	static
C:/Users/Virtualiden/STM32Cube/Repository/STM32Cube_FW_WB_V1.17.2/Projects/P-NUCLEO-WB55.Nucleo/Applications/Zigbee/Zigbee_OnOff_Server_Coord/Core/Src/app_entry.c:712:13:UartCmdExecute	8	static
