../../../../../../../Drivers/STM32WBxx_HAL_Driver/Inc/stm32wbxx_ll_rcc.h:1679:22:LL_RCC_LSE_SetDriveCapability	16	static
../../../../../../../Drivers/STM32WBxx_HAL_Driver/Inc/stm32wbxx_ll_bus.h:364:22:LL_AHB1_GRP1_EnableClock	24	static
../../../../../../../Drivers/STM32WBxx_HAL_Driver/Inc/stm32wbxx_ll_bus.h:539:22:LL_AHB2_GRP1_EnableClock	24	static
C:/Users/Virtualiden/STM32Cube/Repository/STM32Cube_FW_WB_V1.17.2/Projects/P-NUCLEO-WB55.Nucleo/Applications/Zigbee/Zigbee_OnOff_Server_Coord/Core/Src/main.c:77:5:main	8	static
C:/Users/Virtualiden/STM32Cube/Repository/STM32Cube_FW_WB_V1.17.2/Projects/P-NUCLEO-WB55.Nucleo/Applications/Zigbee/Zigbee_OnOff_Server_Coord/Core/Src/main.c:142:6:SystemClock_Config	112	static
C:/Users/Virtualiden/STM32Cube/Repository/STM32Cube_FW_WB_V1.17.2/Projects/P-NUCLEO-WB55.Nucleo/Applications/Zigbee/Zigbee_OnOff_Server_Coord/Core/Src/main.c:193:6:PeriphCommonClock_Config	88	static
C:/Users/Virtualiden/STM32Cube/Repository/STM32Cube_FW_WB_V1.17.2/Projects/P-NUCLEO-WB55.Nucleo/Applications/Zigbee/Zigbee_OnOff_Server_Coord/Core/Src/main.c:218:13:MX_IPCC_Init	8	static
C:/Users/Virtualiden/STM32Cube/Repository/STM32Cube_FW_WB_V1.17.2/Projects/P-NUCLEO-WB55.Nucleo/Applications/Zigbee/Zigbee_OnOff_Server_Coord/Core/Src/main.c:244:6:MX_LPUART1_UART_Init	8	static
C:/Users/Virtualiden/STM32Cube/Repository/STM32Cube_FW_WB_V1.17.2/Projects/P-NUCLEO-WB55.Nucleo/Applications/Zigbee/Zigbee_OnOff_Server_Coord/Core/Src/main.c:292:6:MX_USART1_UART_Init	8	static
C:/Users/Virtualiden/STM32Cube/Repository/STM32Cube_FW_WB_V1.17.2/Projects/P-NUCLEO-WB55.Nucleo/Applications/Zigbee/Zigbee_OnOff_Server_Coord/Core/Src/main.c:340:13:MX_RF_Init	4	static
C:/Users/Virtualiden/STM32Cube/Repository/STM32Cube_FW_WB_V1.17.2/Projects/P-NUCLEO-WB55.Nucleo/Applications/Zigbee/Zigbee_OnOff_Server_Coord/Core/Src/main.c:361:13:MX_RTC_Init	8	static
C:/Users/Virtualiden/STM32Cube/Repository/STM32Cube_FW_WB_V1.17.2/Projects/P-NUCLEO-WB55.Nucleo/Applications/Zigbee/Zigbee_OnOff_Server_Coord/Core/Src/main.c:402:13:MX_DMA_Init	8	static
C:/Users/Virtualiden/STM32Cube/Repository/STM32Cube_FW_WB_V1.17.2/Projects/P-NUCLEO-WB55.Nucleo/Applications/Zigbee/Zigbee_OnOff_Server_Coord/Core/Src/main.c:424:13:MX_GPIO_Init	8	static
C:/Users/Virtualiden/STM32Cube/Repository/STM32Cube_FW_WB_V1.17.2/Projects/P-NUCLEO-WB55.Nucleo/Applications/Zigbee/Zigbee_OnOff_Server_Coord/Core/Src/main.c:446:6:Error_Handler	4	static,ignoring_inline_asm
