C:/Users/Virtualiden/STM32Cube/Repository/STM32Cube_FW_WB_V1.17.2/Middlewares/ST/STM32_WPAN/zigbee/core/src/zigbee_core_wb.c:266:1:zb_ipc_m4_memcpy2	32	static
C:/Users/Virtualiden/STM32Cube/Repository/STM32Cube_FW_WB_V1.17.2/Middlewares/ST/STM32_WPAN/zigbee/core/src/zigbee_core_wb.c:285:1:zb_ipc_m4_stack_logging_config	24	static
C:/Users/Virtualiden/STM32Cube/Repository/STM32Cube_FW_WB_V1.17.2/Middlewares/ST/STM32_WPAN/zigbee/core/src/zigbee_core_wb.c:300:1:zb_ipc_m4_cb_info_alloc	24	static
C:/Users/Virtualiden/STM32Cube/Repository/STM32Cube_FW_WB_V1.17.2/Middlewares/ST/STM32_WPAN/zigbee/core/src/zigbee_core_wb.c:314:1:zb_ipc_m4_cb_info_free	16	static
C:/Users/Virtualiden/STM32Cube/Repository/STM32Cube_FW_WB_V1.17.2/Middlewares/ST/STM32_WPAN/zigbee/core/src/zigbee_core_wb.c:320:1:zb_ipc_m4_get_retval	16	static
C:/Users/Virtualiden/STM32Cube/Repository/STM32Cube_FW_WB_V1.17.2/Middlewares/ST/STM32_WPAN/zigbee/core/src/zigbee_core_wb.c:332:1:ZbHeapMaxAlloc	4	static
C:/Users/Virtualiden/STM32Cube/Repository/STM32Cube_FW_WB_V1.17.2/Middlewares/ST/STM32_WPAN/zigbee/core/src/zigbee_core_wb.c:338:1:ZbInit	32	static
C:/Users/Virtualiden/STM32Cube/Repository/STM32Cube_FW_WB_V1.17.2/Middlewares/ST/STM32_WPAN/zigbee/core/src/zigbee_core_wb.c:363:1:ZbDestroy	24	static
C:/Users/Virtualiden/STM32Cube/Repository/STM32Cube_FW_WB_V1.17.2/Middlewares/ST/STM32_WPAN/zigbee/core/src/zigbee_core_wb.c:379:1:ZbDestroyWithCb	32	static
C:/Users/Virtualiden/STM32Cube/Repository/STM32Cube_FW_WB_V1.17.2/Middlewares/ST/STM32_WPAN/zigbee/core/src/zigbee_core_wb.c:402:1:ZbSetLogging	32	static
C:/Users/Virtualiden/STM32Cube/Repository/STM32Cube_FW_WB_V1.17.2/Middlewares/ST/STM32_WPAN/zigbee/core/src/zigbee_core_wb.c:423:1:ZbGetLogging	24	static
C:/Users/Virtualiden/STM32Cube/Repository/STM32Cube_FW_WB_V1.17.2/Middlewares/ST/STM32_WPAN/zigbee/core/src/zigbee_core_wb.c:435:1:ZbExtendedAddress	32	static
C:/Users/Virtualiden/STM32Cube/Repository/STM32Cube_FW_WB_V1.17.2/Middlewares/ST/STM32_WPAN/zigbee/core/src/zigbee_core_wb.c:452:1:ZbShortAddress	24	static
C:/Users/Virtualiden/STM32Cube/Repository/STM32Cube_FW_WB_V1.17.2/Middlewares/ST/STM32_WPAN/zigbee/core/src/zigbee_core_wb.c:461:1:ZbChangeExtAddr	32	static
C:/Users/Virtualiden/STM32Cube/Repository/STM32Cube_FW_WB_V1.17.2/Middlewares/ST/STM32_WPAN/zigbee/core/src/zigbee_core_wb.c:474:1:ZbStartupConfigGetProDefaults	24	static
C:/Users/Virtualiden/STM32Cube/Repository/STM32Cube_FW_WB_V1.17.2/Middlewares/ST/STM32_WPAN/zigbee/core/src/zigbee_core_wb.c:487:1:ZbStartupConfigGetProSeDefaults	16	static
C:/Users/Virtualiden/STM32Cube/Repository/STM32Cube_FW_WB_V1.17.2/Middlewares/ST/STM32_WPAN/zigbee/core/src/zigbee_core_wb.c:497:1:ZbStartup	32	static
C:/Users/Virtualiden/STM32Cube/Repository/STM32Cube_FW_WB_V1.17.2/Middlewares/ST/STM32_WPAN/zigbee/core/src/zigbee_core_wb.c:524:1:ZbStartupRejoin	40	static
C:/Users/Virtualiden/STM32Cube/Repository/STM32Cube_FW_WB_V1.17.2/Middlewares/ST/STM32_WPAN/zigbee/core/src/zigbee_core_wb.c:549:1:ZbStartupPersist	40	static
C:/Users/Virtualiden/STM32Cube/Repository/STM32Cube_FW_WB_V1.17.2/Middlewares/ST/STM32_WPAN/zigbee/core/src/zigbee_core_wb.c:579:1:ZbStartupFindBindStart	40	static
C:/Users/Virtualiden/STM32Cube/Repository/STM32Cube_FW_WB_V1.17.2/Middlewares/ST/STM32_WPAN/zigbee/core/src/zigbee_core_wb.c:604:1:ZbStartupTouchlinkTargetStop	24	static
C:/Users/Virtualiden/STM32Cube/Repository/STM32Cube_FW_WB_V1.17.2/Middlewares/ST/STM32_WPAN/zigbee/core/src/zigbee_core_wb.c:617:1:ZbStartupTcsoStart	40	static
C:/Users/Virtualiden/STM32Cube/Repository/STM32Cube_FW_WB_V1.17.2/Middlewares/ST/STM32_WPAN/zigbee/core/src/zigbee_core_wb.c:642:1:ZbStartupTcsoAbort	24	static
C:/Users/Virtualiden/STM32Cube/Repository/STM32Cube_FW_WB_V1.17.2/Middlewares/ST/STM32_WPAN/zigbee/core/src/zigbee_core_wb.c:655:1:ZbTrustCenterRejoin	32	static
C:/Users/Virtualiden/STM32Cube/Repository/STM32Cube_FW_WB_V1.17.2/Middlewares/ST/STM32_WPAN/zigbee/core/src/zigbee_core_wb.c:675:1:ZbPersistNotifyRegister	32	static
C:/Users/Virtualiden/STM32Cube/Repository/STM32Cube_FW_WB_V1.17.2/Middlewares/ST/STM32_WPAN/zigbee/core/src/zigbee_core_wb.c:699:1:ZbPersistGet	32	static
C:/Users/Virtualiden/STM32Cube/Repository/STM32Cube_FW_WB_V1.17.2/Middlewares/ST/STM32_WPAN/zigbee/core/src/zigbee_core_wb.c:714:1:ZbStateGet	32	static
C:/Users/Virtualiden/STM32Cube/Repository/STM32Cube_FW_WB_V1.17.2/Middlewares/ST/STM32_WPAN/zigbee/core/src/zigbee_core_wb.c:729:1:ZbLeaveReq	32	static
C:/Users/Virtualiden/STM32Cube/Repository/STM32Cube_FW_WB_V1.17.2/Middlewares/ST/STM32_WPAN/zigbee/core/src/zigbee_core_wb.c:749:1:ZbReset	24	static
C:/Users/Virtualiden/STM32Cube/Repository/STM32Cube_FW_WB_V1.17.2/Middlewares/ST/STM32_WPAN/zigbee/core/src/zigbee_core_wb.c:766:1:ZbShutdown	24	static
C:/Users/Virtualiden/STM32Cube/Repository/STM32Cube_FW_WB_V1.17.2/Middlewares/ST/STM32_WPAN/zigbee/core/src/zigbee_core_wb.c:778:1:ZbStatePause	32	static
C:/Users/Virtualiden/STM32Cube/Repository/STM32Cube_FW_WB_V1.17.2/Middlewares/ST/STM32_WPAN/zigbee/core/src/zigbee_core_wb.c:798:1:ZbStateResume	24	static
C:/Users/Virtualiden/STM32Cube/Repository/STM32Cube_FW_WB_V1.17.2/Middlewares/ST/STM32_WPAN/zigbee/core/src/zigbee_core_wb.c:815:1:ZbSecEcdsaValidate	32	static
C:/Users/Virtualiden/STM32Cube/Repository/STM32Cube_FW_WB_V1.17.2/Middlewares/ST/STM32_WPAN/zigbee/core/src/zigbee_core_wb.c:842:1:ZbZclTouchlinkInitiatorGetGrpIdReq	32	static
C:/Users/Virtualiden/STM32Cube/Repository/STM32Cube_FW_WB_V1.17.2/Middlewares/ST/STM32_WPAN/zigbee/core/src/zigbee_core_wb.c:865:1:ZbZclTouchlinkInitiatorGetEpListReq	32	static
C:/Users/Virtualiden/STM32Cube/Repository/STM32Cube_FW_WB_V1.17.2/Middlewares/ST/STM32_WPAN/zigbee/core/src/zigbee_core_wb.c:888:1:ZbZclTouchlinkTargetSendEpInfoCmd	32	static
C:/Users/Virtualiden/STM32Cube/Repository/STM32Cube_FW_WB_V1.17.2/Middlewares/ST/STM32_WPAN/zigbee/core/src/zigbee_core_wb.c:915:1:ZbBdbGetIndex	48	static
C:/Users/Virtualiden/STM32Cube/Repository/STM32Cube_FW_WB_V1.17.2/Middlewares/ST/STM32_WPAN/zigbee/core/src/zigbee_core_wb.c:939:1:ZbBdbSetIndex	48	static
C:/Users/Virtualiden/STM32Cube/Repository/STM32Cube_FW_WB_V1.17.2/Middlewares/ST/STM32_WPAN/zigbee/core/src/zigbee_core_wb.c:963:1:ZbBdbGetEndpointStatus	24	static
C:/Users/Virtualiden/STM32Cube/Repository/STM32Cube_FW_WB_V1.17.2/Middlewares/ST/STM32_WPAN/zigbee/core/src/zigbee_core_wb.c:981:1:ZbBdbSetEndpointStatus	24	static
C:/Users/Virtualiden/STM32Cube/Repository/STM32Cube_FW_WB_V1.17.2/Middlewares/ST/STM32_WPAN/zigbee/core/src/zigbee_core_wb.c:999:1:ZbApsdeDataReqCallback	40	static
C:/Users/Virtualiden/STM32Cube/Repository/STM32Cube_FW_WB_V1.17.2/Middlewares/ST/STM32_WPAN/zigbee/core/src/zigbee_core_wb.c:1027:1:ZbApsmeAddEndpoint	32	static
C:/Users/Virtualiden/STM32Cube/Repository/STM32Cube_FW_WB_V1.17.2/Middlewares/ST/STM32_WPAN/zigbee/core/src/zigbee_core_wb.c:1040:1:ZbApsmeRemoveEndpoint	32	static
C:/Users/Virtualiden/STM32Cube/Repository/STM32Cube_FW_WB_V1.17.2/Middlewares/ST/STM32_WPAN/zigbee/core/src/zigbee_core_wb.c:1044:1:ZbApsFilterEndpointAdd	32	static
C:/Users/Virtualiden/STM32Cube/Repository/STM32Cube_FW_WB_V1.17.2/Middlewares/ST/STM32_WPAN/zigbee/core/src/zigbee_core_wb.c:1081:1:ZbApsFilterClusterAdd	32	static
C:/Users/Virtualiden/STM32Cube/Repository/STM32Cube_FW_WB_V1.17.2/Middlewares/ST/STM32_WPAN/zigbee/core/src/zigbee_core_wb.c:1118:1:ZbApsFilterEndpointFree	24	static
C:/Users/Virtualiden/STM32Cube/Repository/STM32Cube_FW_WB_V1.17.2/Middlewares/ST/STM32_WPAN/zigbee/core/src/zigbee_core_wb.c:1138:1:ZbApsmeEndpointClusterListAppend	24	static
C:/Users/Virtualiden/STM32Cube/Repository/STM32Cube_FW_WB_V1.17.2/Middlewares/ST/STM32_WPAN/zigbee/core/src/zigbee_core_wb.c:1154:1:ZbApsEndpointExists	24	static
C:/Users/Virtualiden/STM32Cube/Repository/STM32Cube_FW_WB_V1.17.2/Middlewares/ST/STM32_WPAN/zigbee/core/src/zigbee_core_wb.c:1168:1:ZbApsEndpointProfile	24	static
C:/Users/Virtualiden/STM32Cube/Repository/STM32Cube_FW_WB_V1.17.2/Middlewares/ST/STM32_WPAN/zigbee/core/src/zigbee_core_wb.c:1182:1:ZbApsAddrIsBcast	16	static
C:/Users/Virtualiden/STM32Cube/Repository/STM32Cube_FW_WB_V1.17.2/Middlewares/ST/STM32_WPAN/zigbee/core/src/zigbee_core_wb.c:1195:1:ZbApsAddrIsLocal	24	static
C:/Users/Virtualiden/STM32Cube/Repository/STM32Cube_FW_WB_V1.17.2/Middlewares/ST/STM32_WPAN/zigbee/core/src/zigbee_core_wb.c:1227:1:ZbApsGetIndex	48	static
C:/Users/Virtualiden/STM32Cube/Repository/STM32Cube_FW_WB_V1.17.2/Middlewares/ST/STM32_WPAN/zigbee/core/src/zigbee_core_wb.c:1265:1:ZbApsSetIndex	48	static
C:/Users/Virtualiden/STM32Cube/Repository/STM32Cube_FW_WB_V1.17.2/Middlewares/ST/STM32_WPAN/zigbee/core/src/zigbee_core_wb.c:1291:1:ZbApsLookupKey	40	static
C:/Users/Virtualiden/STM32Cube/Repository/STM32Cube_FW_WB_V1.17.2/Middlewares/ST/STM32_WPAN/zigbee/core/src/zigbee_core_wb.c:1314:1:ZbApsmeAddGroupReq	32	static
C:/Users/Virtualiden/STM32Cube/Repository/STM32Cube_FW_WB_V1.17.2/Middlewares/ST/STM32_WPAN/zigbee/core/src/zigbee_core_wb.c:1315:1:ZbApsmeRemoveGroupReq	32	static
C:/Users/Virtualiden/STM32Cube/Repository/STM32Cube_FW_WB_V1.17.2/Middlewares/ST/STM32_WPAN/zigbee/core/src/zigbee_core_wb.c:1316:1:ZbApsmeRemoveAllGroupsReq	32	static
C:/Users/Virtualiden/STM32Cube/Repository/STM32Cube_FW_WB_V1.17.2/Middlewares/ST/STM32_WPAN/zigbee/core/src/zigbee_core_wb.c:1319:1:ZbApsGroupIsMember	40	static
C:/Users/Virtualiden/STM32Cube/Repository/STM32Cube_FW_WB_V1.17.2/Middlewares/ST/STM32_WPAN/zigbee/core/src/zigbee_core_wb.c:1352:1:ZbApsGroupsGetCapacity	40	static
C:/Users/Virtualiden/STM32Cube/Repository/STM32Cube_FW_WB_V1.17.2/Middlewares/ST/STM32_WPAN/zigbee/core/src/zigbee_core_wb.c:1375:1:ZbApsGroupsGetMembership	48	static
C:/Users/Virtualiden/STM32Cube/Repository/STM32Cube_FW_WB_V1.17.2/Middlewares/ST/STM32_WPAN/zigbee/core/src/zigbee_core_wb.c:1406:1:ZbApsmeBindReq	32	static
C:/Users/Virtualiden/STM32Cube/Repository/STM32Cube_FW_WB_V1.17.2/Middlewares/ST/STM32_WPAN/zigbee/core/src/zigbee_core_wb.c:1407:1:ZbApsmeUnbindReq	32	static
C:/Users/Virtualiden/STM32Cube/Repository/STM32Cube_FW_WB_V1.17.2/Middlewares/ST/STM32_WPAN/zigbee/core/src/zigbee_core_wb.c:1410:1:ZbApsUnbindAllReq	24	static
C:/Users/Virtualiden/STM32Cube/Repository/STM32Cube_FW_WB_V1.17.2/Middlewares/ST/STM32_WPAN/zigbee/core/src/zigbee_core_wb.c:1422:1:ZbApsBindSrcExists	80	static
C:/Users/Virtualiden/STM32Cube/Repository/STM32Cube_FW_WB_V1.17.2/Middlewares/ST/STM32_WPAN/zigbee/core/src/zigbee_core_wb.c:1454:1:ZbApsmeTransportKeyReq	24	static
C:/Users/Virtualiden/STM32Cube/Repository/STM32Cube_FW_WB_V1.17.2/Middlewares/ST/STM32_WPAN/zigbee/core/src/zigbee_core_wb.c:1455:1:ZbApsmeRemoveDeviceReq	24	static
C:/Users/Virtualiden/STM32Cube/Repository/STM32Cube_FW_WB_V1.17.2/Middlewares/ST/STM32_WPAN/zigbee/core/src/zigbee_core_wb.c:1458:1:ZbApsmeRequestKeyReq	24	static
C:/Users/Virtualiden/STM32Cube/Repository/STM32Cube_FW_WB_V1.17.2/Middlewares/ST/STM32_WPAN/zigbee/core/src/zigbee_core_wb.c:1471:1:ZbApsmeSwitchKeyReq	24	static
C:/Users/Virtualiden/STM32Cube/Repository/STM32Cube_FW_WB_V1.17.2/Middlewares/ST/STM32_WPAN/zigbee/core/src/zigbee_core_wb.c:1472:1:ZbApsmeAddKeyReq	32	static
C:/Users/Virtualiden/STM32Cube/Repository/STM32Cube_FW_WB_V1.17.2/Middlewares/ST/STM32_WPAN/zigbee/core/src/zigbee_core_wb.c:1473:1:ZbApsmeGetKeyReq	32	static
C:/Users/Virtualiden/STM32Cube/Repository/STM32Cube_FW_WB_V1.17.2/Middlewares/ST/STM32_WPAN/zigbee/core/src/zigbee_core_wb.c:1474:1:ZbApsmeRemoveKeyReq	32	static
C:/Users/Virtualiden/STM32Cube/Repository/STM32Cube_FW_WB_V1.17.2/Middlewares/ST/STM32_WPAN/zigbee/core/src/zigbee_core_wb.c:1490:1:ZbMsgFilterRegister	40	static
C:/Users/Virtualiden/STM32Cube/Repository/STM32Cube_FW_WB_V1.17.2/Middlewares/ST/STM32_WPAN/zigbee/core/src/zigbee_core_wb.c:1527:1:ZbMsgFilterRemove	32	static
C:/Users/Virtualiden/STM32Cube/Repository/STM32Cube_FW_WB_V1.17.2/Middlewares/ST/STM32_WPAN/zigbee/core/src/zigbee_core_wb.c:1569:1:ZbTimerAlloc	32	static
C:/Users/Virtualiden/STM32Cube/Repository/STM32Cube_FW_WB_V1.17.2/Middlewares/ST/STM32_WPAN/zigbee/core/src/zigbee_core_wb.c:1598:1:ZbTimerChangeCallback	24	static
C:/Users/Virtualiden/STM32Cube/Repository/STM32Cube_FW_WB_V1.17.2/Middlewares/ST/STM32_WPAN/zigbee/core/src/zigbee_core_wb.c:1606:1:ZbTimerFree	24	static
C:/Users/Virtualiden/STM32Cube/Repository/STM32Cube_FW_WB_V1.17.2/Middlewares/ST/STM32_WPAN/zigbee/core/src/zigbee_core_wb.c:1623:1:ZbTimerRunning	24	static
C:/Users/Virtualiden/STM32Cube/Repository/STM32Cube_FW_WB_V1.17.2/Middlewares/ST/STM32_WPAN/zigbee/core/src/zigbee_core_wb.c:1639:1:ZbTimerRemaining	24	static
C:/Users/Virtualiden/STM32Cube/Repository/STM32Cube_FW_WB_V1.17.2/Middlewares/ST/STM32_WPAN/zigbee/core/src/zigbee_core_wb.c:1653:1:ZbTimerStop	24	static
C:/Users/Virtualiden/STM32Cube/Repository/STM32Cube_FW_WB_V1.17.2/Middlewares/ST/STM32_WPAN/zigbee/core/src/zigbee_core_wb.c:1666:1:ZbTimerReset	24	static
C:/Users/Virtualiden/STM32Cube/Repository/STM32Cube_FW_WB_V1.17.2/Middlewares/ST/STM32_WPAN/zigbee/core/src/zigbee_core_wb.c:1680:1:ZbTimeoutRemaining	24	static
C:/Users/Virtualiden/STM32Cube/Repository/STM32Cube_FW_WB_V1.17.2/Middlewares/ST/STM32_WPAN/zigbee/core/src/zigbee_core_wb.c:1716:1:ZbNwkGetIndex	48	static
C:/Users/Virtualiden/STM32Cube/Repository/STM32Cube_FW_WB_V1.17.2/Middlewares/ST/STM32_WPAN/zigbee/core/src/zigbee_core_wb.c:1740:1:ZbNwkSetIndex	48	static
C:/Users/Virtualiden/STM32Cube/Repository/STM32Cube_FW_WB_V1.17.2/Middlewares/ST/STM32_WPAN/zigbee/core/src/zigbee_core_wb.c:1764:1:ZbNwkGet	32	static
C:/Users/Virtualiden/STM32Cube/Repository/STM32Cube_FW_WB_V1.17.2/Middlewares/ST/STM32_WPAN/zigbee/core/src/zigbee_core_wb.c:1770:1:ZbNwkSet	32	static
C:/Users/Virtualiden/STM32Cube/Repository/STM32Cube_FW_WB_V1.17.2/Middlewares/ST/STM32_WPAN/zigbee/core/src/zigbee_core_wb.c:1776:1:ZbNwkAddrLookupExt	32	static
C:/Users/Virtualiden/STM32Cube/Repository/STM32Cube_FW_WB_V1.17.2/Middlewares/ST/STM32_WPAN/zigbee/core/src/zigbee_core_wb.c:1795:1:ZbNwkAddrLookupNwk	32	static
C:/Users/Virtualiden/STM32Cube/Repository/STM32Cube_FW_WB_V1.17.2/Middlewares/ST/STM32_WPAN/zigbee/core/src/zigbee_core_wb.c:1810:1:ZbNwkGetSecMaterial	32	static
C:/Users/Virtualiden/STM32Cube/Repository/STM32Cube_FW_WB_V1.17.2/Middlewares/ST/STM32_WPAN/zigbee/core/src/zigbee_core_wb.c:1826:1:ZbNwkGetActiveKey	48	static
C:/Users/Virtualiden/STM32Cube/Repository/STM32Cube_FW_WB_V1.17.2/Middlewares/ST/STM32_WPAN/zigbee/core/src/zigbee_core_wb.c:1843:1:ZbNlmeNetDiscReq	32	static
C:/Users/Virtualiden/STM32Cube/Repository/STM32Cube_FW_WB_V1.17.2/Middlewares/ST/STM32_WPAN/zigbee/core/src/zigbee_core_wb.c:1847:1:ZbNlmeEdScanReq	32	static
C:/Users/Virtualiden/STM32Cube/Repository/STM32Cube_FW_WB_V1.17.2/Middlewares/ST/STM32_WPAN/zigbee/core/src/zigbee_core_wb.c:1851:1:ZbNlmeLeaveReq	32	static
C:/Users/Virtualiden/STM32Cube/Repository/STM32Cube_FW_WB_V1.17.2/Middlewares/ST/STM32_WPAN/zigbee/core/src/zigbee_core_wb.c:1854:1:ZbNlmePermitJoinReq	32	static
C:/Users/Virtualiden/STM32Cube/Repository/STM32Cube_FW_WB_V1.17.2/Middlewares/ST/STM32_WPAN/zigbee/core/src/zigbee_core_wb.c:1855:1:ZbNlmeResetReq	32	static
C:/Users/Virtualiden/STM32Cube/Repository/STM32Cube_FW_WB_V1.17.2/Middlewares/ST/STM32_WPAN/zigbee/core/src/zigbee_core_wb.c:1857:1:ZbNlmeSyncReq	32	static
C:/Users/Virtualiden/STM32Cube/Repository/STM32Cube_FW_WB_V1.17.2/Middlewares/ST/STM32_WPAN/zigbee/core/src/zigbee_core_wb.c:1860:1:ZbNlmeRouteDiscReq	32	static
C:/Users/Virtualiden/STM32Cube/Repository/STM32Cube_FW_WB_V1.17.2/Middlewares/ST/STM32_WPAN/zigbee/core/src/zigbee_core_wb.c:1864:1:ZbNlmeJoiningPolicyGet	16	static
C:/Users/Virtualiden/STM32Cube/Repository/STM32Cube_FW_WB_V1.17.2/Middlewares/ST/STM32_WPAN/zigbee/core/src/zigbee_core_wb.c:1871:1:ZbNwkNeighborClearAll	24	static
C:/Users/Virtualiden/STM32Cube/Repository/STM32Cube_FW_WB_V1.17.2/Middlewares/ST/STM32_WPAN/zigbee/core/src/zigbee_core_wb.c:1884:1:ZbNlmeDirectJoinReq	32	static
C:/Users/Virtualiden/STM32Cube/Repository/STM32Cube_FW_WB_V1.17.2/Middlewares/ST/STM32_WPAN/zigbee/core/src/zigbee_core_wb.c:1885:1:ZbNlmeSetInterface	32	static
C:/Users/Virtualiden/STM32Cube/Repository/STM32Cube_FW_WB_V1.17.2/Middlewares/ST/STM32_WPAN/zigbee/core/src/zigbee_core_wb.c:1886:1:ZbNlmeGetInterface	32	static
C:/Users/Virtualiden/STM32Cube/Repository/STM32Cube_FW_WB_V1.17.2/Middlewares/ST/STM32_WPAN/zigbee/core/src/zigbee_core_wb.c:1889:1:ZbNwkIfSetTxPower	32	static
C:/Users/Virtualiden/STM32Cube/Repository/STM32Cube_FW_WB_V1.17.2/Middlewares/ST/STM32_WPAN/zigbee/core/src/zigbee_core_wb.c:1904:1:ZbNwkIfGetTxPower	32	static
C:/Users/Virtualiden/STM32Cube/Repository/STM32Cube_FW_WB_V1.17.2/Middlewares/ST/STM32_WPAN/zigbee/core/src/zigbee_core_wb.c:1919:1:ZbNwkSetFrameCounter	32	static
C:/Users/Virtualiden/STM32Cube/Repository/STM32Cube_FW_WB_V1.17.2/Middlewares/ST/STM32_WPAN/zigbee/core/src/zigbee_core_wb.c:1935:1:ZbNwkFastPollRequest	32	static
C:/Users/Virtualiden/STM32Cube/Repository/STM32Cube_FW_WB_V1.17.2/Middlewares/ST/STM32_WPAN/zigbee/core/src/zigbee_core_wb.c:1950:1:ZbNwkFastPollRelease	24	static
C:/Users/Virtualiden/STM32Cube/Repository/STM32Cube_FW_WB_V1.17.2/Middlewares/ST/STM32_WPAN/zigbee/core/src/zigbee_core_wb.c:1964:1:ZbNwkFastPollResourceCount	24	static
C:/Users/Virtualiden/STM32Cube/Repository/STM32Cube_FW_WB_V1.17.2/Middlewares/ST/STM32_WPAN/zigbee/core/src/zigbee_core_wb.c:1977:1:ZbNwkSendEdkaReq	24	static
C:/Users/Virtualiden/STM32Cube/Repository/STM32Cube_FW_WB_V1.17.2/Middlewares/ST/STM32_WPAN/zigbee/core/src/zigbee_core_wb.c:2006:1:ZbNwkCommissioningConfig	24	static
C:/Users/Virtualiden/STM32Cube/Repository/STM32Cube_FW_WB_V1.17.2/Middlewares/ST/STM32_WPAN/zigbee/core/src/zigbee_core_wb.c:2034:1:zdo_filter_cbinfo_get	16	static
C:/Users/Virtualiden/STM32Cube/Repository/STM32Cube_FW_WB_V1.17.2/Middlewares/ST/STM32_WPAN/zigbee/core/src/zigbee_core_wb.c:2049:1:zdo_filter_cbinfo_del	24	static
C:/Users/Virtualiden/STM32Cube/Repository/STM32Cube_FW_WB_V1.17.2/Middlewares/ST/STM32_WPAN/zigbee/core/src/zigbee_core_wb.c:2068:1:ZbZdoDeviceAnnceFilterRegister	40	static
C:/Users/Virtualiden/STM32Cube/Repository/STM32Cube_FW_WB_V1.17.2/Middlewares/ST/STM32_WPAN/zigbee/core/src/zigbee_core_wb.c:2103:1:ZbZdoNwkAddrReq	32	static
C:/Users/Virtualiden/STM32Cube/Repository/STM32Cube_FW_WB_V1.17.2/Middlewares/ST/STM32_WPAN/zigbee/core/src/zigbee_core_wb.c:2106:1:ZbZdoIeeeAddrReq	32	static
C:/Users/Virtualiden/STM32Cube/Repository/STM32Cube_FW_WB_V1.17.2/Middlewares/ST/STM32_WPAN/zigbee/core/src/zigbee_core_wb.c:2109:1:ZbZdoNodeDescReq	32	static
C:/Users/Virtualiden/STM32Cube/Repository/STM32Cube_FW_WB_V1.17.2/Middlewares/ST/STM32_WPAN/zigbee/core/src/zigbee_core_wb.c:2112:1:ZbZdoPowerDescReq	32	static
C:/Users/Virtualiden/STM32Cube/Repository/STM32Cube_FW_WB_V1.17.2/Middlewares/ST/STM32_WPAN/zigbee/core/src/zigbee_core_wb.c:2115:1:ZbZdoSimpleDescReq	32	static
C:/Users/Virtualiden/STM32Cube/Repository/STM32Cube_FW_WB_V1.17.2/Middlewares/ST/STM32_WPAN/zigbee/core/src/zigbee_core_wb.c:2118:1:ZbZdoActiveEpReq	32	static
C:/Users/Virtualiden/STM32Cube/Repository/STM32Cube_FW_WB_V1.17.2/Middlewares/ST/STM32_WPAN/zigbee/core/src/zigbee_core_wb.c:2121:1:ZbZdoMatchDescReq	32	static
C:/Users/Virtualiden/STM32Cube/Repository/STM32Cube_FW_WB_V1.17.2/Middlewares/ST/STM32_WPAN/zigbee/core/src/zigbee_core_wb.c:2125:1:ZbZdoMatchDescMulti	32	static
C:/Users/Virtualiden/STM32Cube/Repository/STM32Cube_FW_WB_V1.17.2/Middlewares/ST/STM32_WPAN/zigbee/core/src/zigbee_core_wb.c:2156:1:ZbZdoDeviceAnnce	24	static
C:/Users/Virtualiden/STM32Cube/Repository/STM32Cube_FW_WB_V1.17.2/Middlewares/ST/STM32_WPAN/zigbee/core/src/zigbee_core_wb.c:2157:1:ZbZdoDeviceAnnceAlias	24	static
C:/Users/Virtualiden/STM32Cube/Repository/STM32Cube_FW_WB_V1.17.2/Middlewares/ST/STM32_WPAN/zigbee/core/src/zigbee_core_wb.c:2159:1:ZbZdoBindReq	32	static
C:/Users/Virtualiden/STM32Cube/Repository/STM32Cube_FW_WB_V1.17.2/Middlewares/ST/STM32_WPAN/zigbee/core/src/zigbee_core_wb.c:2162:1:ZbZdoUnbindReq	32	static
C:/Users/Virtualiden/STM32Cube/Repository/STM32Cube_FW_WB_V1.17.2/Middlewares/ST/STM32_WPAN/zigbee/core/src/zigbee_core_wb.c:2165:1:ZbZdoLqiReq	32	static
C:/Users/Virtualiden/STM32Cube/Repository/STM32Cube_FW_WB_V1.17.2/Middlewares/ST/STM32_WPAN/zigbee/core/src/zigbee_core_wb.c:2168:1:ZbZdoRtgReq	32	static
C:/Users/Virtualiden/STM32Cube/Repository/STM32Cube_FW_WB_V1.17.2/Middlewares/ST/STM32_WPAN/zigbee/core/src/zigbee_core_wb.c:2171:1:ZbZdoMgmtBindReq	32	static
C:/Users/Virtualiden/STM32Cube/Repository/STM32Cube_FW_WB_V1.17.2/Middlewares/ST/STM32_WPAN/zigbee/core/src/zigbee_core_wb.c:2174:1:ZbZdoLeaveReq	32	static
C:/Users/Virtualiden/STM32Cube/Repository/STM32Cube_FW_WB_V1.17.2/Middlewares/ST/STM32_WPAN/zigbee/core/src/zigbee_core_wb.c:2177:1:ZbZdoPermitJoinReq	32	static
C:/Users/Virtualiden/STM32Cube/Repository/STM32Cube_FW_WB_V1.17.2/Middlewares/ST/STM32_WPAN/zigbee/core/src/zigbee_core_wb.c:2180:1:ZbZdoNwkUpdateReq	32	static
C:/Users/Virtualiden/STM32Cube/Repository/STM32Cube_FW_WB_V1.17.2/Middlewares/ST/STM32_WPAN/zigbee/core/src/zigbee_core_wb.c:2184:1:ZbZdoNwkUpdateNotifyFilterRegister	40	static
C:/Users/Virtualiden/STM32Cube/Repository/STM32Cube_FW_WB_V1.17.2/Middlewares/ST/STM32_WPAN/zigbee/core/src/zigbee_core_wb.c:2215:1:ZbZdoFilterRemove	24	static
C:/Users/Virtualiden/STM32Cube/Repository/STM32Cube_FW_WB_V1.17.2/Middlewares/ST/STM32_WPAN/zigbee/core/src/zigbee_core_wb.c:2236:1:ZbZclUptime	32	static
C:/Users/Virtualiden/STM32Cube/Repository/STM32Cube_FW_WB_V1.17.2/Middlewares/ST/STM32_WPAN/zigbee/core/src/zigbee_core_wb.c:2245:1:ZbZclDeviceLogCheckAllow	32	static
C:/Users/Virtualiden/STM32Cube/Repository/STM32Cube_FW_WB_V1.17.2/Middlewares/ST/STM32_WPAN/zigbee/core/src/zigbee_core_wb.c:2260:1:ZbZclBasicPostAlarm	24	static
C:/Users/Virtualiden/STM32Cube/Repository/STM32Cube_FW_WB_V1.17.2/Middlewares/ST/STM32_WPAN/zigbee/core/src/zigbee_core_wb.c:2275:1:ZbZclBasicServerResetCmdConfig	24	static
C:/Users/Virtualiden/STM32Cube/Repository/STM32Cube_FW_WB_V1.17.2/Middlewares/ST/STM32_WPAN/zigbee/core/src/zigbee_core_wb.c:2288:1:ZbZclBasicWriteDirect	32	static
C:/Users/Virtualiden/STM32Cube/Repository/STM32Cube_FW_WB_V1.17.2/Middlewares/ST/STM32_WPAN/zigbee/core/src/zigbee_core_wb.c:2305:1:ZbZclBasicServerConfigDefaults	24	static
C:/Users/Virtualiden/STM32Cube/Repository/STM32Cube_FW_WB_V1.17.2/Middlewares/ST/STM32_WPAN/zigbee/core/src/zigbee_core_wb.c:2318:1:ZbZclDiagServerAlloc	24	static
C:/Users/Virtualiden/STM32Cube/Repository/STM32Cube_FW_WB_V1.17.2/Middlewares/ST/STM32_WPAN/zigbee/core/src/zigbee_core_wb.c:2334:1:ZbZclAddEndpoint	32	static
C:/Users/Virtualiden/STM32Cube/Repository/STM32Cube_FW_WB_V1.17.2/Middlewares/ST/STM32_WPAN/zigbee/core/src/zigbee_core_wb.c:2348:1:ZbZclRemoveEndpoint	32	static
C:/Users/Virtualiden/STM32Cube/Repository/STM32Cube_FW_WB_V1.17.2/Middlewares/ST/STM32_WPAN/zigbee/core/src/zigbee_core_wb.c:2361:1:ZbZclReadReq	32	static
C:/Users/Virtualiden/STM32Cube/Repository/STM32Cube_FW_WB_V1.17.2/Middlewares/ST/STM32_WPAN/zigbee/core/src/zigbee_core_wb.c:2365:1:ZbZclWriteReq	32	static
C:/Users/Virtualiden/STM32Cube/Repository/STM32Cube_FW_WB_V1.17.2/Middlewares/ST/STM32_WPAN/zigbee/core/src/zigbee_core_wb.c:2387:1:ZbZclDiscoverAttrReq	32	static
C:/Users/Virtualiden/STM32Cube/Repository/STM32Cube_FW_WB_V1.17.2/Middlewares/ST/STM32_WPAN/zigbee/core/src/zigbee_core_wb.c:2392:1:ZbZclGetNextSeqnum	16	static
C:/Users/Virtualiden/STM32Cube/Repository/STM32Cube_FW_WB_V1.17.2/Middlewares/ST/STM32_WPAN/zigbee/core/src/zigbee_core_wb.c:2405:1:ZbZclCommandReq	32	static
C:/Users/Virtualiden/STM32Cube/Repository/STM32Cube_FW_WB_V1.17.2/Middlewares/ST/STM32_WPAN/zigbee/core/src/zigbee_core_wb.c:2432:1:ZbZclSendDefaultResponse	32	static
C:/Users/Virtualiden/STM32Cube/Repository/STM32Cube_FW_WB_V1.17.2/Middlewares/ST/STM32_WPAN/zigbee/core/src/zigbee_core_wb.c:2449:1:ZbZclClusterCommandReq	80	static
C:/Users/Virtualiden/STM32Cube/Repository/STM32Cube_FW_WB_V1.17.2/Middlewares/ST/STM32_WPAN/zigbee/core/src/zigbee_core_wb.c:2482:1:cluster_command_timer	72	static
C:/Users/Virtualiden/STM32Cube/Repository/STM32Cube_FW_WB_V1.17.2/Middlewares/ST/STM32_WPAN/zigbee/core/src/zigbee_core_wb.c:2505:1:ZbZclClusterCommandReqDelayed	32	static
C:/Users/Virtualiden/STM32Cube/Repository/STM32Cube_FW_WB_V1.17.2/Middlewares/ST/STM32_WPAN/zigbee/core/src/zigbee_core_wb.c:2532:1:ZbZclClusterCommandRsp	32	static
C:/Users/Virtualiden/STM32Cube/Repository/STM32Cube_FW_WB_V1.17.2/Middlewares/ST/STM32_WPAN/zigbee/core/src/zigbee_core_wb.c:2551:1:ZbZclClusterCommandRspWithCb	48	static
C:/Users/Virtualiden/STM32Cube/Repository/STM32Cube_FW_WB_V1.17.2/Middlewares/ST/STM32_WPAN/zigbee/core/src/zigbee_core_wb.c:2587:1:ZbZclSendClusterStatusResponse	32	static
C:/Users/Virtualiden/STM32Cube/Repository/STM32Cube_FW_WB_V1.17.2/Middlewares/ST/STM32_WPAN/zigbee/core/src/zigbee_core_wb.c:2608:1:ZbZclClusterEndpointRegister	24	static
C:/Users/Virtualiden/STM32Cube/Repository/STM32Cube_FW_WB_V1.17.2/Middlewares/ST/STM32_WPAN/zigbee/core/src/zigbee_core_wb.c:2624:1:ZbZclClusterEndpointRemove	24	static
C:/Users/Virtualiden/STM32Cube/Repository/STM32Cube_FW_WB_V1.17.2/Middlewares/ST/STM32_WPAN/zigbee/core/src/zigbee_core_wb.c:2640:1:ZbZclClusterBind	24	static
C:/Users/Virtualiden/STM32Cube/Repository/STM32Cube_FW_WB_V1.17.2/Middlewares/ST/STM32_WPAN/zigbee/core/src/zigbee_core_wb.c:2658:1:ZbZclClusterUnbind	24	static
C:/Users/Virtualiden/STM32Cube/Repository/STM32Cube_FW_WB_V1.17.2/Middlewares/ST/STM32_WPAN/zigbee/core/src/zigbee_core_wb.c:2671:1:ZbZclClusterReverseBind	24	static
C:/Users/Virtualiden/STM32Cube/Repository/STM32Cube_FW_WB_V1.17.2/Middlewares/ST/STM32_WPAN/zigbee/core/src/zigbee_core_wb.c:2686:1:ZbZclClusterReverseUnbind	24	static
C:/Users/Virtualiden/STM32Cube/Repository/STM32Cube_FW_WB_V1.17.2/Middlewares/ST/STM32_WPAN/zigbee/core/src/zigbee_core_wb.c:2700:1:ZbZclClusterRegisterAlarmResetHandler	24	static
C:/Users/Virtualiden/STM32Cube/Repository/STM32Cube_FW_WB_V1.17.2/Middlewares/ST/STM32_WPAN/zigbee/core/src/zigbee_core_wb.c:2720:1:ZbZclClusterRemoveAlarmResetHandler	24	static
C:/Users/Virtualiden/STM32Cube/Repository/STM32Cube_FW_WB_V1.17.2/Middlewares/ST/STM32_WPAN/zigbee/core/src/zigbee_core_wb.c:2733:1:ZbZclClusterSendAlarm	24	static
C:/Users/Virtualiden/STM32Cube/Repository/STM32Cube_FW_WB_V1.17.2/Middlewares/ST/STM32_WPAN/zigbee/core/src/zigbee_core_wb.c:2752:1:ZbZclKeWithDevice	40	static
C:/Users/Virtualiden/STM32Cube/Repository/STM32Cube_FW_WB_V1.17.2/Middlewares/ST/STM32_WPAN/zigbee/core/src/zigbee_core_wb.c:2871:1:ZbAesMmoHash	80	static
C:/Users/Virtualiden/STM32Cube/Repository/STM32Cube_FW_WB_V1.17.2/Middlewares/ST/STM32_WPAN/zigbee/core/src/zigbee_core_wb.c:2883:1:ZbHashInit	16	static
C:/Users/Virtualiden/STM32Cube/Repository/STM32Cube_FW_WB_V1.17.2/Middlewares/ST/STM32_WPAN/zigbee/core/src/zigbee_core_wb.c:2892:1:ZbHashAdd	32	static
C:/Users/Virtualiden/STM32Cube/Repository/STM32Cube_FW_WB_V1.17.2/Middlewares/ST/STM32_WPAN/zigbee/core/src/zigbee_core_wb.c:2924:1:ZbHashDigest	24	static
C:/Users/Virtualiden/STM32Cube/Repository/STM32Cube_FW_WB_V1.17.2/Middlewares/ST/STM32_WPAN/zigbee/core/src/zigbee_core_wb.c:2938:1:ZbHmacInit	32	static
C:/Users/Virtualiden/STM32Cube/Repository/STM32Cube_FW_WB_V1.17.2/Middlewares/ST/STM32_WPAN/zigbee/core/src/zigbee_core_wb.c:2969:1:ZbHmacDigest	16	static
C:/Users/Virtualiden/STM32Cube/Repository/STM32Cube_FW_WB_V1.17.2/Middlewares/ST/STM32_WPAN/zigbee/core/src/zigbee_core_wb.c:2986:1:ZbSecAddDeviceLinkKeyByKey	80	static
C:/Users/Virtualiden/STM32Cube/Repository/STM32Cube_FW_WB_V1.17.2/Middlewares/ST/STM32_WPAN/zigbee/core/src/zigbee_core_wb.c:3002:1:ZbSecAddDeviceLinkKeyByInstallCode	48	static
C:/Users/Virtualiden/STM32Cube/Repository/STM32Cube_FW_WB_V1.17.2/Middlewares/ST/STM32_WPAN/zigbee/core/src/zigbee_core_wb.c:3013:1:ZbSecKeyTransform	80	static
C:/Users/Virtualiden/STM32Cube/Repository/STM32Cube_FW_WB_V1.17.2/Middlewares/ST/STM32_WPAN/zigbee/core/src/zigbee_core_wb.c:3199:1:ZbDebugMemory	24	static
C:/Users/Virtualiden/STM32Cube/Repository/STM32Cube_FW_WB_V1.17.2/Middlewares/ST/STM32_WPAN/zigbee/core/src/zigbee_core_wb.c:3212:1:ZbDebugInfo	24	static
C:/Users/Virtualiden/STM32Cube/Repository/STM32Cube_FW_WB_V1.17.2/Middlewares/ST/STM32_WPAN/zigbee/core/src/zigbee_core_wb.c:3229:1:zb_heap_alloc	24	static
C:/Users/Virtualiden/STM32Cube/Repository/STM32Cube_FW_WB_V1.17.2/Middlewares/ST/STM32_WPAN/zigbee/core/src/zigbee_core_wb.c:3236:1:zb_heap_free	24	static
C:/Users/Virtualiden/STM32Cube/Repository/STM32Cube_FW_WB_V1.17.2/Middlewares/ST/STM32_WPAN/zigbee/core/src/zigbee_core_wb.c:3242:1:zb_ipc_get_secured_mem_info	24	static
C:/Users/Virtualiden/STM32Cube/Repository/STM32Cube_FW_WB_V1.17.2/Middlewares/ST/STM32_WPAN/zigbee/core/src/zigbee_core_wb.c:3259:1:ZbHeapAvailable	24	static
C:/Users/Virtualiden/STM32Cube/Repository/STM32Cube_FW_WB_V1.17.2/Middlewares/ST/STM32_WPAN/zigbee/core/src/zigbee_core_wb.c:3322:1:WpanCrc	32	static
C:/Users/Virtualiden/STM32Cube/Repository/STM32Cube_FW_WB_V1.17.2/Middlewares/ST/STM32_WPAN/zigbee/core/src/zigbee_core_wb.c:3356:1:Zigbee_CallBackProcessing	336	static
C:/Users/Virtualiden/STM32Cube/Repository/STM32Cube_FW_WB_V1.17.2/Middlewares/ST/STM32_WPAN/zigbee/core/src/zigbee_core_wb.c:4028:1:Zigbee_M0RequestProcessing	48	static
C:/Users/Virtualiden/STM32Cube/Repository/STM32Cube_FW_WB_V1.17.2/Middlewares/ST/STM32_WPAN/zigbee/core/src/zigbee_core_wb.c:4093:1:zb_malloc_track	24	static
C:/Users/Virtualiden/STM32Cube/Repository/STM32Cube_FW_WB_V1.17.2/Middlewares/ST/STM32_WPAN/zigbee/core/src/zigbee_core_wb.c:4119:1:zb_malloc_untrack	24	static
C:/Users/Virtualiden/STM32Cube/Repository/STM32Cube_FW_WB_V1.17.2/Middlewares/ST/STM32_WPAN/zigbee/core/src/zigbee_core_wb.c:4145:1:zb_malloc_current_sz	4	static
C:/Users/Virtualiden/STM32Cube/Repository/STM32Cube_FW_WB_V1.17.2/Middlewares/ST/STM32_WPAN/zigbee/core/src/zigbee_core_wb.c:4163:1:ZbLogPrintf	44	static
